<!doctype html public "-//w3c//dtd html 4.0 transitional//en">
<html><head>
<title>Static Call Graph - [..\Output\32_BIT.axf]</title></head>
<body><HR>
<H1>Static Call Graph for image ..\Output\32_BIT.axf</H1><HR>
<BR><P>#&#060CALLGRAPH&#062# ARM Linker, 5060061: Last Updated: Mon Dec 10 18:27:09 2018
<BR><P>
<H3>Maximum Stack Usage =       2248 bytes + Unknown(Functions without stacksize, Cycles, Untraceable Function Pointers)</H3><H3>
Call chain for Maximum Stack Depth:</H3>
AppTaskGSM &rArr; GSM_Function &rArr; IAP_UploadLog &rArr; IAP_UpdateProcess &rArr; Write_Para &rArr; FLASH_ProgramWord &rArr; FLASH_WaitForLastOperation
<P>
<H3>
Functions with no stack information
</H3><UL>
 <LI><a href="#[1df]">OS_CPU_SR_Save</a>
 <LI><a href="#[1e0]">OS_CPU_SR_Restore</a>
 <LI><a href="#[3aa]">OSStartHighRdy</a>
 <LI><a href="#[3bb]">OSCtxSw</a>
 <LI><a href="#[3a3]">OSIntCtxSw</a>
 <LI><a href="#[8]">OS_CPU_PendSVHandler</a>
</UL>
</UL>
<P>
<H3>
Mutually Recursive functions
</H3> <LI><a href="#[39]">ADC3_IRQHandler</a>&nbsp;&nbsp;&nbsp;&rArr;&nbsp;&nbsp;&nbsp;<a href="#[39]">ADC3_IRQHandler</a><BR>
 <LI><a href="#[1c1]">qsort</a>&nbsp;&nbsp;&nbsp;&rArr;&nbsp;&nbsp;&nbsp;<a href="#[1c1]">qsort</a><BR>
</UL>
<P>
<H3>
Function Pointers
</H3><UL>
 <LI><a href="#[1c]">ADC1_2_IRQHandler</a> from stm32f10x_it.o(i.ADC1_2_IRQHandler) referenced from startup_stm32f10x_hd.o(RESET)
 <LI><a href="#[39]">ADC3_IRQHandler</a> from startup_stm32f10x_hd.o(.text) referenced from startup_stm32f10x_hd.o(RESET)
 <LI><a href="#[4b]">AppSave_ReadNum</a> from app_save.o(i.AppSave_ReadNum) referenced from app_save.o(i.AppSave_InitAPI)
 <LI><a href="#[4c]">AppSave_ReadSaveDataFrame</a> from app_save.o(i.AppSave_ReadSaveDataFrame) referenced from app_save.o(i.AppSave_InitAPI)
 <LI><a href="#[6a]">AppTaskADC</a> from app.o(i.AppTaskADC) referenced from app.o(i.Task_Start)
 <LI><a href="#[6c]">AppTaskBeep</a> from app.o(i.AppTaskBeep) referenced from app.o(i.Task_Start)
 <LI><a href="#[6b]">AppTaskCOM</a> from app.o(i.AppTaskCOM) referenced from app.o(i.Task_Start)
 <LI><a href="#[66]">AppTaskDis</a> from app.o(i.AppTaskDis) referenced from app.o(i.Task_Start)
 <LI><a href="#[70]">AppTaskEasyPrint</a> from app.o(i.AppTaskEasyPrint) referenced from app.o(i.Task_Start)
 <LI><a href="#[6e]">AppTaskGSM</a> from app.o(i.AppTaskGSM) referenced from app.o(i.Task_Start)
 <LI><a href="#[67]">AppTaskKey</a> from app.o(i.AppTaskKey) referenced from app.o(i.Task_Start)
 <LI><a href="#[6d]">AppTaskLight</a> from app.o(i.AppTaskLight) referenced from app.o(i.Task_Start)
 <LI><a href="#[6f]">AppTaskPrint</a> from app.o(i.AppTaskPrint) referenced from app.o(i.Task_Start)
 <LI><a href="#[65]">AppTaskSave</a> from app.o(i.AppTaskSave) referenced from app.o(i.Task_Start)
 <LI><a href="#[69]">AppTaskState</a> from app.o(i.AppTaskState) referenced from app.o(i.Task_Start)
 <LI><a href="#[68]">AppTaskTime</a> from app.o(i.AppTaskTime) referenced from app.o(i.Task_Start)
 <LI><a href="#[4]">BusFault_Handler</a> from stm32f10x_it.o(i.BusFault_Handler) referenced from startup_stm32f10x_hd.o(RESET)
 <LI><a href="#[1f]">CAN1_RX1_IRQHandler</a> from startup_stm32f10x_hd.o(.text) referenced from startup_stm32f10x_hd.o(RESET)
 <LI><a href="#[20]">CAN1_SCE_IRQHandler</a> from startup_stm32f10x_hd.o(.text) referenced from startup_stm32f10x_hd.o(RESET)
 <LI><a href="#[4a]">Comp</a> from log_adc1.o(i.Comp) referenced from log_adc1.o(i.ADC_Get_Value)
 <LI><a href="#[71]">Comp</a> from log_temp_cal.o(i.Comp) referenced from log_temp_cal.o(i.Temp_Cal_Data_Tab_Qsort)
 <LI><a href="#[15]">DMA1_Channel1_IRQHandler</a> from startup_stm32f10x_hd.o(.text) referenced from startup_stm32f10x_hd.o(RESET)
 <LI><a href="#[16]">DMA1_Channel2_IRQHandler</a> from startup_stm32f10x_hd.o(.text) referenced from startup_stm32f10x_hd.o(RESET)
 <LI><a href="#[17]">DMA1_Channel3_IRQHandler</a> from startup_stm32f10x_hd.o(.text) referenced from startup_stm32f10x_hd.o(RESET)
 <LI><a href="#[18]">DMA1_Channel4_IRQHandler</a> from startup_stm32f10x_hd.o(.text) referenced from startup_stm32f10x_hd.o(RESET)
 <LI><a href="#[19]">DMA1_Channel5_IRQHandler</a> from startup_stm32f10x_hd.o(.text) referenced from startup_stm32f10x_hd.o(RESET)
 <LI><a href="#[1a]">DMA1_Channel6_IRQHandler</a> from startup_stm32f10x_hd.o(.text) referenced from startup_stm32f10x_hd.o(RESET)
 <LI><a href="#[1b]">DMA1_Channel7_IRQHandler</a> from startup_stm32f10x_hd.o(.text) referenced from startup_stm32f10x_hd.o(RESET)
 <LI><a href="#[42]">DMA2_Channel1_IRQHandler</a> from startup_stm32f10x_hd.o(.text) referenced from startup_stm32f10x_hd.o(RESET)
 <LI><a href="#[43]">DMA2_Channel2_IRQHandler</a> from startup_stm32f10x_hd.o(.text) referenced from startup_stm32f10x_hd.o(RESET)
 <LI><a href="#[44]">DMA2_Channel3_IRQHandler</a> from startup_stm32f10x_hd.o(.text) referenced from startup_stm32f10x_hd.o(RESET)
 <LI><a href="#[45]">DMA2_Channel4_5_IRQHandler</a> from startup_stm32f10x_hd.o(.text) referenced from startup_stm32f10x_hd.o(RESET)
 <LI><a href="#[7]">DebugMon_Handler</a> from stm32f10x_it.o(i.DebugMon_Handler) referenced from startup_stm32f10x_hd.o(RESET)
 <LI><a href="#[128]">DispMenuAamDlyCancel</a> from menualarmdelay.o(i.DispMenuAamDlyCancel) referenced from menufsm.o(.constdata)
 <LI><a href="#[124]">DispMenuAamDlyDown</a> from menualarmdelay.o(i.DispMenuAamDlyDown) referenced from menufsm.o(.constdata)
 <LI><a href="#[122]">DispMenuAamDlyInit</a> from menualarmdelay.o(i.DispMenuAamDlyInit) referenced from menufsm.o(.constdata)
 <LI><a href="#[125]">DispMenuAamDlyLeft</a> from menualarmdelay.o(i.DispMenuAamDlyLeft) referenced from menufsm.o(.constdata)
 <LI><a href="#[127]">DispMenuAamDlyOK</a> from menualarmdelay.o(i.DispMenuAamDlyOK) referenced from menufsm.o(.constdata)
 <LI><a href="#[126]">DispMenuAamDlyRight</a> from menualarmdelay.o(i.DispMenuAamDlyRight) referenced from menufsm.o(.constdata)
 <LI><a href="#[123]">DispMenuAamDlyUp</a> from menualarmdelay.o(i.DispMenuAamDlyUp) referenced from menufsm.o(.constdata)
 <LI><a href="#[13d]">DispMenuAamSaveIrlCancel</a> from menualarmsaveinterval.o(i.DispMenuAamSaveIrlCancel) referenced from menufsm.o(.constdata)
 <LI><a href="#[139]">DispMenuAamSaveIrlDown</a> from menualarmsaveinterval.o(i.DispMenuAamSaveIrlDown) referenced from menufsm.o(.constdata)
 <LI><a href="#[137]">DispMenuAamSaveIrlInit</a> from menualarmsaveinterval.o(i.DispMenuAamSaveIrlInit) referenced from menufsm.o(.constdata)
 <LI><a href="#[13a]">DispMenuAamSaveIrlLeft</a> from menualarmsaveinterval.o(i.DispMenuAamSaveIrlLeft) referenced from menufsm.o(.constdata)
 <LI><a href="#[13c]">DispMenuAamSaveIrlOK</a> from menualarmsaveinterval.o(i.DispMenuAamSaveIrlOK) referenced from menufsm.o(.constdata)
 <LI><a href="#[13b]">DispMenuAamSaveIrlRight</a> from menualarmsaveinterval.o(i.DispMenuAamSaveIrlRight) referenced from menufsm.o(.constdata)
 <LI><a href="#[138]">DispMenuAamSaveIrlUp</a> from menualarmsaveinterval.o(i.DispMenuAamSaveIrlUp) referenced from menufsm.o(.constdata)
 <LI><a href="#[9c]">DispMenuAlarmSetCancel</a> from menualarmset.o(i.DispMenuAlarmSetCancel) referenced from menufsm.o(.constdata)
 <LI><a href="#[98]">DispMenuAlarmSetDown</a> from menualarmset.o(i.DispMenuAlarmSetDown) referenced from menufsm.o(.constdata)
 <LI><a href="#[96]">DispMenuAlarmSetInit</a> from menualarmset.o(i.DispMenuAlarmSetInit) referenced from menufsm.o(.constdata)
 <LI><a href="#[99]">DispMenuAlarmSetLeft</a> from menualarmset.o(i.DispMenuAlarmSetLeft) referenced from menufsm.o(.constdata)
 <LI><a href="#[9b]">DispMenuAlarmSetOK</a> from menualarmset.o(i.DispMenuAlarmSetOK) referenced from menufsm.o(.constdata)
 <LI><a href="#[9a]">DispMenuAlarmSetRight</a> from menualarmset.o(i.DispMenuAlarmSetRight) referenced from menufsm.o(.constdata)
 <LI><a href="#[97]">DispMenuAlarmSetUp</a> from menualarmset.o(i.DispMenuAlarmSetUp) referenced from menufsm.o(.constdata)
 <LI><a href="#[17c]">DispMenuCerHtcDataCancel</a> from menuclearhistoricdata.o(i.DispMenuCerHtcDataCancel) referenced from menufsm.o(.constdata)
 <LI><a href="#[178]">DispMenuCerHtcDataDown</a> from menuclearhistoricdata.o(i.DispMenuCerHtcDataDown) referenced from menufsm.o(.constdata)
 <LI><a href="#[176]">DispMenuCerHtcDataInit</a> from menuclearhistoricdata.o(i.DispMenuCerHtcDataInit) referenced from menufsm.o(.constdata)
 <LI><a href="#[179]">DispMenuCerHtcDataLeft</a> from menuclearhistoricdata.o(i.DispMenuCerHtcDataLeft) referenced from menufsm.o(.constdata)
 <LI><a href="#[17b]">DispMenuCerHtcDataOK</a> from menuclearhistoricdata.o(i.DispMenuCerHtcDataOK) referenced from menufsm.o(.constdata)
 <LI><a href="#[17a]">DispMenuCerHtcDataRight</a> from menuclearhistoricdata.o(i.DispMenuCerHtcDataRight) referenced from menufsm.o(.constdata)
 <LI><a href="#[177]">DispMenuCerHtcDataUp</a> from menuclearhistoricdata.o(i.DispMenuCerHtcDataUp) referenced from menufsm.o(.constdata)
 <LI><a href="#[a3]">DispMenuChaTsdCancel</a> from menuchannelthreshold.o(i.DispMenuChaTsdCancel) referenced from menufsm.o(.constdata)
 <LI><a href="#[9f]">DispMenuChaTsdDown</a> from menuchannelthreshold.o(i.DispMenuChaTsdDown) referenced from menufsm.o(.constdata)
 <LI><a href="#[9d]">DispMenuChaTsdInit</a> from menuchannelthreshold.o(i.DispMenuChaTsdInit) referenced from menufsm.o(.constdata)
 <LI><a href="#[a0]">DispMenuChaTsdLeft</a> from menuchannelthreshold.o(i.DispMenuChaTsdLeft) referenced from menufsm.o(.constdata)
 <LI><a href="#[a2]">DispMenuChaTsdOK</a> from menuchannelthreshold.o(i.DispMenuChaTsdOK) referenced from menufsm.o(.constdata)
 <LI><a href="#[a1]">DispMenuChaTsdRight</a> from menuchannelthreshold.o(i.DispMenuChaTsdRight) referenced from menufsm.o(.constdata)
 <LI><a href="#[9e]">DispMenuChaTsdUp</a> from menuchannelthreshold.o(i.DispMenuChaTsdUp) referenced from menufsm.o(.constdata)
 <LI><a href="#[fe]">DispMenuCutPwrSMSAamSetCancel</a> from menucutpowersmsalarmset.o(i.DispMenuCutPwrSMSAamSetCancel) referenced from menufsm.o(.constdata)
 <LI><a href="#[fa]">DispMenuCutPwrSMSAamSetDown</a> from menucutpowersmsalarmset.o(i.DispMenuCutPwrSMSAamSetDown) referenced from menufsm.o(.constdata)
 <LI><a href="#[f8]">DispMenuCutPwrSMSAamSetInit</a> from menucutpowersmsalarmset.o(i.DispMenuCutPwrSMSAamSetInit) referenced from menufsm.o(.constdata)
 <LI><a href="#[fb]">DispMenuCutPwrSMSAamSetLeft</a> from menucutpowersmsalarmset.o(i.DispMenuCutPwrSMSAamSetLeft) referenced from menufsm.o(.constdata)
 <LI><a href="#[fd]">DispMenuCutPwrSMSAamSetOK</a> from menucutpowersmsalarmset.o(i.DispMenuCutPwrSMSAamSetOK) referenced from menufsm.o(.constdata)
 <LI><a href="#[fc]">DispMenuCutPwrSMSAamSetRight</a> from menucutpowersmsalarmset.o(i.DispMenuCutPwrSMSAamSetRight) referenced from menufsm.o(.constdata)
 <LI><a href="#[f9]">DispMenuCutPwrSMSAamSetUp</a> from menucutpowersmsalarmset.o(i.DispMenuCutPwrSMSAamSetUp) referenced from menufsm.o(.constdata)
 <LI><a href="#[d4]">DispMenuCutPwrSudLgtAamSetCancel</a> from menucutpowersoundlightalarmset.o(i.DispMenuCutPwrSudLgtAamSetCancel) referenced from menufsm.o(.constdata)
 <LI><a href="#[d0]">DispMenuCutPwrSudLgtAamSetDown</a> from menucutpowersoundlightalarmset.o(i.DispMenuCutPwrSudLgtAamSetDown) referenced from menufsm.o(.constdata)
 <LI><a href="#[ce]">DispMenuCutPwrSudLgtAamSetInit</a> from menucutpowersoundlightalarmset.o(i.DispMenuCutPwrSudLgtAamSetInit) referenced from menufsm.o(.constdata)
 <LI><a href="#[d1]">DispMenuCutPwrSudLgtAamSetLeft</a> from menucutpowersoundlightalarmset.o(i.DispMenuCutPwrSudLgtAamSetLeft) referenced from menufsm.o(.constdata)
 <LI><a href="#[d3]">DispMenuCutPwrSudLgtAamSetOK</a> from menucutpowersoundlightalarmset.o(i.DispMenuCutPwrSudLgtAamSetOK) referenced from menufsm.o(.constdata)
 <LI><a href="#[d2]">DispMenuCutPwrSudLgtAamSetRight</a> from menucutpowersoundlightalarmset.o(i.DispMenuCutPwrSudLgtAamSetRight) referenced from menufsm.o(.constdata)
 <LI><a href="#[cf]">DispMenuCutPwrSudLgtAamSetUp</a> from menucutpowersoundlightalarmset.o(i.DispMenuCutPwrSudLgtAamSetUp) referenced from menufsm.o(.constdata)
 <LI><a href="#[7a]">DispMenuDeskTop</a> from menudesktop.o(i.DispMenuDeskTop) referenced from menufsm.o(.constdata)
 <LI><a href="#[80]">DispMenuDeskTopCancel</a> from menudesktop.o(i.DispMenuDeskTopCancel) referenced from menufsm.o(.constdata)
 <LI><a href="#[7c]">DispMenuDeskTopDown</a> from menudesktop.o(i.DispMenuDeskTopDown) referenced from menufsm.o(.constdata)
 <LI><a href="#[7d]">DispMenuDeskTopLeft</a> from menudesktop.o(i.DispMenuDeskTopLeft) referenced from menufsm.o(.constdata)
 <LI><a href="#[7f]">DispMenuDeskTopOK</a> from menudesktop.o(i.DispMenuDeskTopOK) referenced from menufsm.o(.constdata)
 <LI><a href="#[7e]">DispMenuDeskTopRight</a> from menudesktop.o(i.DispMenuDeskTopRight) referenced from menufsm.o(.constdata)
 <LI><a href="#[7b]">DispMenuDeskTopUp</a> from menudesktop.o(i.DispMenuDeskTopUp) referenced from menufsm.o(.constdata)
 <LI><a href="#[191]">DispMenuFweUreCancel</a> from menufirmwareurerade.o(i.DispMenuFweUreCancel) referenced from menufsm.o(.constdata)
 <LI><a href="#[18d]">DispMenuFweUreDown</a> from menufirmwareurerade.o(i.DispMenuFweUreDown) referenced from menufsm.o(.constdata)
 <LI><a href="#[18b]">DispMenuFweUreInit</a> from menufirmwareurerade.o(i.DispMenuFweUreInit) referenced from menufsm.o(.constdata)
 <LI><a href="#[18e]">DispMenuFweUreLeft</a> from menufirmwareurerade.o(i.DispMenuFweUreLeft) referenced from menufsm.o(.constdata)
 <LI><a href="#[190]">DispMenuFweUreOK</a> from menufirmwareurerade.o(i.DispMenuFweUreOK) referenced from menufsm.o(.constdata)
 <LI><a href="#[18f]">DispMenuFweUreRight</a> from menufirmwareurerade.o(i.DispMenuFweUreRight) referenced from menufsm.o(.constdata)
 <LI><a href="#[18c]">DispMenuFweUreUp</a> from menufirmwareurerade.o(i.DispMenuFweUreUp) referenced from menufsm.o(.constdata)
 <LI><a href="#[18a]">DispMenuGsmDebugCancel</a> from menugsmdebug.o(i.DispMenuGsmDebugCancel) referenced from menufsm.o(.constdata)
 <LI><a href="#[186]">DispMenuGsmDebugDown</a> from menugsmdebug.o(i.DispMenuGsmDebugDown) referenced from menufsm.o(.constdata)
 <LI><a href="#[184]">DispMenuGsmDebugInit</a> from menugsmdebug.o(i.DispMenuGsmDebugInit) referenced from menufsm.o(.constdata)
 <LI><a href="#[187]">DispMenuGsmDebugLeft</a> from menugsmdebug.o(i.DispMenuGsmDebugLeft) referenced from menufsm.o(.constdata)
 <LI><a href="#[189]">DispMenuGsmDebugOK</a> from menugsmdebug.o(i.DispMenuGsmDebugOK) referenced from menufsm.o(.constdata)
 <LI><a href="#[188]">DispMenuGsmDebugRight</a> from menugsmdebug.o(i.DispMenuGsmDebugRight) referenced from menufsm.o(.constdata)
 <LI><a href="#[185]">DispMenuGsmDebugUp</a> from menugsmdebug.o(i.DispMenuGsmDebugUp) referenced from menufsm.o(.constdata)
 <LI><a href="#[87]">DispMenuIcoCancel</a> from menuico.o(i.DispMenuIcoCancel) referenced from menufsm.o(.constdata)
 <LI><a href="#[83]">DispMenuIcoDown</a> from menuico.o(i.DispMenuIcoDown) referenced from menufsm.o(.constdata)
 <LI><a href="#[81]">DispMenuIcoInit</a> from menuico.o(i.DispMenuIcoInit) referenced from menufsm.o(.constdata)
 <LI><a href="#[84]">DispMenuIcoLeft</a> from menuico.o(i.DispMenuIcoLeft) referenced from menufsm.o(.constdata)
 <LI><a href="#[86]">DispMenuIcoOK</a> from menuico.o(i.DispMenuIcoOK) referenced from menufsm.o(.constdata)
 <LI><a href="#[85]">DispMenuIcoRight</a> from menuico.o(i.DispMenuIcoRight) referenced from menufsm.o(.constdata)
 <LI><a href="#[82]">DispMenuIcoUp</a> from menuico.o(i.DispMenuIcoUp) referenced from menufsm.o(.constdata)
 <LI><a href="#[175]">DispMenuItuIDCancel</a> from menuinstruid.o(i.DispMenuItuIDCancel) referenced from menufsm.o(.constdata)
 <LI><a href="#[171]">DispMenuItuIDDown</a> from menuinstruid.o(i.DispMenuItuIDDown) referenced from menufsm.o(.constdata)
 <LI><a href="#[16f]">DispMenuItuIDInit</a> from menuinstruid.o(i.DispMenuItuIDInit) referenced from menufsm.o(.constdata)
 <LI><a href="#[172]">DispMenuItuIDLeft</a> from menuinstruid.o(i.DispMenuItuIDLeft) referenced from menufsm.o(.constdata)
 <LI><a href="#[174]">DispMenuItuIDOK</a> from menuinstruid.o(i.DispMenuItuIDOK) referenced from menufsm.o(.constdata)
 <LI><a href="#[173]">DispMenuItuIDRight</a> from menuinstruid.o(i.DispMenuItuIDRight) referenced from menufsm.o(.constdata)
 <LI><a href="#[170]">DispMenuItuIDUp</a> from menuinstruid.o(i.DispMenuItuIDUp) referenced from menufsm.o(.constdata)
 <LI><a href="#[f7]">DispMenuLowPwrSMSAamSetCancel</a> from menulowpowersmsalarmset.o(i.DispMenuLowPwrSMSAamSetCancel) referenced from menufsm.o(.constdata)
 <LI><a href="#[f3]">DispMenuLowPwrSMSAamSetDown</a> from menulowpowersmsalarmset.o(i.DispMenuLowPwrSMSAamSetDown) referenced from menufsm.o(.constdata)
 <LI><a href="#[f1]">DispMenuLowPwrSMSAamSetInit</a> from menulowpowersmsalarmset.o(i.DispMenuLowPwrSMSAamSetInit) referenced from menufsm.o(.constdata)
 <LI><a href="#[f4]">DispMenuLowPwrSMSAamSetLeft</a> from menulowpowersmsalarmset.o(i.DispMenuLowPwrSMSAamSetLeft) referenced from menufsm.o(.constdata)
 <LI><a href="#[f6]">DispMenuLowPwrSMSAamSetOK</a> from menulowpowersmsalarmset.o(i.DispMenuLowPwrSMSAamSetOK) referenced from menufsm.o(.constdata)
 <LI><a href="#[f5]">DispMenuLowPwrSMSAamSetRight</a> from menulowpowersmsalarmset.o(i.DispMenuLowPwrSMSAamSetRight) referenced from menufsm.o(.constdata)
 <LI><a href="#[f2]">DispMenuLowPwrSMSAamSetUp</a> from menulowpowersmsalarmset.o(i.DispMenuLowPwrSMSAamSetUp) referenced from menufsm.o(.constdata)
 <LI><a href="#[cd]">DispMenuLowPwrSudLgtAamSetCancel</a> from menulowpowersoundlightalarmset.o(i.DispMenuLowPwrSudLgtAamSetCancel) referenced from menufsm.o(.constdata)
 <LI><a href="#[c9]">DispMenuLowPwrSudLgtAamSetDown</a> from menulowpowersoundlightalarmset.o(i.DispMenuLowPwrSudLgtAamSetDown) referenced from menufsm.o(.constdata)
 <LI><a href="#[c7]">DispMenuLowPwrSudLgtAamSetInit</a> from menulowpowersoundlightalarmset.o(i.DispMenuLowPwrSudLgtAamSetInit) referenced from menufsm.o(.constdata)
 <LI><a href="#[ca]">DispMenuLowPwrSudLgtAamSetLeft</a> from menulowpowersoundlightalarmset.o(i.DispMenuLowPwrSudLgtAamSetLeft) referenced from menufsm.o(.constdata)
 <LI><a href="#[cc]">DispMenuLowPwrSudLgtAamSetOK</a> from menulowpowersoundlightalarmset.o(i.DispMenuLowPwrSudLgtAamSetOK) referenced from menufsm.o(.constdata)
 <LI><a href="#[cb]">DispMenuLowPwrSudLgtAamSetRight</a> from menulowpowersoundlightalarmset.o(i.DispMenuLowPwrSudLgtAamSetRight) referenced from menufsm.o(.constdata)
 <LI><a href="#[c8]">DispMenuLowPwrSudLgtAamSetUp</a> from menulowpowersoundlightalarmset.o(i.DispMenuLowPwrSudLgtAamSetUp) referenced from menufsm.o(.constdata)
 <LI><a href="#[136]">DispMenuNmlSaveIrlCancel</a> from menunormalsaveinterval.o(i.DispMenuNmlSaveIrlCancel) referenced from menufsm.o(.constdata)
 <LI><a href="#[132]">DispMenuNmlSaveIrlDown</a> from menunormalsaveinterval.o(i.DispMenuNmlSaveIrlDown) referenced from menufsm.o(.constdata)
 <LI><a href="#[130]">DispMenuNmlSaveIrlInit</a> from menunormalsaveinterval.o(i.DispMenuNmlSaveIrlInit) referenced from menufsm.o(.constdata)
 <LI><a href="#[133]">DispMenuNmlSaveIrlLeft</a> from menunormalsaveinterval.o(i.DispMenuNmlSaveIrlLeft) referenced from menufsm.o(.constdata)
 <LI><a href="#[135]">DispMenuNmlSaveIrlOK</a> from menunormalsaveinterval.o(i.DispMenuNmlSaveIrlOK) referenced from menufsm.o(.constdata)
 <LI><a href="#[134]">DispMenuNmlSaveIrlRight</a> from menunormalsaveinterval.o(i.DispMenuNmlSaveIrlRight) referenced from menufsm.o(.constdata)
 <LI><a href="#[131]">DispMenuNmlSaveIrlUp</a> from menunormalsaveinterval.o(i.DispMenuNmlSaveIrlUp) referenced from menufsm.o(.constdata)
 <LI><a href="#[144]">DispMenuNwkParaCancel</a> from menunetworkparaindex.o(i.DispMenuNwkParaCancel) referenced from menufsm.o(.constdata)
 <LI><a href="#[140]">DispMenuNwkParaDown</a> from menunetworkparaindex.o(i.DispMenuNwkParaDown) referenced from menufsm.o(.constdata)
 <LI><a href="#[13e]">DispMenuNwkParaInit</a> from menunetworkparaindex.o(i.DispMenuNwkParaInit) referenced from menufsm.o(.constdata)
 <LI><a href="#[141]">DispMenuNwkParaLeft</a> from menunetworkparaindex.o(i.DispMenuNwkParaLeft) referenced from menufsm.o(.constdata)
 <LI><a href="#[143]">DispMenuNwkParaOK</a> from menunetworkparaindex.o(i.DispMenuNwkParaOK) referenced from menufsm.o(.constdata)
 <LI><a href="#[142]">DispMenuNwkParaRight</a> from menunetworkparaindex.o(i.DispMenuNwkParaRight) referenced from menufsm.o(.constdata)
 <LI><a href="#[13f]">DispMenuNwkParaUp</a> from menunetworkparaindex.o(i.DispMenuNwkParaUp) referenced from menufsm.o(.constdata)
 <LI><a href="#[1b4]">DispMenuPitDataCancel</a> from menuprintdata.o(i.DispMenuPitDataCancel) referenced from menufsm.o(.constdata)
 <LI><a href="#[1b0]">DispMenuPitDataDown</a> from menuprintdata.o(i.DispMenuPitDataDown) referenced from menufsm.o(.constdata)
 <LI><a href="#[1ae]">DispMenuPitDataInit</a> from menuprintdata.o(i.DispMenuPitDataInit) referenced from menufsm.o(.constdata)
 <LI><a href="#[1b1]">DispMenuPitDataLeft</a> from menuprintdata.o(i.DispMenuPitDataLeft) referenced from menufsm.o(.constdata)
 <LI><a href="#[1b3]">DispMenuPitDataOK</a> from menuprintdata.o(i.DispMenuPitDataOK) referenced from menufsm.o(.constdata)
 <LI><a href="#[1b2]">DispMenuPitDataRight</a> from menuprintdata.o(i.DispMenuPitDataRight) referenced from menufsm.o(.constdata)
 <LI><a href="#[1af]">DispMenuPitDataUp</a> from menuprintdata.o(i.DispMenuPitDataUp) referenced from menufsm.o(.constdata)
 <LI><a href="#[1a6]">DispMenuPitEndTimeSetCancel</a> from menuprintendtimeset.o(i.DispMenuPitEndTimeSetCancel) referenced from menufsm.o(.constdata)
 <LI><a href="#[1a2]">DispMenuPitEndTimeSetDown</a> from menuprintendtimeset.o(i.DispMenuPitEndTimeSetDown) referenced from menufsm.o(.constdata)
 <LI><a href="#[1a0]">DispMenuPitEndTimeSetInit</a> from menuprintendtimeset.o(i.DispMenuPitEndTimeSetInit) referenced from menufsm.o(.constdata)
 <LI><a href="#[1a3]">DispMenuPitEndTimeSetLeft</a> from menuprintendtimeset.o(i.DispMenuPitEndTimeSetLeft) referenced from menufsm.o(.constdata)
 <LI><a href="#[1a5]">DispMenuPitEndTimeSetOK</a> from menuprintendtimeset.o(i.DispMenuPitEndTimeSetOK) referenced from menufsm.o(.constdata)
 <LI><a href="#[1a4]">DispMenuPitEndTimeSetRight</a> from menuprintendtimeset.o(i.DispMenuPitEndTimeSetRight) referenced from menufsm.o(.constdata)
 <LI><a href="#[1a1]">DispMenuPitEndTimeSetUp</a> from menuprintendtimeset.o(i.DispMenuPitEndTimeSetUp) referenced from menufsm.o(.constdata)
 <LI><a href="#[19f]">DispMenuPitSatTimeSetCancel</a> from menuprintstarttimeset.o(i.DispMenuPitSatTimeSetCancel) referenced from menufsm.o(.constdata)
 <LI><a href="#[19b]">DispMenuPitSatTimeSetDown</a> from menuprintstarttimeset.o(i.DispMenuPitSatTimeSetDown) referenced from menufsm.o(.constdata)
 <LI><a href="#[199]">DispMenuPitSatTimeSetInit</a> from menuprintstarttimeset.o(i.DispMenuPitSatTimeSetInit) referenced from menufsm.o(.constdata)
 <LI><a href="#[19c]">DispMenuPitSatTimeSetLeft</a> from menuprintstarttimeset.o(i.DispMenuPitSatTimeSetLeft) referenced from menufsm.o(.constdata)
 <LI><a href="#[19e]">DispMenuPitSatTimeSetOK</a> from menuprintstarttimeset.o(i.DispMenuPitSatTimeSetOK) referenced from menufsm.o(.constdata)
 <LI><a href="#[19d]">DispMenuPitSatTimeSetRight</a> from menuprintstarttimeset.o(i.DispMenuPitSatTimeSetRight) referenced from menufsm.o(.constdata)
 <LI><a href="#[19a]">DispMenuPitSatTimeSetUp</a> from menuprintstarttimeset.o(i.DispMenuPitSatTimeSetUp) referenced from menufsm.o(.constdata)
 <LI><a href="#[198]">DispMenuPitSetCancel</a> from menuprintset.o(i.DispMenuPitSetCancel) referenced from menufsm.o(.constdata)
 <LI><a href="#[194]">DispMenuPitSetDown</a> from menuprintset.o(i.DispMenuPitSetDown) referenced from menufsm.o(.constdata)
 <LI><a href="#[192]">DispMenuPitSetInit</a> from menuprintset.o(i.DispMenuPitSetInit) referenced from menufsm.o(.constdata)
 <LI><a href="#[195]">DispMenuPitSetLeft</a> from menuprintset.o(i.DispMenuPitSetLeft) referenced from menufsm.o(.constdata)
 <LI><a href="#[197]">DispMenuPitSetOK</a> from menuprintset.o(i.DispMenuPitSetOK) referenced from menufsm.o(.constdata)
 <LI><a href="#[196]">DispMenuPitSetRight</a> from menuprintset.o(i.DispMenuPitSetRight) referenced from menufsm.o(.constdata)
 <LI><a href="#[193]">DispMenuPitSetUp</a> from menuprintset.o(i.DispMenuPitSetUp) referenced from menufsm.o(.constdata)
 <LI><a href="#[1ad]">DispMenuPitTimeIrlSetCancel</a> from menuprinttimeintervalsetindex.o(i.DispMenuPitTimeIrlSetCancel) referenced from menufsm.o(.constdata)
 <LI><a href="#[1a9]">DispMenuPitTimeIrlSetDown</a> from menuprinttimeintervalsetindex.o(i.DispMenuPitTimeIrlSetDown) referenced from menufsm.o(.constdata)
 <LI><a href="#[1a7]">DispMenuPitTimeIrlSetInit</a> from menuprinttimeintervalsetindex.o(i.DispMenuPitTimeIrlSetInit) referenced from menufsm.o(.constdata)
 <LI><a href="#[1aa]">DispMenuPitTimeIrlSetLeft</a> from menuprinttimeintervalsetindex.o(i.DispMenuPitTimeIrlSetLeft) referenced from menufsm.o(.constdata)
 <LI><a href="#[1ac]">DispMenuPitTimeIrlSetOK</a> from menuprinttimeintervalsetindex.o(i.DispMenuPitTimeIrlSetOK) referenced from menufsm.o(.constdata)
 <LI><a href="#[1ab]">DispMenuPitTimeIrlSetRight</a> from menuprinttimeintervalsetindex.o(i.DispMenuPitTimeIrlSetRight) referenced from menufsm.o(.constdata)
 <LI><a href="#[1a8]">DispMenuPitTimeIrlSetUp</a> from menuprinttimeintervalsetindex.o(i.DispMenuPitTimeIrlSetUp) referenced from menufsm.o(.constdata)
 <LI><a href="#[183]">DispMenuRteFtySetCancel</a> from menurestorefactoryset.o(i.DispMenuRteFtySetCancel) referenced from menufsm.o(.constdata)
 <LI><a href="#[17f]">DispMenuRteFtySetDown</a> from menurestorefactoryset.o(i.DispMenuRteFtySetDown) referenced from menufsm.o(.constdata)
 <LI><a href="#[17d]">DispMenuRteFtySetInit</a> from menurestorefactoryset.o(i.DispMenuRteFtySetInit) referenced from menufsm.o(.constdata)
 <LI><a href="#[180]">DispMenuRteFtySetLeft</a> from menurestorefactoryset.o(i.DispMenuRteFtySetLeft) referenced from menufsm.o(.constdata)
 <LI><a href="#[182]">DispMenuRteFtySetOK</a> from menurestorefactoryset.o(i.DispMenuRteFtySetOK) referenced from menufsm.o(.constdata)
 <LI><a href="#[181]">DispMenuRteFtySetRight</a> from menurestorefactoryset.o(i.DispMenuRteFtySetRight) referenced from menufsm.o(.constdata)
 <LI><a href="#[17e]">DispMenuRteFtySetUp</a> from menurestorefactoryset.o(i.DispMenuRteFtySetUp) referenced from menufsm.o(.constdata)
 <LI><a href="#[12f]">DispMenuRunParaCancel</a> from menurunpara.o(i.DispMenuRunParaCancel) referenced from menufsm.o(.constdata)
 <LI><a href="#[12b]">DispMenuRunParaDown</a> from menurunpara.o(i.DispMenuRunParaDown) referenced from menufsm.o(.constdata)
 <LI><a href="#[129]">DispMenuRunParaInit</a> from menurunpara.o(i.DispMenuRunParaInit) referenced from menufsm.o(.constdata)
 <LI><a href="#[12c]">DispMenuRunParaLeft</a> from menurunpara.o(i.DispMenuRunParaLeft) referenced from menufsm.o(.constdata)
 <LI><a href="#[12e]">DispMenuRunParaOK</a> from menurunpara.o(i.DispMenuRunParaOK) referenced from menufsm.o(.constdata)
 <LI><a href="#[12d]">DispMenuRunParaRight</a> from menurunpara.o(i.DispMenuRunParaRight) referenced from menufsm.o(.constdata)
 <LI><a href="#[12a]">DispMenuRunParaUp</a> from menurunpara.o(i.DispMenuRunParaUp) referenced from menufsm.o(.constdata)
 <LI><a href="#[e9]">DispMenuSMSAamCancel</a> from menusmsalarm.o(i.DispMenuSMSAamCancel) referenced from menufsm.o(.constdata)
 <LI><a href="#[105]">DispMenuSMSAamChaSecCancel</a> from menusmsalarmchannelselect.o(i.DispMenuSMSAamChaSecCancel) referenced from menufsm.o(.constdata)
 <LI><a href="#[101]">DispMenuSMSAamChaSecDown</a> from menusmsalarmchannelselect.o(i.DispMenuSMSAamChaSecDown) referenced from menufsm.o(.constdata)
 <LI><a href="#[ff]">DispMenuSMSAamChaSecInit</a> from menusmsalarmchannelselect.o(i.DispMenuSMSAamChaSecInit) referenced from menufsm.o(.constdata)
 <LI><a href="#[102]">DispMenuSMSAamChaSecLeft</a> from menusmsalarmchannelselect.o(i.DispMenuSMSAamChaSecLeft) referenced from menufsm.o(.constdata)
 <LI><a href="#[104]">DispMenuSMSAamChaSecOK</a> from menusmsalarmchannelselect.o(i.DispMenuSMSAamChaSecOK) referenced from menufsm.o(.constdata)
 <LI><a href="#[103]">DispMenuSMSAamChaSecRight</a> from menusmsalarmchannelselect.o(i.DispMenuSMSAamChaSecRight) referenced from menufsm.o(.constdata)
 <LI><a href="#[100]">DispMenuSMSAamChaSecUp</a> from menusmsalarmchannelselect.o(i.DispMenuSMSAamChaSecUp) referenced from menufsm.o(.constdata)
 <LI><a href="#[e5]">DispMenuSMSAamDown</a> from menusmsalarm.o(i.DispMenuSMSAamDown) referenced from menufsm.o(.constdata)
 <LI><a href="#[e3]">DispMenuSMSAamInit</a> from menusmsalarm.o(i.DispMenuSMSAamInit) referenced from menufsm.o(.constdata)
 <LI><a href="#[e6]">DispMenuSMSAamLeft</a> from menusmsalarm.o(i.DispMenuSMSAamLeft) referenced from menufsm.o(.constdata)
 <LI><a href="#[f0]">DispMenuSMSAamMtrSthSetCancel</a> from menusmsalarmmasterswitchset.o(i.DispMenuSMSAamMtrSthSetCancel) referenced from menufsm.o(.constdata)
 <LI><a href="#[ec]">DispMenuSMSAamMtrSthSetDown</a> from menusmsalarmmasterswitchset.o(i.DispMenuSMSAamMtrSthSetDown) referenced from menufsm.o(.constdata)
 <LI><a href="#[ea]">DispMenuSMSAamMtrSthSetInit</a> from menusmsalarmmasterswitchset.o(i.DispMenuSMSAamMtrSthSetInit) referenced from menufsm.o(.constdata)
 <LI><a href="#[ed]">DispMenuSMSAamMtrSthSetLeft</a> from menusmsalarmmasterswitchset.o(i.DispMenuSMSAamMtrSthSetLeft) referenced from menufsm.o(.constdata)
 <LI><a href="#[ef]">DispMenuSMSAamMtrSthSetOK</a> from menusmsalarmmasterswitchset.o(i.DispMenuSMSAamMtrSthSetOK) referenced from menufsm.o(.constdata)
 <LI><a href="#[ee]">DispMenuSMSAamMtrSthSetRight</a> from menusmsalarmmasterswitchset.o(i.DispMenuSMSAamMtrSthSetRight) referenced from menufsm.o(.constdata)
 <LI><a href="#[eb]">DispMenuSMSAamMtrSthSetUp</a> from menusmsalarmmasterswitchset.o(i.DispMenuSMSAamMtrSthSetUp) referenced from menufsm.o(.constdata)
 <LI><a href="#[e8]">DispMenuSMSAamOK</a> from menusmsalarm.o(i.DispMenuSMSAamOK) referenced from menufsm.o(.constdata)
 <LI><a href="#[113]">DispMenuSMSAamPoeNOCancel</a> from menusmsalarmphoneno.o(i.DispMenuSMSAamPoeNOCancel) referenced from menufsm.o(.constdata)
 <LI><a href="#[10f]">DispMenuSMSAamPoeNODown</a> from menusmsalarmphoneno.o(i.DispMenuSMSAamPoeNODown) referenced from menufsm.o(.constdata)
 <LI><a href="#[10d]">DispMenuSMSAamPoeNOInit</a> from menusmsalarmphoneno.o(i.DispMenuSMSAamPoeNOInit) referenced from menufsm.o(.constdata)
 <LI><a href="#[110]">DispMenuSMSAamPoeNOLeft</a> from menusmsalarmphoneno.o(i.DispMenuSMSAamPoeNOLeft) referenced from menufsm.o(.constdata)
 <LI><a href="#[112]">DispMenuSMSAamPoeNOOK</a> from menusmsalarmphoneno.o(i.DispMenuSMSAamPoeNOOK) referenced from menufsm.o(.constdata)
 <LI><a href="#[111]">DispMenuSMSAamPoeNORight</a> from menusmsalarmphoneno.o(i.DispMenuSMSAamPoeNORight) referenced from menufsm.o(.constdata)
 <LI><a href="#[11a]">DispMenuSMSAamPoeNOSetCancel</a> from menusmsalarmphonenoset.o(i.DispMenuSMSAamPoeNOSetCancel) referenced from menufsm.o(.constdata)
 <LI><a href="#[116]">DispMenuSMSAamPoeNOSetDown</a> from menusmsalarmphonenoset.o(i.DispMenuSMSAamPoeNOSetDown) referenced from menufsm.o(.constdata)
 <LI><a href="#[114]">DispMenuSMSAamPoeNOSetInit</a> from menusmsalarmphonenoset.o(i.DispMenuSMSAamPoeNOSetInit) referenced from menufsm.o(.constdata)
 <LI><a href="#[117]">DispMenuSMSAamPoeNOSetLeft</a> from menusmsalarmphonenoset.o(i.DispMenuSMSAamPoeNOSetLeft) referenced from menufsm.o(.constdata)
 <LI><a href="#[119]">DispMenuSMSAamPoeNOSetOK</a> from menusmsalarmphonenoset.o(i.DispMenuSMSAamPoeNOSetOK) referenced from menufsm.o(.constdata)
 <LI><a href="#[118]">DispMenuSMSAamPoeNOSetRight</a> from menusmsalarmphonenoset.o(i.DispMenuSMSAamPoeNOSetRight) referenced from menufsm.o(.constdata)
 <LI><a href="#[115]">DispMenuSMSAamPoeNOSetUp</a> from menusmsalarmphonenoset.o(i.DispMenuSMSAamPoeNOSetUp) referenced from menufsm.o(.constdata)
 <LI><a href="#[10e]">DispMenuSMSAamPoeNOUp</a> from menusmsalarmphoneno.o(i.DispMenuSMSAamPoeNOUp) referenced from menufsm.o(.constdata)
 <LI><a href="#[e7]">DispMenuSMSAamRight</a> from menusmsalarm.o(i.DispMenuSMSAamRight) referenced from menufsm.o(.constdata)
 <LI><a href="#[121]">DispMenuSMSAamRptIrlCancel</a> from menusmsalarmrepeatinterval.o(i.DispMenuSMSAamRptIrlCancel) referenced from menufsm.o(.constdata)
 <LI><a href="#[11d]">DispMenuSMSAamRptIrlDown</a> from menusmsalarmrepeatinterval.o(i.DispMenuSMSAamRptIrlDown) referenced from menufsm.o(.constdata)
 <LI><a href="#[11b]">DispMenuSMSAamRptIrlInit</a> from menusmsalarmrepeatinterval.o(i.DispMenuSMSAamRptIrlInit) referenced from menufsm.o(.constdata)
 <LI><a href="#[11e]">DispMenuSMSAamRptIrlLeft</a> from menusmsalarmrepeatinterval.o(i.DispMenuSMSAamRptIrlLeft) referenced from menufsm.o(.constdata)
 <LI><a href="#[120]">DispMenuSMSAamRptIrlOK</a> from menusmsalarmrepeatinterval.o(i.DispMenuSMSAamRptIrlOK) referenced from menufsm.o(.constdata)
 <LI><a href="#[11f]">DispMenuSMSAamRptIrlRight</a> from menusmsalarmrepeatinterval.o(i.DispMenuSMSAamRptIrlRight) referenced from menufsm.o(.constdata)
 <LI><a href="#[11c]">DispMenuSMSAamRptIrlUp</a> from menusmsalarmrepeatinterval.o(i.DispMenuSMSAamRptIrlUp) referenced from menufsm.o(.constdata)
 <LI><a href="#[10c]">DispMenuSMSAamSetCancel</a> from menusmsalarmset.o(i.DispMenuSMSAamSetCancel) referenced from menufsm.o(.constdata)
 <LI><a href="#[108]">DispMenuSMSAamSetDown</a> from menusmsalarmset.o(i.DispMenuSMSAamSetDown) referenced from menufsm.o(.constdata)
 <LI><a href="#[106]">DispMenuSMSAamSetInit</a> from menusmsalarmset.o(i.DispMenuSMSAamSetInit) referenced from menufsm.o(.constdata)
 <LI><a href="#[109]">DispMenuSMSAamSetLeft</a> from menusmsalarmset.o(i.DispMenuSMSAamSetLeft) referenced from menufsm.o(.constdata)
 <LI><a href="#[10b]">DispMenuSMSAamSetOK</a> from menusmsalarmset.o(i.DispMenuSMSAamSetOK) referenced from menufsm.o(.constdata)
 <LI><a href="#[10a]">DispMenuSMSAamSetRight</a> from menusmsalarmset.o(i.DispMenuSMSAamSetRight) referenced from menufsm.o(.constdata)
 <LI><a href="#[107]">DispMenuSMSAamSetUp</a> from menusmsalarmset.o(i.DispMenuSMSAamSetUp) referenced from menufsm.o(.constdata)
 <LI><a href="#[e4]">DispMenuSMSAamUp</a> from menusmsalarm.o(i.DispMenuSMSAamUp) referenced from menufsm.o(.constdata)
 <LI><a href="#[b8]">DispMenuSenLowLitSetCancel</a> from menusenlowlitset.o(i.DispMenuSenLowLitSetCancel) referenced from menufsm.o(.constdata)
 <LI><a href="#[b4]">DispMenuSenLowLitSetDown</a> from menusenlowlitset.o(i.DispMenuSenLowLitSetDown) referenced from menufsm.o(.constdata)
 <LI><a href="#[b2]">DispMenuSenLowLitSetInit</a> from menusenlowlitset.o(i.DispMenuSenLowLitSetInit) referenced from menufsm.o(.constdata)
 <LI><a href="#[b5]">DispMenuSenLowLitSetLeft</a> from menusenlowlitset.o(i.DispMenuSenLowLitSetLeft) referenced from menufsm.o(.constdata)
 <LI><a href="#[b7]">DispMenuSenLowLitSetOK</a> from menusenlowlitset.o(i.DispMenuSenLowLitSetOK) referenced from menufsm.o(.constdata)
 <LI><a href="#[b6]">DispMenuSenLowLitSetRight</a> from menusenlowlitset.o(i.DispMenuSenLowLitSetRight) referenced from menufsm.o(.constdata)
 <LI><a href="#[b3]">DispMenuSenLowLitSetUp</a> from menusenlowlitset.o(i.DispMenuSenLowLitSetUp) referenced from menufsm.o(.constdata)
 <LI><a href="#[b1]">DispMenuSenUpLitSetCancel</a> from menusenuplitset.o(i.DispMenuSenUpLitSetCancel) referenced from menufsm.o(.constdata)
 <LI><a href="#[ad]">DispMenuSenUpLitSetDown</a> from menusenuplitset.o(i.DispMenuSenUpLitSetDown) referenced from menufsm.o(.constdata)
 <LI><a href="#[ab]">DispMenuSenUpLitSetInit</a> from menusenuplitset.o(i.DispMenuSenUpLitSetInit) referenced from menufsm.o(.constdata)
 <LI><a href="#[ae]">DispMenuSenUpLitSetLeft</a> from menusenuplitset.o(i.DispMenuSenUpLitSetLeft) referenced from menufsm.o(.constdata)
 <LI><a href="#[b0]">DispMenuSenUpLitSetOK</a> from menusenuplitset.o(i.DispMenuSenUpLitSetOK) referenced from menufsm.o(.constdata)
 <LI><a href="#[af]">DispMenuSenUpLitSetRight</a> from menusenuplitset.o(i.DispMenuSenUpLitSetRight) referenced from menufsm.o(.constdata)
 <LI><a href="#[ac]">DispMenuSenUpLitSetUp</a> from menusenuplitset.o(i.DispMenuSenUpLitSetUp) referenced from menufsm.o(.constdata)
 <LI><a href="#[aa]">DispMenuSenUpLowlitSecCancel</a> from menusenuplowlitsec.o(i.DispMenuSenUpLowlitSecCancel) referenced from menufsm.o(.constdata)
 <LI><a href="#[a6]">DispMenuSenUpLowlitSecDown</a> from menusenuplowlitsec.o(i.DispMenuSenUpLowlitSecDown) referenced from menufsm.o(.constdata)
 <LI><a href="#[a4]">DispMenuSenUpLowlitSecInit</a> from menusenuplowlitsec.o(i.DispMenuSenUpLowlitSecInit) referenced from menufsm.o(.constdata)
 <LI><a href="#[a7]">DispMenuSenUpLowlitSecLeft</a> from menusenuplowlitsec.o(i.DispMenuSenUpLowlitSecLeft) referenced from menufsm.o(.constdata)
 <LI><a href="#[a9]">DispMenuSenUpLowlitSecOK</a> from menusenuplowlitsec.o(i.DispMenuSenUpLowlitSecOK) referenced from menufsm.o(.constdata)
 <LI><a href="#[a8]">DispMenuSenUpLowlitSecRight</a> from menusenuplowlitsec.o(i.DispMenuSenUpLowlitSecRight) referenced from menufsm.o(.constdata)
 <LI><a href="#[a5]">DispMenuSenUpLowlitSecUp</a> from menusenuplowlitsec.o(i.DispMenuSenUpLowlitSecUp) referenced from menufsm.o(.constdata)
 <LI><a href="#[8e]">DispMenuStartRecordCancel</a> from menudesktopstartrecord.o(i.DispMenuStartRecordCancel) referenced from menufsm.o(.constdata)
 <LI><a href="#[8a]">DispMenuStartRecordDown</a> from menudesktopstartrecord.o(i.DispMenuStartRecordDown) referenced from menufsm.o(.constdata)
 <LI><a href="#[88]">DispMenuStartRecordInit</a> from menudesktopstartrecord.o(i.DispMenuStartRecordInit) referenced from menufsm.o(.constdata)
 <LI><a href="#[8b]">DispMenuStartRecordLeft</a> from menudesktopstartrecord.o(i.DispMenuStartRecordLeft) referenced from menufsm.o(.constdata)
 <LI><a href="#[8d]">DispMenuStartRecordOK</a> from menudesktopstartrecord.o(i.DispMenuStartRecordOK) referenced from menufsm.o(.constdata)
 <LI><a href="#[8c]">DispMenuStartRecordRight</a> from menudesktopstartrecord.o(i.DispMenuStartRecordRight) referenced from menufsm.o(.constdata)
 <LI><a href="#[89]">DispMenuStartRecordUp</a> from menudesktopstartrecord.o(i.DispMenuStartRecordUp) referenced from menufsm.o(.constdata)
 <LI><a href="#[167]">DispMenuStmCokCancel</a> from menusystemclock.o(i.DispMenuStmCokCancel) referenced from menufsm.o(.constdata)
 <LI><a href="#[163]">DispMenuStmCokDown</a> from menusystemclock.o(i.DispMenuStmCokDown) referenced from menufsm.o(.constdata)
 <LI><a href="#[161]">DispMenuStmCokInit</a> from menusystemclock.o(i.DispMenuStmCokInit) referenced from menufsm.o(.constdata)
 <LI><a href="#[164]">DispMenuStmCokLeft</a> from menusystemclock.o(i.DispMenuStmCokLeft) referenced from menufsm.o(.constdata)
 <LI><a href="#[166]">DispMenuStmCokOK</a> from menusystemclock.o(i.DispMenuStmCokOK) referenced from menufsm.o(.constdata)
 <LI><a href="#[165]">DispMenuStmCokRight</a> from menusystemclock.o(i.DispMenuStmCokRight) referenced from menufsm.o(.constdata)
 <LI><a href="#[162]">DispMenuStmCokUp</a> from menusystemclock.o(i.DispMenuStmCokUp) referenced from menufsm.o(.constdata)
 <LI><a href="#[160]">DispMenuStmLgeCancel</a> from menusystemlanguage.o(i.DispMenuStmLgeCancel) referenced from menufsm.o(.constdata)
 <LI><a href="#[15c]">DispMenuStmLgeDown</a> from menusystemlanguage.o(i.DispMenuStmLgeDown) referenced from menufsm.o(.constdata)
 <LI><a href="#[15a]">DispMenuStmLgeInit</a> from menusystemlanguage.o(i.DispMenuStmLgeInit) referenced from menufsm.o(.constdata)
 <LI><a href="#[15d]">DispMenuStmLgeLeft</a> from menusystemlanguage.o(i.DispMenuStmLgeLeft) referenced from menufsm.o(.constdata)
 <LI><a href="#[15f]">DispMenuStmLgeOK</a> from menusystemlanguage.o(i.DispMenuStmLgeOK) referenced from menufsm.o(.constdata)
 <LI><a href="#[15e]">DispMenuStmLgeRight</a> from menusystemlanguage.o(i.DispMenuStmLgeRight) referenced from menufsm.o(.constdata)
 <LI><a href="#[15b]">DispMenuStmLgeUp</a> from menusystemlanguage.o(i.DispMenuStmLgeUp) referenced from menufsm.o(.constdata)
 <LI><a href="#[159]">DispMenuStmSetCancel</a> from menusystemset.o(i.DispMenuStmSetCancel) referenced from menufsm.o(.constdata)
 <LI><a href="#[155]">DispMenuStmSetDown</a> from menusystemset.o(i.DispMenuStmSetDown) referenced from menufsm.o(.constdata)
 <LI><a href="#[153]">DispMenuStmSetInit</a> from menusystemset.o(i.DispMenuStmSetInit) referenced from menufsm.o(.constdata)
 <LI><a href="#[156]">DispMenuStmSetLeft</a> from menusystemset.o(i.DispMenuStmSetLeft) referenced from menufsm.o(.constdata)
 <LI><a href="#[158]">DispMenuStmSetOK</a> from menusystemset.o(i.DispMenuStmSetOK) referenced from menufsm.o(.constdata)
 <LI><a href="#[157]">DispMenuStmSetRight</a> from menusystemset.o(i.DispMenuStmSetRight) referenced from menufsm.o(.constdata)
 <LI><a href="#[154]">DispMenuStmSetUp</a> from menusystemset.o(i.DispMenuStmSetUp) referenced from menufsm.o(.constdata)
 <LI><a href="#[16e]">DispMenuStmVsnCancel</a> from menusystemversion.o(i.DispMenuStmVsnCancel) referenced from menufsm.o(.constdata)
 <LI><a href="#[16a]">DispMenuStmVsnDown</a> from menusystemversion.o(i.DispMenuStmVsnDown) referenced from menufsm.o(.constdata)
 <LI><a href="#[168]">DispMenuStmVsnInit</a> from menusystemversion.o(i.DispMenuStmVsnInit) referenced from menufsm.o(.constdata)
 <LI><a href="#[16b]">DispMenuStmVsnLeft</a> from menusystemversion.o(i.DispMenuStmVsnLeft) referenced from menufsm.o(.constdata)
 <LI><a href="#[16d]">DispMenuStmVsnOK</a> from menusystemversion.o(i.DispMenuStmVsnOK) referenced from menufsm.o(.constdata)
 <LI><a href="#[16c]">DispMenuStmVsnRight</a> from menusystemversion.o(i.DispMenuStmVsnRight) referenced from menufsm.o(.constdata)
 <LI><a href="#[169]">DispMenuStmVsnUp</a> from menusystemversion.o(i.DispMenuStmVsnUp) referenced from menufsm.o(.constdata)
 <LI><a href="#[95]">DispMenuStopRecordCancel</a> from menudesktopstoprecord.o(i.DispMenuStopRecordCancel) referenced from menufsm.o(.constdata)
 <LI><a href="#[91]">DispMenuStopRecordDown</a> from menudesktopstoprecord.o(i.DispMenuStopRecordDown) referenced from menufsm.o(.constdata)
 <LI><a href="#[8f]">DispMenuStopRecordInit</a> from menudesktopstoprecord.o(i.DispMenuStopRecordInit) referenced from menufsm.o(.constdata)
 <LI><a href="#[92]">DispMenuStopRecordLeft</a> from menudesktopstoprecord.o(i.DispMenuStopRecordLeft) referenced from menufsm.o(.constdata)
 <LI><a href="#[94]">DispMenuStopRecordOK</a> from menudesktopstoprecord.o(i.DispMenuStopRecordOK) referenced from menufsm.o(.constdata)
 <LI><a href="#[93]">DispMenuStopRecordRight</a> from menudesktopstoprecord.o(i.DispMenuStopRecordRight) referenced from menufsm.o(.constdata)
 <LI><a href="#[90]">DispMenuStopRecordUp</a> from menudesktopstoprecord.o(i.DispMenuStopRecordUp) referenced from menufsm.o(.constdata)
 <LI><a href="#[bf]">DispMenuSudLgtAamCancel</a> from menusoundlightalarm.o(i.DispMenuSudLgtAamCancel) referenced from menufsm.o(.constdata)
 <LI><a href="#[db]">DispMenuSudLgtAamChaSecCancel</a> from menusoundlightalarmchannelselect.o(i.DispMenuSudLgtAamChaSecCancel) referenced from menufsm.o(.constdata)
 <LI><a href="#[d7]">DispMenuSudLgtAamChaSecDown</a> from menusoundlightalarmchannelselect.o(i.DispMenuSudLgtAamChaSecDown) referenced from menufsm.o(.constdata)
 <LI><a href="#[d5]">DispMenuSudLgtAamChaSecInit</a> from menusoundlightalarmchannelselect.o(i.DispMenuSudLgtAamChaSecInit) referenced from menufsm.o(.constdata)
 <LI><a href="#[d8]">DispMenuSudLgtAamChaSecLeft</a> from menusoundlightalarmchannelselect.o(i.DispMenuSudLgtAamChaSecLeft) referenced from menufsm.o(.constdata)
 <LI><a href="#[da]">DispMenuSudLgtAamChaSecOK</a> from menusoundlightalarmchannelselect.o(i.DispMenuSudLgtAamChaSecOK) referenced from menufsm.o(.constdata)
 <LI><a href="#[d9]">DispMenuSudLgtAamChaSecRight</a> from menusoundlightalarmchannelselect.o(i.DispMenuSudLgtAamChaSecRight) referenced from menufsm.o(.constdata)
 <LI><a href="#[d6]">DispMenuSudLgtAamChaSecUp</a> from menusoundlightalarmchannelselect.o(i.DispMenuSudLgtAamChaSecUp) referenced from menufsm.o(.constdata)
 <LI><a href="#[bb]">DispMenuSudLgtAamDown</a> from menusoundlightalarm.o(i.DispMenuSudLgtAamDown) referenced from menufsm.o(.constdata)
 <LI><a href="#[b9]">DispMenuSudLgtAamInit</a> from menusoundlightalarm.o(i.DispMenuSudLgtAamInit) referenced from menufsm.o(.constdata)
 <LI><a href="#[bc]">DispMenuSudLgtAamLeft</a> from menusoundlightalarm.o(i.DispMenuSudLgtAamLeft) referenced from menufsm.o(.constdata)
 <LI><a href="#[c6]">DispMenuSudLgtAamMtrSthSetCancel</a> from menusoundlightalarmmasterswitchset.o(i.DispMenuSudLgtAamMtrSthSetCancel) referenced from menufsm.o(.constdata)
 <LI><a href="#[c2]">DispMenuSudLgtAamMtrSthSetDown</a> from menusoundlightalarmmasterswitchset.o(i.DispMenuSudLgtAamMtrSthSetDown) referenced from menufsm.o(.constdata)
 <LI><a href="#[c0]">DispMenuSudLgtAamMtrSthSetInit</a> from menusoundlightalarmmasterswitchset.o(i.DispMenuSudLgtAamMtrSthSetInit) referenced from menufsm.o(.constdata)
 <LI><a href="#[c3]">DispMenuSudLgtAamMtrSthSetLeft</a> from menusoundlightalarmmasterswitchset.o(i.DispMenuSudLgtAamMtrSthSetLeft) referenced from menufsm.o(.constdata)
 <LI><a href="#[c5]">DispMenuSudLgtAamMtrSthSetOK</a> from menusoundlightalarmmasterswitchset.o(i.DispMenuSudLgtAamMtrSthSetOK) referenced from menufsm.o(.constdata)
 <LI><a href="#[c4]">DispMenuSudLgtAamMtrSthSetRight</a> from menusoundlightalarmmasterswitchset.o(i.DispMenuSudLgtAamMtrSthSetRight) referenced from menufsm.o(.constdata)
 <LI><a href="#[c1]">DispMenuSudLgtAamMtrSthSetUp</a> from menusoundlightalarmmasterswitchset.o(i.DispMenuSudLgtAamMtrSthSetUp) referenced from menufsm.o(.constdata)
 <LI><a href="#[be]">DispMenuSudLgtAamOK</a> from menusoundlightalarm.o(i.DispMenuSudLgtAamOK) referenced from menufsm.o(.constdata)
 <LI><a href="#[bd]">DispMenuSudLgtAamRight</a> from menusoundlightalarm.o(i.DispMenuSudLgtAamRight) referenced from menufsm.o(.constdata)
 <LI><a href="#[e2]">DispMenuSudLgtAamSetCancel</a> from menusoundlightalarmset.o(i.DispMenuSudLgtAamSetCancel) referenced from menufsm.o(.constdata)
 <LI><a href="#[de]">DispMenuSudLgtAamSetDown</a> from menusoundlightalarmset.o(i.DispMenuSudLgtAamSetDown) referenced from menufsm.o(.constdata)
 <LI><a href="#[dc]">DispMenuSudLgtAamSetInit</a> from menusoundlightalarmset.o(i.DispMenuSudLgtAamSetInit) referenced from menufsm.o(.constdata)
 <LI><a href="#[df]">DispMenuSudLgtAamSetLeft</a> from menusoundlightalarmset.o(i.DispMenuSudLgtAamSetLeft) referenced from menufsm.o(.constdata)
 <LI><a href="#[e1]">DispMenuSudLgtAamSetOK</a> from menusoundlightalarmset.o(i.DispMenuSudLgtAamSetOK) referenced from menufsm.o(.constdata)
 <LI><a href="#[e0]">DispMenuSudLgtAamSetRight</a> from menusoundlightalarmset.o(i.DispMenuSudLgtAamSetRight) referenced from menufsm.o(.constdata)
 <LI><a href="#[dd]">DispMenuSudLgtAamSetUp</a> from menusoundlightalarmset.o(i.DispMenuSudLgtAamSetUp) referenced from menufsm.o(.constdata)
 <LI><a href="#[ba]">DispMenuSudLgtAamUp</a> from menusoundlightalarm.o(i.DispMenuSudLgtAamUp) referenced from menufsm.o(.constdata)
 <LI><a href="#[14b]">DispMenuUldNwkAddCancel</a> from menuuploadnetworkadderindex.o(i.DispMenuUldNwkAddCancel) referenced from menufsm.o(.constdata)
 <LI><a href="#[147]">DispMenuUldNwkAddDown</a> from menuuploadnetworkadderindex.o(i.DispMenuUldNwkAddDown) referenced from menufsm.o(.constdata)
 <LI><a href="#[145]">DispMenuUldNwkAddInit</a> from menuuploadnetworkadderindex.o(i.DispMenuUldNwkAddInit) referenced from menufsm.o(.constdata)
 <LI><a href="#[148]">DispMenuUldNwkAddLeft</a> from menuuploadnetworkadderindex.o(i.DispMenuUldNwkAddLeft) referenced from menufsm.o(.constdata)
 <LI><a href="#[14a]">DispMenuUldNwkAddOK</a> from menuuploadnetworkadderindex.o(i.DispMenuUldNwkAddOK) referenced from menufsm.o(.constdata)
 <LI><a href="#[149]">DispMenuUldNwkAddRight</a> from menuuploadnetworkadderindex.o(i.DispMenuUldNwkAddRight) referenced from menufsm.o(.constdata)
 <LI><a href="#[146]">DispMenuUldNwkAddUp</a> from menuuploadnetworkadderindex.o(i.DispMenuUldNwkAddUp) referenced from menufsm.o(.constdata)
 <LI><a href="#[152]">DispMenuUreNwkAddCancel</a> from menufsm.o(i.DispMenuUreNwkAddCancel) referenced from menufsm.o(.constdata)
 <LI><a href="#[14e]">DispMenuUreNwkAddDown</a> from menufsm.o(i.DispMenuUreNwkAddDown) referenced from menufsm.o(.constdata)
 <LI><a href="#[14c]">DispMenuUreNwkAddInit</a> from menufsm.o(i.DispMenuUreNwkAddInit) referenced from menufsm.o(.constdata)
 <LI><a href="#[14f]">DispMenuUreNwkAddLeft</a> from menufsm.o(i.DispMenuUreNwkAddLeft) referenced from menufsm.o(.constdata)
 <LI><a href="#[151]">DispMenuUreNwkAddOK</a> from menufsm.o(i.DispMenuUreNwkAddOK) referenced from menufsm.o(.constdata)
 <LI><a href="#[150]">DispMenuUreNwkAddRight</a> from menufsm.o(i.DispMenuUreNwkAddRight) referenced from menufsm.o(.constdata)
 <LI><a href="#[14d]">DispMenuUreNwkAddUp</a> from menufsm.o(i.DispMenuUreNwkAddUp) referenced from menufsm.o(.constdata)
 <LI><a href="#[1bb]">DispMenuUserPermSetCancel</a> from menuuserpermset.o(i.DispMenuUserPermSetCancel) referenced from menufsm.o(.constdata)
 <LI><a href="#[1b7]">DispMenuUserPermSetDown</a> from menuuserpermset.o(i.DispMenuUserPermSetDown) referenced from menufsm.o(.constdata)
 <LI><a href="#[1b5]">DispMenuUserPermSetInit</a> from menuuserpermset.o(i.DispMenuUserPermSetInit) referenced from menufsm.o(.constdata)
 <LI><a href="#[1b8]">DispMenuUserPermSetLeft</a> from menuuserpermset.o(i.DispMenuUserPermSetLeft) referenced from menufsm.o(.constdata)
 <LI><a href="#[1ba]">DispMenuUserPermSetOK</a> from menuuserpermset.o(i.DispMenuUserPermSetOK) referenced from menufsm.o(.constdata)
 <LI><a href="#[1b9]">DispMenuUserPermSetRight</a> from menuuserpermset.o(i.DispMenuUserPermSetRight) referenced from menufsm.o(.constdata)
 <LI><a href="#[1b6]">DispMenuUserPermSetUp</a> from menuuserpermset.o(i.DispMenuUserPermSetUp) referenced from menufsm.o(.constdata)
 <LI><a href="#[10]">EXTI0_IRQHandler</a> from startup_stm32f10x_hd.o(.text) referenced from startup_stm32f10x_hd.o(RESET)
 <LI><a href="#[32]">EXTI15_10_IRQHandler</a> from startup_stm32f10x_hd.o(.text) referenced from startup_stm32f10x_hd.o(RESET)
 <LI><a href="#[11]">EXTI1_IRQHandler</a> from startup_stm32f10x_hd.o(.text) referenced from startup_stm32f10x_hd.o(RESET)
 <LI><a href="#[12]">EXTI2_IRQHandler</a> from startup_stm32f10x_hd.o(.text) referenced from startup_stm32f10x_hd.o(RESET)
 <LI><a href="#[13]">EXTI3_IRQHandler</a> from startup_stm32f10x_hd.o(.text) referenced from startup_stm32f10x_hd.o(RESET)
 <LI><a href="#[14]">EXTI4_IRQHandler</a> from startup_stm32f10x_hd.o(.text) referenced from startup_stm32f10x_hd.o(RESET)
 <LI><a href="#[21]">EXTI9_5_IRQHandler</a> from app_gsm.o(i.EXTI9_5_IRQHandler) referenced from startup_stm32f10x_hd.o(RESET)
 <LI><a href="#[e]">FLASH_IRQHandler</a> from startup_stm32f10x_hd.o(.text) referenced from startup_stm32f10x_hd.o(RESET)
 <LI><a href="#[3a]">FSMC_IRQHandler</a> from startup_stm32f10x_hd.o(.text) referenced from startup_stm32f10x_hd.o(RESET)
 <LI><a href="#[58]">GSM_Adaptive_BaudRate</a> from gsm_api.o(i.GSM_Adaptive_BaudRate) referenced from gsm_api.o(i.GSM_Transmittion_Init)
 <LI><a href="#[57]">GSM_AskCSQ</a> from gsm_api.o(i.GSM_AskCSQ) referenced from gsm_api.o(i.GSM_Transmittion_Init)
 <LI><a href="#[5b]">GSM_CheckGPRSActive</a> from gsm_api.o(i.GSM_CheckGPRSActive) referenced from gsm_api.o(i.GSM_Transmittion_Init)
 <LI><a href="#[5a]">GSM_CheckNetwork</a> from gsm_api.o(i.GSM_CheckNetwork) referenced from gsm_api.o(i.GSM_Transmittion_Init)
 <LI><a href="#[5c]">GSM_Check_Sim_Card</a> from gsm_api.o(i.GSM_Check_Sim_Card) referenced from gsm_api.o(i.GSM_Transmittion_Init)
 <LI><a href="#[5f]">GSM_Close_Connect</a> from gsm_api.o(i.GSM_Close_Connect) referenced from gsm_api.o(i.GSM_Transmittion_Init)
 <LI><a href="#[54]">GSM_Echo</a> from gsm_api.o(i.GSM_Echo) referenced from gsm_api.o(i.GSM_Transmittion_Init)
 <LI><a href="#[4d]">GSM_IO_Init</a> from gsm_api.o(i.GSM_IO_Init) referenced from gsm_api.o(i.GSM_Transmittion_Init)
 <LI><a href="#[52]">GSM_Module_Sleep</a> from gsm_api.o(i.GSM_Module_Sleep) referenced from gsm_api.o(i.GSM_Transmittion_Init)
 <LI><a href="#[53]">GSM_Module_WakeUp</a> from gsm_api.o(i.GSM_Module_WakeUp) referenced from gsm_api.o(i.GSM_Transmittion_Init)
 <LI><a href="#[5e]">GSM_Open_Connect</a> from gsm_api.o(i.GSM_Open_Connect) referenced from gsm_api.o(i.GSM_Transmittion_Init)
 <LI><a href="#[50]">GSM_Power_Down</a> from gsm_api.o(i.GSM_Power_Down) referenced from gsm_api.o(i.GSM_Transmittion_Init)
 <LI><a href="#[4f]">GSM_Power_Rest</a> from gsm_api.o(i.GSM_Power_Rest) referenced from gsm_api.o(i.GSM_Transmittion_Init)
 <LI><a href="#[51]">GSM_Power_Up</a> from gsm_api.o(i.GSM_Power_Up) referenced from gsm_api.o(i.GSM_Transmittion_Init)
 <LI><a href="#[61]">GSM_Rev_Data</a> from gsm_api.o(i.GSM_Rev_Data) referenced from gsm_api.o(i.GSM_Transmittion_Init)
 <LI><a href="#[55]">GSM_Send_AT</a> from gsm_api.o(i.GSM_Send_AT) referenced from gsm_api.o(i.GSM_Transmittion_Init)
 <LI><a href="#[60]">GSM_Send_Data</a> from gsm_api.o(i.GSM_Send_Data) referenced from gsm_api.o(i.GSM_Transmittion_Init)
 <LI><a href="#[5d]">GSM_Send_Sms</a> from gsm_api.o(i.GSM_Send_Sms) referenced from gsm_api.o(i.GSM_Transmittion_Init)
 <LI><a href="#[59]">GSM_SetBaudRate</a> from gsm_api.o(i.GSM_SetBaudRate) referenced from gsm_api.o(i.GSM_Transmittion_Init)
 <LI><a href="#[4e]">GSM_Usart_Init</a> from gsm_api.o(i.GSM_Usart_Init) referenced from gsm_api.o(i.GSM_Transmittion_Init)
 <LI><a href="#[56]">GSM_send_cmd</a> from gsm_api.o(i.GSM_send_cmd) referenced from gsm_api.o(i.GSM_Transmittion_Init)
 <LI><a href="#[2]">HardFault_Handler</a> from stm32f10x_it.o(i.HardFault_Handler) referenced from startup_stm32f10x_hd.o(RESET)
 <LI><a href="#[2a]">I2C1_ER_IRQHandler</a> from startup_stm32f10x_hd.o(.text) referenced from startup_stm32f10x_hd.o(RESET)
 <LI><a href="#[29]">I2C1_EV_IRQHandler</a> from startup_stm32f10x_hd.o(.text) referenced from startup_stm32f10x_hd.o(RESET)
 <LI><a href="#[2c]">I2C2_ER_IRQHandler</a> from startup_stm32f10x_hd.o(.text) referenced from startup_stm32f10x_hd.o(RESET)
 <LI><a href="#[2b]">I2C2_EV_IRQHandler</a> from startup_stm32f10x_hd.o(.text) referenced from startup_stm32f10x_hd.o(RESET)
 <LI><a href="#[77]">IsKeyDownBackward</a> from mcu_button.o(i.IsKeyDownBackward) referenced from mcu_button.o(i.bsp_InitButtonVar)
 <LI><a href="#[78]">IsKeyDownCancel</a> from mcu_button.o(i.IsKeyDownCancel) referenced from mcu_button.o(i.bsp_InitButtonVar)
 <LI><a href="#[76]">IsKeyDownForward</a> from mcu_button.o(i.IsKeyDownForward) referenced from mcu_button.o(i.bsp_InitButtonVar)
 <LI><a href="#[75]">IsKeyDownSure</a> from mcu_button.o(i.IsKeyDownSure) referenced from mcu_button.o(i.bsp_InitButtonVar)
 <LI><a href="#[3]">MemManage_Handler</a> from stm32f10x_it.o(i.MemManage_Handler) referenced from startup_stm32f10x_hd.o(RESET)
 <LI><a href="#[1]">NMI_Handler</a> from stm32f10x_it.o(i.NMI_Handler) referenced from startup_stm32f10x_hd.o(RESET)
 <LI><a href="#[49]">OSTaskSwHook</a> from os_cpu_c.o(i.OSTaskSwHook) referenced from os_cpu_a.o(.text)
 <LI><a href="#[62]">OSTmr_Task</a> from os_tmr.o(i.OSTmr_Task) referenced from os_tmr.o(i.OSTmr_InitTask)
 <LI><a href="#[8]">OS_CPU_PendSVHandler</a> from os_cpu_a.o(.text) referenced from startup_stm32f10x_hd.o(RESET)
 <LI><a href="#[63]">OS_TaskIdle</a> from os_core.o(i.OS_TaskIdle) referenced from os_core.o(i.OS_InitTaskIdle)
 <LI><a href="#[64]">OS_TaskStat</a> from os_core.o(i.OS_TaskStat) referenced from os_core.o(i.OS_InitTaskStat)
 <LI><a href="#[b]">PVD_IRQHandler</a> from startup_stm32f10x_hd.o(.text) referenced from startup_stm32f10x_hd.o(RESET)
 <LI><a href="#[f]">RCC_IRQHandler</a> from startup_stm32f10x_hd.o(.text) referenced from startup_stm32f10x_hd.o(RESET)
 <LI><a href="#[33]">RTCAlarm_IRQHandler</a> from startup_stm32f10x_hd.o(.text) referenced from startup_stm32f10x_hd.o(RESET)
 <LI><a href="#[d]">RTC_IRQHandler</a> from startup_stm32f10x_hd.o(.text) referenced from startup_stm32f10x_hd.o(RESET)
 <LI><a href="#[0]">Reset_Handler</a> from startup_stm32f10x_hd.o(.text) referenced from startup_stm32f10x_hd.o(RESET)
 <LI><a href="#[3b]">SDIO_IRQHandler</a> from startup_stm32f10x_hd.o(.text) referenced from startup_stm32f10x_hd.o(RESET)
 <LI><a href="#[2d]">SPI1_IRQHandler</a> from startup_stm32f10x_hd.o(.text) referenced from startup_stm32f10x_hd.o(RESET)
 <LI><a href="#[2e]">SPI2_IRQHandler</a> from startup_stm32f10x_hd.o(.text) referenced from startup_stm32f10x_hd.o(RESET)
 <LI><a href="#[3d]">SPI3_IRQHandler</a> from startup_stm32f10x_hd.o(.text) referenced from startup_stm32f10x_hd.o(RESET)
 <LI><a href="#[6]">SVC_Handler</a> from stm32f10x_it.o(i.SVC_Handler) referenced from startup_stm32f10x_hd.o(RESET)
 <LI><a href="#[9]">SysTick_Handler</a> from stm32f10x_it.o(i.SysTick_Handler) referenced from startup_stm32f10x_hd.o(RESET)
 <LI><a href="#[47]">SystemInit</a> from system_stm32f10x.o(i.SystemInit) referenced from startup_stm32f10x_hd.o(.text)
 <LI><a href="#[c]">TAMPER_IRQHandler</a> from startup_stm32f10x_hd.o(.text) referenced from startup_stm32f10x_hd.o(RESET)
 <LI><a href="#[22]">TIM1_BRK_IRQHandler</a> from startup_stm32f10x_hd.o(.text) referenced from startup_stm32f10x_hd.o(RESET)
 <LI><a href="#[25]">TIM1_CC_IRQHandler</a> from startup_stm32f10x_hd.o(.text) referenced from startup_stm32f10x_hd.o(RESET)
 <LI><a href="#[24]">TIM1_TRG_COM_IRQHandler</a> from startup_stm32f10x_hd.o(.text) referenced from startup_stm32f10x_hd.o(RESET)
 <LI><a href="#[23]">TIM1_UP_IRQHandler</a> from startup_stm32f10x_hd.o(.text) referenced from startup_stm32f10x_hd.o(RESET)
 <LI><a href="#[26]">TIM2_IRQHandler</a> from startup_stm32f10x_hd.o(.text) referenced from startup_stm32f10x_hd.o(RESET)
 <LI><a href="#[27]">TIM3_IRQHandler</a> from startup_stm32f10x_hd.o(.text) referenced from startup_stm32f10x_hd.o(RESET)
 <LI><a href="#[28]">TIM4_IRQHandler</a> from startup_stm32f10x_hd.o(.text) referenced from startup_stm32f10x_hd.o(RESET)
 <LI><a href="#[3c]">TIM5_IRQHandler</a> from startup_stm32f10x_hd.o(.text) referenced from startup_stm32f10x_hd.o(RESET)
 <LI><a href="#[40]">TIM6_IRQHandler</a> from startup_stm32f10x_hd.o(.text) referenced from startup_stm32f10x_hd.o(RESET)
 <LI><a href="#[41]">TIM7_IRQHandler</a> from dev_gsm.o(i.TIM7_IRQHandler) referenced from startup_stm32f10x_hd.o(RESET)
 <LI><a href="#[35]">TIM8_BRK_IRQHandler</a> from startup_stm32f10x_hd.o(.text) referenced from startup_stm32f10x_hd.o(RESET)
 <LI><a href="#[38]">TIM8_CC_IRQHandler</a> from startup_stm32f10x_hd.o(.text) referenced from startup_stm32f10x_hd.o(RESET)
 <LI><a href="#[37]">TIM8_TRG_COM_IRQHandler</a> from startup_stm32f10x_hd.o(.text) referenced from startup_stm32f10x_hd.o(RESET)
 <LI><a href="#[36]">TIM8_UP_IRQHandler</a> from startup_stm32f10x_hd.o(.text) referenced from startup_stm32f10x_hd.o(RESET)
 <LI><a href="#[79]">Task_Start</a> from app.o(i.Task_Start) referenced from main.o(i.main)
 <LI><a href="#[3e]">UART4_IRQHandler</a> from mcu_uart4.o(i.UART4_IRQHandler) referenced from startup_stm32f10x_hd.o(RESET)
 <LI><a href="#[3f]">UART5_IRQHandler</a> from startup_stm32f10x_hd.o(.text) referenced from startup_stm32f10x_hd.o(RESET)
 <LI><a href="#[2f]">USART1_IRQHandler</a> from stm32f10x_it.o(i.USART1_IRQHandler) referenced from startup_stm32f10x_hd.o(RESET)
 <LI><a href="#[30]">USART2_IRQHandler</a> from startup_stm32f10x_hd.o(.text) referenced from startup_stm32f10x_hd.o(RESET)
 <LI><a href="#[31]">USART3_IRQHandler</a> from gsm_usart.o(i.USART3_IRQHandler) referenced from startup_stm32f10x_hd.o(RESET)
 <LI><a href="#[34]">USBWakeUp_IRQHandler</a> from startup_stm32f10x_hd.o(.text) referenced from startup_stm32f10x_hd.o(RESET)
 <LI><a href="#[1d]">USB_HP_CAN1_TX_IRQHandler</a> from startup_stm32f10x_hd.o(.text) referenced from startup_stm32f10x_hd.o(RESET)
 <LI><a href="#[1e]">USB_LP_CAN1_RX0_IRQHandler</a> from startup_stm32f10x_hd.o(.text) referenced from startup_stm32f10x_hd.o(RESET)
 <LI><a href="#[5]">UsageFault_Handler</a> from stm32f10x_it.o(i.UsageFault_Handler) referenced from startup_stm32f10x_hd.o(RESET)
 <LI><a href="#[a]">WWDG_IRQHandler</a> from startup_stm32f10x_hd.o(.text) referenced from startup_stm32f10x_hd.o(RESET)
 <LI><a href="#[48]">__main</a> from entry.o(.ARM.Collect$$$$00000000) referenced from startup_stm32f10x_hd.o(.text)
 <LI><a href="#[1bc]">__sti___11_dev_gsm_cpp_58c7b1f0</a> from dev_gsm.o(i.__sti___11_dev_gsm_cpp_58c7b1f0) referenced from dev_gsm.o(.init_array)
 <LI><a href="#[73]">_sputc</a> from printf8.o(i._sputc) referenced from printf8.o(i.__0sprintf$8)
 <LI><a href="#[74]">_sputc</a> from printfa.o(i._sputc) referenced from printfa.o(i.__0vsprintf)
 <LI><a href="#[72]">fputc</a> from mcu_usart.o(i.fputc) referenced from printf8.o(i.__0printf$8)
 <LI><a href="#[46]">main</a> from main.o(i.main) referenced from entry9a.o(.ARM.Collect$$$$0000000B)
</UL>
<P>
<H3>
Global Symbols
</H3>
<P><STRONG><a name="[48]"></a>__main</STRONG> (Thumb, 0 bytes, Stack size unknown bytes, entry.o(.ARM.Collect$$$$00000000))
<BR>[Address Reference Count : 1]<UL><LI> startup_stm32f10x_hd.o(.text)
</UL>
<P><STRONG><a name="[430]"></a>_main_stk</STRONG> (Thumb, 0 bytes, Stack size unknown bytes, entry2.o(.ARM.Collect$$$$00000001))

<P><STRONG><a name="[1be]"></a>_main_scatterload</STRONG> (Thumb, 0 bytes, Stack size unknown bytes, entry5.o(.ARM.Collect$$$$00000004))
<BR><BR>[Calls]<UL><LI><a href="#[1bf]">&gt;&gt;</a>&nbsp;&nbsp;&nbsp;__scatterload
</UL>

<P><STRONG><a name="[1dd]"></a>__main_after_scatterload</STRONG> (Thumb, 0 bytes, Stack size unknown bytes, entry5.o(.ARM.Collect$$$$00000004))
<BR><BR>[Called By]<UL><LI><a href="#[1bf]">&gt;&gt;</a>&nbsp;&nbsp;&nbsp;__scatterload
</UL>

<P><STRONG><a name="[431]"></a>_main_clock</STRONG> (Thumb, 0 bytes, Stack size unknown bytes, entry7b.o(.ARM.Collect$$$$00000008))

<P><STRONG><a name="[1c0]"></a>_main_cpp_init$empty</STRONG> (Thumb, 0 bytes, Stack size unknown bytes, entry8a.o(.ARM.Collect$$$$00000009))
<BR><BR>[Stack]<UL><LI>Max Depth = 16 + Unknown Stack Size
<LI>Call Chain = _main_cpp_init$empty &rArr; __cpp_initialize__aeabi_
</UL>
<BR>[Calls]<UL><LI><a href="#[1bd]">&gt;&gt;</a>&nbsp;&nbsp;&nbsp;__cpp_initialize__aeabi_
</UL>

<P><STRONG><a name="[432]"></a>_main_cpp_init</STRONG> (Thumb, 0 bytes, Stack size unknown bytes, entry8b.o(.ARM.Collect$$$$0000000A))

<P><STRONG><a name="[433]"></a>_main_init</STRONG> (Thumb, 0 bytes, Stack size unknown bytes, entry9a.o(.ARM.Collect$$$$0000000B))

<P><STRONG><a name="[434]"></a>__rt_final_cpp</STRONG> (Thumb, 0 bytes, Stack size unknown bytes, entry10a.o(.ARM.Collect$$$$0000000D))

<P><STRONG><a name="[435]"></a>__rt_final_exit</STRONG> (Thumb, 0 bytes, Stack size unknown bytes, entry11a.o(.ARM.Collect$$$$0000000F))

<P><STRONG><a name="[0]"></a>Reset_Handler</STRONG> (Thumb, 8 bytes, Stack size 0 bytes, startup_stm32f10x_hd.o(.text))
<BR>[Address Reference Count : 1]<UL><LI> startup_stm32f10x_hd.o(RESET)
</UL>
<P><STRONG><a name="[39]"></a>ADC3_IRQHandler</STRONG> (Thumb, 0 bytes, Stack size 0 bytes, startup_stm32f10x_hd.o(.text))
<BR><BR>[Calls]<UL><LI><a href="#[39]">&gt;&gt;</a>&nbsp;&nbsp;&nbsp;ADC3_IRQHandler
</UL>
<BR>[Called By]<UL><LI><a href="#[39]">&gt;&gt;</a>&nbsp;&nbsp;&nbsp;ADC3_IRQHandler
</UL>
<BR>[Address Reference Count : 1]<UL><LI> startup_stm32f10x_hd.o(RESET)
</UL>
<P><STRONG><a name="[1f]"></a>CAN1_RX1_IRQHandler</STRONG> (Thumb, 0 bytes, Stack size 0 bytes, startup_stm32f10x_hd.o(.text))
<BR>[Address Reference Count : 1]<UL><LI> startup_stm32f10x_hd.o(RESET)
</UL>
<P><STRONG><a name="[20]"></a>CAN1_SCE_IRQHandler</STRONG> (Thumb, 0 bytes, Stack size 0 bytes, startup_stm32f10x_hd.o(.text))
<BR>[Address Reference Count : 1]<UL><LI> startup_stm32f10x_hd.o(RESET)
</UL>
<P><STRONG><a name="[15]"></a>DMA1_Channel1_IRQHandler</STRONG> (Thumb, 0 bytes, Stack size 0 bytes, startup_stm32f10x_hd.o(.text))
<BR>[Address Reference Count : 1]<UL><LI> startup_stm32f10x_hd.o(RESET)
</UL>
<P><STRONG><a name="[16]"></a>DMA1_Channel2_IRQHandler</STRONG> (Thumb, 0 bytes, Stack size 0 bytes, startup_stm32f10x_hd.o(.text))
<BR>[Address Reference Count : 1]<UL><LI> startup_stm32f10x_hd.o(RESET)
</UL>
<P><STRONG><a name="[17]"></a>DMA1_Channel3_IRQHandler</STRONG> (Thumb, 0 bytes, Stack size 0 bytes, startup_stm32f10x_hd.o(.text))
<BR>[Address Reference Count : 1]<UL><LI> startup_stm32f10x_hd.o(RESET)
</UL>
<P><STRONG><a name="[18]"></a>DMA1_Channel4_IRQHandler</STRONG> (Thumb, 0 bytes, Stack size 0 bytes, startup_stm32f10x_hd.o(.text))
<BR>[Address Reference Count : 1]<UL><LI> startup_stm32f10x_hd.o(RESET)
</UL>
<P><STRONG><a name="[19]"></a>DMA1_Channel5_IRQHandler</STRONG> (Thumb, 0 bytes, Stack size 0 bytes, startup_stm32f10x_hd.o(.text))
<BR>[Address Reference Count : 1]<UL><LI> startup_stm32f10x_hd.o(RESET)
</UL>
<P><STRONG><a name="[1a]"></a>DMA1_Channel6_IRQHandler</STRONG> (Thumb, 0 bytes, Stack size 0 bytes, startup_stm32f10x_hd.o(.text))
<BR>[Address Reference Count : 1]<UL><LI> startup_stm32f10x_hd.o(RESET)
</UL>
<P><STRONG><a name="[1b]"></a>DMA1_Channel7_IRQHandler</STRONG> (Thumb, 0 bytes, Stack size 0 bytes, startup_stm32f10x_hd.o(.text))
<BR>[Address Reference Count : 1]<UL><LI> startup_stm32f10x_hd.o(RESET)
</UL>
<P><STRONG><a name="[42]"></a>DMA2_Channel1_IRQHandler</STRONG> (Thumb, 0 bytes, Stack size 0 bytes, startup_stm32f10x_hd.o(.text))
<BR>[Address Reference Count : 1]<UL><LI> startup_stm32f10x_hd.o(RESET)
</UL>
<P><STRONG><a name="[43]"></a>DMA2_Channel2_IRQHandler</STRONG> (Thumb, 0 bytes, Stack size 0 bytes, startup_stm32f10x_hd.o(.text))
<BR>[Address Reference Count : 1]<UL><LI> startup_stm32f10x_hd.o(RESET)
</UL>
<P><STRONG><a name="[44]"></a>DMA2_Channel3_IRQHandler</STRONG> (Thumb, 0 bytes, Stack size 0 bytes, startup_stm32f10x_hd.o(.text))
<BR>[Address Reference Count : 1]<UL><LI> startup_stm32f10x_hd.o(RESET)
</UL>
<P><STRONG><a name="[45]"></a>DMA2_Channel4_5_IRQHandler</STRONG> (Thumb, 0 bytes, Stack size 0 bytes, startup_stm32f10x_hd.o(.text))
<BR>[Address Reference Count : 1]<UL><LI> startup_stm32f10x_hd.o(RESET)
</UL>
<P><STRONG><a name="[10]"></a>EXTI0_IRQHandler</STRONG> (Thumb, 0 bytes, Stack size 0 bytes, startup_stm32f10x_hd.o(.text))
<BR>[Address Reference Count : 1]<UL><LI> startup_stm32f10x_hd.o(RESET)
</UL>
<P><STRONG><a name="[32]"></a>EXTI15_10_IRQHandler</STRONG> (Thumb, 0 bytes, Stack size 0 bytes, startup_stm32f10x_hd.o(.text))
<BR>[Address Reference Count : 1]<UL><LI> startup_stm32f10x_hd.o(RESET)
</UL>
<P><STRONG><a name="[11]"></a>EXTI1_IRQHandler</STRONG> (Thumb, 0 bytes, Stack size 0 bytes, startup_stm32f10x_hd.o(.text))
<BR>[Address Reference Count : 1]<UL><LI> startup_stm32f10x_hd.o(RESET)
</UL>
<P><STRONG><a name="[12]"></a>EXTI2_IRQHandler</STRONG> (Thumb, 0 bytes, Stack size 0 bytes, startup_stm32f10x_hd.o(.text))
<BR>[Address Reference Count : 1]<UL><LI> startup_stm32f10x_hd.o(RESET)
</UL>
<P><STRONG><a name="[13]"></a>EXTI3_IRQHandler</STRONG> (Thumb, 0 bytes, Stack size 0 bytes, startup_stm32f10x_hd.o(.text))
<BR>[Address Reference Count : 1]<UL><LI> startup_stm32f10x_hd.o(RESET)
</UL>
<P><STRONG><a name="[14]"></a>EXTI4_IRQHandler</STRONG> (Thumb, 0 bytes, Stack size 0 bytes, startup_stm32f10x_hd.o(.text))
<BR>[Address Reference Count : 1]<UL><LI> startup_stm32f10x_hd.o(RESET)
</UL>
<P><STRONG><a name="[e]"></a>FLASH_IRQHandler</STRONG> (Thumb, 0 bytes, Stack size 0 bytes, startup_stm32f10x_hd.o(.text))
<BR>[Address Reference Count : 1]<UL><LI> startup_stm32f10x_hd.o(RESET)
</UL>
<P><STRONG><a name="[3a]"></a>FSMC_IRQHandler</STRONG> (Thumb, 0 bytes, Stack size 0 bytes, startup_stm32f10x_hd.o(.text))
<BR>[Address Reference Count : 1]<UL><LI> startup_stm32f10x_hd.o(RESET)
</UL>
<P><STRONG><a name="[2a]"></a>I2C1_ER_IRQHandler</STRONG> (Thumb, 0 bytes, Stack size 0 bytes, startup_stm32f10x_hd.o(.text))
<BR>[Address Reference Count : 1]<UL><LI> startup_stm32f10x_hd.o(RESET)
</UL>
<P><STRONG><a name="[29]"></a>I2C1_EV_IRQHandler</STRONG> (Thumb, 0 bytes, Stack size 0 bytes, startup_stm32f10x_hd.o(.text))
<BR>[Address Reference Count : 1]<UL><LI> startup_stm32f10x_hd.o(RESET)
</UL>
<P><STRONG><a name="[2c]"></a>I2C2_ER_IRQHandler</STRONG> (Thumb, 0 bytes, Stack size 0 bytes, startup_stm32f10x_hd.o(.text))
<BR>[Address Reference Count : 1]<UL><LI> startup_stm32f10x_hd.o(RESET)
</UL>
<P><STRONG><a name="[2b]"></a>I2C2_EV_IRQHandler</STRONG> (Thumb, 0 bytes, Stack size 0 bytes, startup_stm32f10x_hd.o(.text))
<BR>[Address Reference Count : 1]<UL><LI> startup_stm32f10x_hd.o(RESET)
</UL>
<P><STRONG><a name="[b]"></a>PVD_IRQHandler</STRONG> (Thumb, 0 bytes, Stack size 0 bytes, startup_stm32f10x_hd.o(.text))
<BR>[Address Reference Count : 1]<UL><LI> startup_stm32f10x_hd.o(RESET)
</UL>
<P><STRONG><a name="[f]"></a>RCC_IRQHandler</STRONG> (Thumb, 0 bytes, Stack size 0 bytes, startup_stm32f10x_hd.o(.text))
<BR>[Address Reference Count : 1]<UL><LI> startup_stm32f10x_hd.o(RESET)
</UL>
<P><STRONG><a name="[33]"></a>RTCAlarm_IRQHandler</STRONG> (Thumb, 0 bytes, Stack size 0 bytes, startup_stm32f10x_hd.o(.text))
<BR>[Address Reference Count : 1]<UL><LI> startup_stm32f10x_hd.o(RESET)
</UL>
<P><STRONG><a name="[d]"></a>RTC_IRQHandler</STRONG> (Thumb, 0 bytes, Stack size 0 bytes, startup_stm32f10x_hd.o(.text))
<BR>[Address Reference Count : 1]<UL><LI> startup_stm32f10x_hd.o(RESET)
</UL>
<P><STRONG><a name="[3b]"></a>SDIO_IRQHandler</STRONG> (Thumb, 0 bytes, Stack size 0 bytes, startup_stm32f10x_hd.o(.text))
<BR>[Address Reference Count : 1]<UL><LI> startup_stm32f10x_hd.o(RESET)
</UL>
<P><STRONG><a name="[2d]"></a>SPI1_IRQHandler</STRONG> (Thumb, 0 bytes, Stack size 0 bytes, startup_stm32f10x_hd.o(.text))
<BR>[Address Reference Count : 1]<UL><LI> startup_stm32f10x_hd.o(RESET)
</UL>
<P><STRONG><a name="[2e]"></a>SPI2_IRQHandler</STRONG> (Thumb, 0 bytes, Stack size 0 bytes, startup_stm32f10x_hd.o(.text))
<BR>[Address Reference Count : 1]<UL><LI> startup_stm32f10x_hd.o(RESET)
</UL>
<P><STRONG><a name="[3d]"></a>SPI3_IRQHandler</STRONG> (Thumb, 0 bytes, Stack size 0 bytes, startup_stm32f10x_hd.o(.text))
<BR>[Address Reference Count : 1]<UL><LI> startup_stm32f10x_hd.o(RESET)
</UL>
<P><STRONG><a name="[c]"></a>TAMPER_IRQHandler</STRONG> (Thumb, 0 bytes, Stack size 0 bytes, startup_stm32f10x_hd.o(.text))
<BR>[Address Reference Count : 1]<UL><LI> startup_stm32f10x_hd.o(RESET)
</UL>
<P><STRONG><a name="[22]"></a>TIM1_BRK_IRQHandler</STRONG> (Thumb, 0 bytes, Stack size 0 bytes, startup_stm32f10x_hd.o(.text))
<BR>[Address Reference Count : 1]<UL><LI> startup_stm32f10x_hd.o(RESET)
</UL>
<P><STRONG><a name="[25]"></a>TIM1_CC_IRQHandler</STRONG> (Thumb, 0 bytes, Stack size 0 bytes, startup_stm32f10x_hd.o(.text))
<BR>[Address Reference Count : 1]<UL><LI> startup_stm32f10x_hd.o(RESET)
</UL>
<P><STRONG><a name="[24]"></a>TIM1_TRG_COM_IRQHandler</STRONG> (Thumb, 0 bytes, Stack size 0 bytes, startup_stm32f10x_hd.o(.text))
<BR>[Address Reference Count : 1]<UL><LI> startup_stm32f10x_hd.o(RESET)
</UL>
<P><STRONG><a name="[23]"></a>TIM1_UP_IRQHandler</STRONG> (Thumb, 0 bytes, Stack size 0 bytes, startup_stm32f10x_hd.o(.text))
<BR>[Address Reference Count : 1]<UL><LI> startup_stm32f10x_hd.o(RESET)
</UL>
<P><STRONG><a name="[26]"></a>TIM2_IRQHandler</STRONG> (Thumb, 0 bytes, Stack size 0 bytes, startup_stm32f10x_hd.o(.text))
<BR>[Address Reference Count : 1]<UL><LI> startup_stm32f10x_hd.o(RESET)
</UL>
<P><STRONG><a name="[27]"></a>TIM3_IRQHandler</STRONG> (Thumb, 0 bytes, Stack size 0 bytes, startup_stm32f10x_hd.o(.text))
<BR>[Address Reference Count : 1]<UL><LI> startup_stm32f10x_hd.o(RESET)
</UL>
<P><STRONG><a name="[28]"></a>TIM4_IRQHandler</STRONG> (Thumb, 0 bytes, Stack size 0 bytes, startup_stm32f10x_hd.o(.text))
<BR>[Address Reference Count : 1]<UL><LI> startup_stm32f10x_hd.o(RESET)
</UL>
<P><STRONG><a name="[3c]"></a>TIM5_IRQHandler</STRONG> (Thumb, 0 bytes, Stack size 0 bytes, startup_stm32f10x_hd.o(.text))
<BR>[Address Reference Count : 1]<UL><LI> startup_stm32f10x_hd.o(RESET)
</UL>
<P><STRONG><a name="[40]"></a>TIM6_IRQHandler</STRONG> (Thumb, 0 bytes, Stack size 0 bytes, startup_stm32f10x_hd.o(.text))
<BR>[Address Reference Count : 1]<UL><LI> startup_stm32f10x_hd.o(RESET)
</UL>
<P><STRONG><a name="[35]"></a>TIM8_BRK_IRQHandler</STRONG> (Thumb, 0 bytes, Stack size 0 bytes, startup_stm32f10x_hd.o(.text))
<BR>[Address Reference Count : 1]<UL><LI> startup_stm32f10x_hd.o(RESET)
</UL>
<P><STRONG><a name="[38]"></a>TIM8_CC_IRQHandler</STRONG> (Thumb, 0 bytes, Stack size 0 bytes, startup_stm32f10x_hd.o(.text))
<BR>[Address Reference Count : 1]<UL><LI> startup_stm32f10x_hd.o(RESET)
</UL>
<P><STRONG><a name="[37]"></a>TIM8_TRG_COM_IRQHandler</STRONG> (Thumb, 0 bytes, Stack size 0 bytes, startup_stm32f10x_hd.o(.text))
<BR>[Address Reference Count : 1]<UL><LI> startup_stm32f10x_hd.o(RESET)
</UL>
<P><STRONG><a name="[36]"></a>TIM8_UP_IRQHandler</STRONG> (Thumb, 0 bytes, Stack size 0 bytes, startup_stm32f10x_hd.o(.text))
<BR>[Address Reference Count : 1]<UL><LI> startup_stm32f10x_hd.o(RESET)
</UL>
<P><STRONG><a name="[3f]"></a>UART5_IRQHandler</STRONG> (Thumb, 0 bytes, Stack size 0 bytes, startup_stm32f10x_hd.o(.text))
<BR>[Address Reference Count : 1]<UL><LI> startup_stm32f10x_hd.o(RESET)
</UL>
<P><STRONG><a name="[30]"></a>USART2_IRQHandler</STRONG> (Thumb, 0 bytes, Stack size 0 bytes, startup_stm32f10x_hd.o(.text))
<BR>[Address Reference Count : 1]<UL><LI> startup_stm32f10x_hd.o(RESET)
</UL>
<P><STRONG><a name="[34]"></a>USBWakeUp_IRQHandler</STRONG> (Thumb, 0 bytes, Stack size 0 bytes, startup_stm32f10x_hd.o(.text))
<BR>[Address Reference Count : 1]<UL><LI> startup_stm32f10x_hd.o(RESET)
</UL>
<P><STRONG><a name="[1d]"></a>USB_HP_CAN1_TX_IRQHandler</STRONG> (Thumb, 0 bytes, Stack size 0 bytes, startup_stm32f10x_hd.o(.text))
<BR>[Address Reference Count : 1]<UL><LI> startup_stm32f10x_hd.o(RESET)
</UL>
<P><STRONG><a name="[1e]"></a>USB_LP_CAN1_RX0_IRQHandler</STRONG> (Thumb, 0 bytes, Stack size 0 bytes, startup_stm32f10x_hd.o(.text))
<BR>[Address Reference Count : 1]<UL><LI> startup_stm32f10x_hd.o(RESET)
</UL>
<P><STRONG><a name="[a]"></a>WWDG_IRQHandler</STRONG> (Thumb, 0 bytes, Stack size 0 bytes, startup_stm32f10x_hd.o(.text))
<BR>[Address Reference Count : 1]<UL><LI> startup_stm32f10x_hd.o(RESET)
</UL>
<P><STRONG><a name="[1df]"></a>OS_CPU_SR_Save</STRONG> (Thumb, 0 bytes, Stack size unknown bytes, os_cpu_a.o(.text))
<BR><BR>[Called By]<UL><LI><a href="#[1ff]">&gt;&gt;</a>&nbsp;&nbsp;&nbsp;OSTimeDly
<LI><a href="#[376]">&gt;&gt;</a>&nbsp;&nbsp;&nbsp;OSTaskSuspend
<LI><a href="#[3b2]">&gt;&gt;</a>&nbsp;&nbsp;&nbsp;OSTaskStkChk
<LI><a href="#[3b1]">&gt;&gt;</a>&nbsp;&nbsp;&nbsp;OSTaskNameSet
<LI><a href="#[3af]">&gt;&gt;</a>&nbsp;&nbsp;&nbsp;OSTaskCreateExt
<LI><a href="#[64]">&gt;&gt;</a>&nbsp;&nbsp;&nbsp;OS_TaskStat
<LI><a href="#[63]">&gt;&gt;</a>&nbsp;&nbsp;&nbsp;OS_TaskIdle
<LI><a href="#[3ae]">&gt;&gt;</a>&nbsp;&nbsp;&nbsp;OS_TCBInit
<LI><a href="#[392]">&gt;&gt;</a>&nbsp;&nbsp;&nbsp;OS_Sched
<LI><a href="#[3b4]">&gt;&gt;</a>&nbsp;&nbsp;&nbsp;OSTimeTick
<LI><a href="#[3ab]">&gt;&gt;</a>&nbsp;&nbsp;&nbsp;OSStatInit
<LI><a href="#[23f]">&gt;&gt;</a>&nbsp;&nbsp;&nbsp;OSSchedUnlock
<LI><a href="#[23c]">&gt;&gt;</a>&nbsp;&nbsp;&nbsp;OSSchedLock
<LI><a href="#[1e4]">&gt;&gt;</a>&nbsp;&nbsp;&nbsp;OSIntExit
<LI><a href="#[38f]">&gt;&gt;</a>&nbsp;&nbsp;&nbsp;OSEventNameSet
<LI><a href="#[2f]">&gt;&gt;</a>&nbsp;&nbsp;&nbsp;USART1_IRQHandler
<LI><a href="#[1c]">&gt;&gt;</a>&nbsp;&nbsp;&nbsp;ADC1_2_IRQHandler
<LI><a href="#[3b3]">&gt;&gt;</a>&nbsp;&nbsp;&nbsp;OSTimeSet
<LI><a href="#[214]">&gt;&gt;</a>&nbsp;&nbsp;&nbsp;OSTimeGet
<LI><a href="#[3ac]">&gt;&gt;</a>&nbsp;&nbsp;&nbsp;OSTaskCreate
<LI><a href="#[2d9]">&gt;&gt;</a>&nbsp;&nbsp;&nbsp;OSSemPost
<LI><a href="#[234]">&gt;&gt;</a>&nbsp;&nbsp;&nbsp;OSSemPend
<LI><a href="#[233]">&gt;&gt;</a>&nbsp;&nbsp;&nbsp;OSSemCreate
<LI><a href="#[227]">&gt;&gt;</a>&nbsp;&nbsp;&nbsp;OSQQuery
<LI><a href="#[275]">&gt;&gt;</a>&nbsp;&nbsp;&nbsp;OSQPost
<LI><a href="#[226]">&gt;&gt;</a>&nbsp;&nbsp;&nbsp;OSQPend
<LI><a href="#[3a4]">&gt;&gt;</a>&nbsp;&nbsp;&nbsp;OSQCreate
<LI><a href="#[381]">&gt;&gt;</a>&nbsp;&nbsp;&nbsp;OSFlagPost
<LI><a href="#[236]">&gt;&gt;</a>&nbsp;&nbsp;&nbsp;OSFlagPend
<LI><a href="#[390]">&gt;&gt;</a>&nbsp;&nbsp;&nbsp;OSFlagCreate
<LI><a href="#[3e]">&gt;&gt;</a>&nbsp;&nbsp;&nbsp;UART4_IRQHandler
</UL>

<P><STRONG><a name="[1e0]"></a>OS_CPU_SR_Restore</STRONG> (Thumb, 0 bytes, Stack size unknown bytes, os_cpu_a.o(.text))
<BR><BR>[Called By]<UL><LI><a href="#[1ff]">&gt;&gt;</a>&nbsp;&nbsp;&nbsp;OSTimeDly
<LI><a href="#[376]">&gt;&gt;</a>&nbsp;&nbsp;&nbsp;OSTaskSuspend
<LI><a href="#[3b2]">&gt;&gt;</a>&nbsp;&nbsp;&nbsp;OSTaskStkChk
<LI><a href="#[3b1]">&gt;&gt;</a>&nbsp;&nbsp;&nbsp;OSTaskNameSet
<LI><a href="#[3af]">&gt;&gt;</a>&nbsp;&nbsp;&nbsp;OSTaskCreateExt
<LI><a href="#[64]">&gt;&gt;</a>&nbsp;&nbsp;&nbsp;OS_TaskStat
<LI><a href="#[63]">&gt;&gt;</a>&nbsp;&nbsp;&nbsp;OS_TaskIdle
<LI><a href="#[3ae]">&gt;&gt;</a>&nbsp;&nbsp;&nbsp;OS_TCBInit
<LI><a href="#[392]">&gt;&gt;</a>&nbsp;&nbsp;&nbsp;OS_Sched
<LI><a href="#[3b4]">&gt;&gt;</a>&nbsp;&nbsp;&nbsp;OSTimeTick
<LI><a href="#[3ab]">&gt;&gt;</a>&nbsp;&nbsp;&nbsp;OSStatInit
<LI><a href="#[23f]">&gt;&gt;</a>&nbsp;&nbsp;&nbsp;OSSchedUnlock
<LI><a href="#[23c]">&gt;&gt;</a>&nbsp;&nbsp;&nbsp;OSSchedLock
<LI><a href="#[1e4]">&gt;&gt;</a>&nbsp;&nbsp;&nbsp;OSIntExit
<LI><a href="#[38f]">&gt;&gt;</a>&nbsp;&nbsp;&nbsp;OSEventNameSet
<LI><a href="#[2f]">&gt;&gt;</a>&nbsp;&nbsp;&nbsp;USART1_IRQHandler
<LI><a href="#[1c]">&gt;&gt;</a>&nbsp;&nbsp;&nbsp;ADC1_2_IRQHandler
<LI><a href="#[3b3]">&gt;&gt;</a>&nbsp;&nbsp;&nbsp;OSTimeSet
<LI><a href="#[214]">&gt;&gt;</a>&nbsp;&nbsp;&nbsp;OSTimeGet
<LI><a href="#[3ac]">&gt;&gt;</a>&nbsp;&nbsp;&nbsp;OSTaskCreate
<LI><a href="#[2d9]">&gt;&gt;</a>&nbsp;&nbsp;&nbsp;OSSemPost
<LI><a href="#[234]">&gt;&gt;</a>&nbsp;&nbsp;&nbsp;OSSemPend
<LI><a href="#[233]">&gt;&gt;</a>&nbsp;&nbsp;&nbsp;OSSemCreate
<LI><a href="#[227]">&gt;&gt;</a>&nbsp;&nbsp;&nbsp;OSQQuery
<LI><a href="#[275]">&gt;&gt;</a>&nbsp;&nbsp;&nbsp;OSQPost
<LI><a href="#[226]">&gt;&gt;</a>&nbsp;&nbsp;&nbsp;OSQPend
<LI><a href="#[3a4]">&gt;&gt;</a>&nbsp;&nbsp;&nbsp;OSQCreate
<LI><a href="#[381]">&gt;&gt;</a>&nbsp;&nbsp;&nbsp;OSFlagPost
<LI><a href="#[236]">&gt;&gt;</a>&nbsp;&nbsp;&nbsp;OSFlagPend
<LI><a href="#[390]">&gt;&gt;</a>&nbsp;&nbsp;&nbsp;OSFlagCreate
<LI><a href="#[3e]">&gt;&gt;</a>&nbsp;&nbsp;&nbsp;UART4_IRQHandler
</UL>

<P><STRONG><a name="[3aa]"></a>OSStartHighRdy</STRONG> (Thumb, 0 bytes, Stack size unknown bytes, os_cpu_a.o(.text))
<BR><BR>[Called By]<UL><LI><a href="#[3a9]">&gt;&gt;</a>&nbsp;&nbsp;&nbsp;OSStart
</UL>

<P><STRONG><a name="[3bb]"></a>OSCtxSw</STRONG> (Thumb, 0 bytes, Stack size unknown bytes, os_cpu_a.o(.text))
<BR><BR>[Called By]<UL><LI><a href="#[392]">&gt;&gt;</a>&nbsp;&nbsp;&nbsp;OS_Sched
</UL>

<P><STRONG><a name="[3a3]"></a>OSIntCtxSw</STRONG> (Thumb, 0 bytes, Stack size unknown bytes, os_cpu_a.o(.text))
<BR><BR>[Called By]<UL><LI><a href="#[1e4]">&gt;&gt;</a>&nbsp;&nbsp;&nbsp;OSIntExit
</UL>

<P><STRONG><a name="[8]"></a>OS_CPU_PendSVHandler</STRONG> (Thumb, 0 bytes, Stack size unknown bytes, os_cpu_a.o(.text))
<BR>[Address Reference Count : 1]<UL><LI> startup_stm32f10x_hd.o(RESET)
</UL>
<P><STRONG><a name="[1c1]"></a>qsort</STRONG> (Thumb, 156 bytes, Stack size 40 bytes, qsort.o(.text))
<BR><BR>[Stack]<UL><LI>Max Depth = 40 + In Cycle
<LI>Call Chain = qsort &rArr;  qsort (Cycle)
</UL>
<BR>[Calls]<UL><LI><a href="#[1c1]">&gt;&gt;</a>&nbsp;&nbsp;&nbsp;qsort
</UL>
<BR>[Called By]<UL><LI><a href="#[1fe]">&gt;&gt;</a>&nbsp;&nbsp;&nbsp;ADC_Get_Value
<LI><a href="#[409]">&gt;&gt;</a>&nbsp;&nbsp;&nbsp;Temp_Cal_Data_Tab_Qsort
<LI><a href="#[1c1]">&gt;&gt;</a>&nbsp;&nbsp;&nbsp;qsort
</UL>

<P><STRONG><a name="[3f3]"></a>rand</STRONG> (Thumb, 20 bytes, Stack size 0 bytes, rand.o(.text))
[...]
<BR><BR>[Stack]<UL><LI>Max Depth = 160<LI>Call Chain = Repeat_Alarm_Para_Set &rArr; Repeat_Alarm_Para_Dis &rArr; GUI_DispDecAt &rArr; GUI_DispCharAt &rArr; Display_ASCII &rArr; OLED_ShowChar &rArr; OLED_DrawPoint
</UL>
<BR>[Calls]<UL><LI><a href="#[212]">&gt;&gt;</a>&nbsp;&nbsp;&nbsp;GUI_SetTextMode
<LI><a href="#[3dc]">&gt;&gt;</a>&nbsp;&nbsp;&nbsp;Repeat_Alarm_Para_Dis
</UL>
<BR>[Called By]<UL><LI><a href="#[11c]">&gt;&gt;</a>&nbsp;&nbsp;&nbsp;DispMenuSMSAamRptIrlUp
<LI><a href="#[11b]">&gt;&gt;</a>&nbsp;&nbsp;&nbsp;DispMenuSMSAamRptIrlInit
<LI><a href="#[121]">&gt;&gt;</a>&nbsp;&nbsp;&nbsp;DispMenuSMSAamRptIrlCancel
</UL>

<P><STRONG><a name="[314]"></a>Set_Item_Bar_Str</STRONG> (Thumb, 22 bytes, Stack size 16 bytes, menusoundlightalarm.o(i.Set_Item_Bar_Str))
<BR><BR>[Stack]<UL><LI>Max Depth = 40<LI>Call Chain = Set_Item_Bar_Str &rArr; __2sprintf
</UL>
<BR>[Calls]<UL><LI><a href="#[2dc]">&gt;&gt;</a>&nbsp;&nbsp;&nbsp;__2sprintf
</UL>
<BR>[Called By]<UL><LI><a href="#[b9]">&gt;&gt;</a>&nbsp;&nbsp;&nbsp;DispMenuSudLgtAamInit
</UL>

<P><STRONG><a name="[313]"></a>Set_Item_Bar_Str</STRONG> (Thumb, 26 bytes, Stack size 24 bytes, menusoundlightalarmchannelselect.o(i.Set_Item_Bar_Str))
<BR><BR>[Stack]<UL><LI>Max Depth = 48<LI>Call Chain = Set_Item_Bar_Str &rArr; __2sprintf
</UL>
<BR>[Calls]<UL><LI><a href="#[2dc]">&gt;&gt;</a>&nbsp;&nbsp;&nbsp;__2sprintf
</UL>
<BR>[Called By]<UL><LI><a href="#[d5]">&gt;&gt;</a>&nbsp;&nbsp;&nbsp;DispMenuSudLgtAamChaSecInit
</UL>

<P><STRONG><a name="[400]"></a>Stm_Cok_Para_Dis</STRONG> (Thumb, 188 bytes, Stack size 8 bytes, menusystemclock.o(i.Stm_Cok_Para_Dis))
<BR><BR>[Stack]<UL><LI>Max Depth = 152<LI>Call Chain = Stm_Cok_Para_Dis &rArr; GUI_DispDecAt &rArr; GUI_DispCharAt &rArr; Display_ASCII &rArr; OLED_ShowChar &rArr; OLED_DrawPoint
</UL>
<BR>[Calls]<UL><LI><a href="#[210]">&gt;&gt;</a>&nbsp;&nbsp;&nbsp;GUI_DispDecAt
</UL>
<BR>[Called By]<UL><LI><a href="#[311]">&gt;&gt;</a>&nbsp;&nbsp;&nbsp;Stm_Cok_Para_Set
</UL>

<P><STRONG><a name="[311]"></a>Stm_Cok_Para_Set</STRONG> (Thumb, 36 bytes, Stack size 8 bytes, menusystemclock.o(i.Stm_Cok_Para_Set))
<BR><BR>[Stack]<UL><LI>Max Depth = 160<LI>Call Chain = Stm_Cok_Para_Set &rArr; Stm_Cok_Para_Dis &rArr; GUI_DispDecAt &rArr; GUI_DispCharAt &rArr; Display_ASCII &rArr; OLED_ShowChar &rArr; OLED_DrawPoint
</UL>
<BR>[Calls]<UL><LI><a href="#[212]">&gt;&gt;</a>&nbsp;&nbsp;&nbsp;GUI_SetTextMode
<LI><a href="#[400]">&gt;&gt;</a>&nbsp;&nbsp;&nbsp;Stm_Cok_Para_Dis
</UL>
<BR>[Called By]<UL><LI><a href="#[162]">&gt;&gt;</a>&nbsp;&nbsp;&nbsp;DispMenuStmCokUp
<LI><a href="#[161]">&gt;&gt;</a>&nbsp;&nbsp;&nbsp;DispMenuStmCokInit
<LI><a href="#[167]">&gt;&gt;</a>&nbsp;&nbsp;&nbsp;DispMenuStmCokCancel
</UL>

<P><STRONG><a name="[410]"></a>Uld_Nwk_Add_Para_Dis</STRONG> (Thumb, 310 bytes, Stack size 8 bytes, menuuploadnetworkadderindex.o(i.Uld_Nwk_Add_Para_Dis))
<BR><BR>[Stack]<UL><LI>Max Depth = 152<LI>Call Chain = Uld_Nwk_Add_Para_Dis &rArr; GUI_DispDecAt &rArr; GUI_DispCharAt &rArr; Display_ASCII &rArr; OLED_ShowChar &rArr; OLED_DrawPoint
</UL>
<BR>[Calls]<UL><LI><a href="#[210]">&gt;&gt;</a>&nbsp;&nbsp;&nbsp;GUI_DispDecAt
</UL>
<BR>[Called By]<UL><LI><a href="#[315]">&gt;&gt;</a>&nbsp;&nbsp;&nbsp;Uld_Nwk_Add_Para_Set
</UL>

<P><STRONG><a name="[315]"></a>Uld_Nwk_Add_Para_Set</STRONG> (Thumb, 36 bytes, Stack size 8 bytes, menuuploadnetworkadderindex.o(i.Uld_Nwk_Add_Para_Set))
<BR><BR>[Stack]<UL><LI>Max Depth = 160<LI>Call Chain = Uld_Nwk_Add_Para_Set &rArr; Uld_Nwk_Add_Para_Dis &rArr; GUI_DispDecAt &rArr; GUI_DispCharAt &rArr; Display_ASCII &rArr; OLED_ShowChar &rArr; OLED_DrawPoint
</UL>
<BR>[Calls]<UL><LI><a href="#[212]">&gt;&gt;</a>&nbsp;&nbsp;&nbsp;GUI_SetTextMode
<LI><a href="#[410]">&gt;&gt;</a>&nbsp;&nbsp;&nbsp;Uld_Nwk_Add_Para_Dis
</UL>
<BR>[Called By]<UL><LI><a href="#[146]">&gt;&gt;</a>&nbsp;&nbsp;&nbsp;DispMenuUldNwkAddUp
<LI><a href="#[145]">&gt;&gt;</a>&nbsp;&nbsp;&nbsp;DispMenuUldNwkAddInit
<LI><a href="#[14b]">&gt;&gt;</a>&nbsp;&nbsp;&nbsp;DispMenuUldNwkAddCancel
</UL>

<P><STRONG><a name="[412]"></a>User_Perm_Set_Para_Dis</STRONG> (Thumb, 120 bytes, Stack size 8 bytes, menuuserpermset.o(i.User_Perm_Set_Para_Dis))
<BR><BR>[Stack]<UL><LI>Max Depth = 152<LI>Call Chain = User_Perm_Set_Para_Dis &rArr; GUI_DispDecAt &rArr; GUI_DispCharAt &rArr; Display_ASCII &rArr; OLED_ShowChar &rArr; OLED_DrawPoint
</UL>
<BR>[Calls]<UL><LI><a href="#[210]">&gt;&gt;</a>&nbsp;&nbsp;&nbsp;GUI_DispDecAt
</UL>
<BR>[Called By]<UL><LI><a href="#[316]">&gt;&gt;</a>&nbsp;&nbsp;&nbsp;User_Perm_Set_Para_Set
</UL>

<P><STRONG><a name="[316]"></a>User_Perm_Set_Para_Set</STRONG> (Thumb, 36 bytes, Stack size 8 bytes, menuuserpermset.o(i.User_Perm_Set_Para_Set))
<BR><BR>[Stack]<UL><LI>Max Depth = 160<LI>Call Chain = User_Perm_Set_Para_Set &rArr; User_Perm_Set_Para_Dis &rArr; GUI_DispDecAt &rArr; GUI_DispCharAt &rArr; Display_ASCII &rArr; OLED_ShowChar &rArr; OLED_DrawPoint
</UL>
<BR>[Calls]<UL><LI><a href="#[212]">&gt;&gt;</a>&nbsp;&nbsp;&nbsp;GUI_SetTextMode
<LI><a href="#[412]">&gt;&gt;</a>&nbsp;&nbsp;&nbsp;User_Perm_Set_Para_Dis
</UL>
<BR>[Called By]<UL><LI><a href="#[1b6]">&gt;&gt;</a>&nbsp;&nbsp;&nbsp;DispMenuUserPermSetUp
<LI><a href="#[1b5]">&gt;&gt;</a>&nbsp;&nbsp;&nbsp;DispMenuUserPermSetInit
<LI><a href="#[1bb]">&gt;&gt;</a>&nbsp;&nbsp;&nbsp;DispMenuUserPermSetCancel
</UL>

<P><STRONG><a name="[3d4]"></a>Psl_AI2C_Bus_Delay</STRONG> (Thumb, 10 bytes, Stack size 0 bytes, psl_ai2c.o(i.Psl_AI2C_Bus_Delay))
<BR><BR>[Called By]<UL><LI><a href="#[3d3]">&gt;&gt;</a>&nbsp;&nbsp;&nbsp;Psl_AI2C_Bus_Init
</UL>

<P><STRONG><a name="[3d3]"></a>Psl_AI2C_Bus_Init</STRONG> (Thumb, 72 bytes, Stack size 8 bytes, psl_ai2c.o(i.Psl_AI2C_Bus_Init))
<BR><BR>[Stack]<UL><LI>Max Depth = 8<LI>Call Chain = Psl_AI2C_Bus_Init
</UL>
<BR>[Calls]<UL><LI><a href="#[1e9]">&gt;&gt;</a>&nbsp;&nbsp;&nbsp;GPIO_SetBits
<LI><a href="#[1ec]">&gt;&gt;</a>&nbsp;&nbsp;&nbsp;GPIO_ResetBits
<LI><a href="#[1fc]">&gt;&gt;</a>&nbsp;&nbsp;&nbsp;GPIO_ReadInputDataBit
<LI><a href="#[3d4]">&gt;&gt;</a>&nbsp;&nbsp;&nbsp;Psl_AI2C_Bus_Delay
</UL>
<BR>[Called By]<UL><LI><a href="#[3d5]">&gt;&gt;</a>&nbsp;&nbsp;&nbsp;Psl_AI2C_Init
</UL>

<P><STRONG><a name="[58]"></a>GSM_Adaptive_BaudRate</STRONG> (Thumb, 14 bytes, Stack size 8 bytes, gsm_api.o(i.GSM_Adaptive_BaudRate))
<BR><BR>[Stack]<UL><LI>Max Depth = 536 + Unknown Stack Size
<LI>Call Chain = GSM_Adaptive_BaudRate &rArr; GSM_MG2639_Adaptive_BaudRate &rArr; GSM_MG2639_send_cmd &rArr; GSM_MG2639_check_cmd &rArr; String_KMPMatch &rArr; getNext
</UL>
<BR>[Calls]<UL><LI><a href="#[34e]">&gt;&gt;</a>&nbsp;&nbsp;&nbsp;GSM_MG2639_Adaptive_BaudRate
</UL>
<BR>[Address Reference Count : 1]<UL><LI> gsm_api.o(i.GSM_Transmittion_Init)
</UL>
<P><STRONG><a name="[57]"></a>GSM_AskCSQ</STRONG> (Thumb, 22 bytes, Stack size 16 bytes, gsm_api.o(i.GSM_AskCSQ))
<BR><BR>[Stack]<UL><LI>Max Depth = 528 + Unknown Stack Size
<LI>Call Chain = GSM_AskCSQ &rArr; GSM_MG2639_AskCSQ &rArr; GSM_MG2639_send_cmd &rArr; GSM_MG2639_check_cmd &rArr; String_KMPMatch &rArr; getNext
</UL>
<BR>[Calls]<UL><LI><a href="#[34f]">&gt;&gt;</a>&nbsp;&nbsp;&nbsp;GSM_MG2639_AskCSQ
</UL>
<BR>[Address Reference Count : 1]<UL><LI> gsm_api.o(i.GSM_Transmittion_Init)
</UL>
<P><STRONG><a name="[5b]"></a>GSM_CheckGPRSActive</STRONG> (Thumb, 18 bytes, Stack size 8 bytes, gsm_api.o(i.GSM_CheckGPRSActive))
<BR><BR>[Stack]<UL><LI>Max Depth = 512 + Unknown Stack Size
<LI>Call Chain = GSM_CheckGPRSActive &rArr; GSM_MG2639_CheckGPRSActive &rArr; GSM_MG2639_send_cmd &rArr; GSM_MG2639_check_cmd &rArr; String_KMPMatch &rArr; getNext
</UL>
<BR>[Calls]<UL><LI><a href="#[350]">&gt;&gt;</a>&nbsp;&nbsp;&nbsp;GSM_MG2639_CheckGPRSActive
</UL>
<BR>[Address Reference Count : 1]<UL><LI> gsm_api.o(i.GSM_Transmittion_Init)
</UL>
<P><STRONG><a name="[5a]"></a>GSM_CheckNetwork</STRONG> (Thumb, 18 bytes, Stack size 8 bytes, gsm_api.o(i.GSM_CheckNetwork))
<BR><BR>[Stack]<UL><LI>Max Depth = 512 + Unknown Stack Size
<LI>Call Chain = GSM_CheckNetwork &rArr; GSM_MG2639_CheckNetwork &rArr; GSM_MG2639_send_cmd &rArr; GSM_MG2639_check_cmd &rArr; String_KMPMatch &rArr; getNext
</UL>
<BR>[Calls]<UL><LI><a href="#[351]">&gt;&gt;</a>&nbsp;&nbsp;&nbsp;GSM_MG2639_CheckNetwork
</UL>
<BR>[Address Reference Count : 1]<UL><LI> gsm_api.o(i.GSM_Transmittion_Init)
</UL>
<P><STRONG><a name="[5c]"></a>GSM_Check_Sim_Card</STRONG> (Thumb, 18 bytes, Stack size 8 bytes, gsm_api.o(i.GSM_Check_Sim_Card))
<BR><BR>[Stack]<UL><LI>Max Depth = 512 + Unknown Stack Size
<LI>Call Chain = GSM_Check_Sim_Card &rArr; GSM_MG2639_Check_SIm_Card &rArr; GSM_MG2639_send_cmd &rArr; GSM_MG2639_check_cmd &rArr; String_KMPMatch &rArr; getNext
</UL>
<BR>[Calls]<UL><LI><a href="#[352]">&gt;&gt;</a>&nbsp;&nbsp;&nbsp;GSM_MG2639_Check_SIm_Card
</UL>
<BR>[Address Reference Count : 1]<UL><LI> gsm_api.o(i.GSM_Transmittion_Init)
</UL>
<P><STRONG><a name="[5f]"></a>GSM_Close_Connect</STRONG> (Thumb, 4 bytes, Stack size 0 bytes, gsm_api.o(i.GSM_Close_Connect))
<BR>[Address Reference Count : 1]<UL><LI> gsm_api.o(i.GSM_Transmittion_Init)
</UL>
<P><STRONG><a name="[54]"></a>GSM_Echo</STRONG> (Thumb, 38 bytes, Stack size 16 bytes, gsm_api.o(i.GSM_Echo))
<BR><BR>[Stack]<UL><LI>Max Depth = 520 + Unknown Stack Size
<LI>Call Chain = GSM_Echo &rArr; GSM_MG2639_Echo &rArr; GSM_MG2639_send_cmd &rArr; GSM_MG2639_check_cmd &rArr; String_KMPMatch &rArr; getNext
</UL>
<BR>[Calls]<UL><LI><a href="#[353]">&gt;&gt;</a>&nbsp;&nbsp;&nbsp;GSM_MG2639_Echo
</UL>
<BR>[Address Reference Count : 1]<UL><LI> gsm_api.o(i.GSM_Transmittion_Init)
</UL>
<P><STRONG><a name="[4d]"></a>GSM_IO_Init</STRONG> (Thumb, 8 bytes, Stack size 8 bytes, gsm_api.o(i.GSM_IO_Init))
<BR><BR>[Stack]<UL><LI>Max Depth = 40<LI>Call Chain = GSM_IO_Init &rArr; GSM_MG2639_Io_Init &rArr; GPIO_Init
</UL>
<BR>[Calls]<UL><LI><a href="#[359]">&gt;&gt;</a>&nbsp;&nbsp;&nbsp;GSM_MG2639_Io_Init
</UL>
<BR>[Address Reference Count : 1]<UL><LI> gsm_api.o(i.GSM_Transmittion_Init)
</UL>
<P><STRONG><a name="[52]"></a>GSM_Module_Sleep</STRONG> (Thumb, 2 bytes, Stack size 0 bytes, gsm_api.o(i.GSM_Module_Sleep))
<BR>[Address Reference Count : 1]<UL><LI> gsm_api.o(i.GSM_Transmittion_Init)
</UL>
<P><STRONG><a name="[53]"></a>GSM_Module_WakeUp</STRONG> (Thumb, 2 bytes, Stack size 0 bytes, gsm_api.o(i.GSM_Module_WakeUp))
<BR>[Address Reference Count : 1]<UL><LI> gsm_api.o(i.GSM_Transmittion_Init)
</UL>
<P><STRONG><a name="[5e]"></a>GSM_Open_Connect</STRONG> (Thumb, 36 bytes, Stack size 24 bytes, gsm_api.o(i.GSM_Open_Connect))
<BR><BR>[Stack]<UL><LI>Max Depth = 656 + Unknown Stack Size
<LI>Call Chain = GSM_Open_Connect &rArr; GSM_MG2639_Open_Connect_Srever &rArr; GSM_MG2639_CheckNetwork &rArr; GSM_MG2639_send_cmd &rArr; GSM_MG2639_check_cmd &rArr; String_KMPMatch &rArr; getNext
</UL>
<BR>[Calls]<UL><LI><a href="#[35d]">&gt;&gt;</a>&nbsp;&nbsp;&nbsp;GSM_MG2639_Open_Connect_Srever
</UL>
<BR>[Address Reference Count : 1]<UL><LI> gsm_api.o(i.GSM_Transmittion_Init)
</UL>
<P><STRONG><a name="[50]"></a>GSM_Power_Down</STRONG> (Thumb, 8 bytes, Stack size 8 bytes, gsm_api.o(i.GSM_Power_Down))
<BR><BR>[Stack]<UL><LI>Max Depth = 48 + Unknown Stack Size
<LI>Call Chain = GSM_Power_Down &rArr; GSM_MG2639_Power_Down &rArr; MG2639_Boot &rArr; OSTimeDly &rArr; OS_Sched
</UL>
<BR>[Calls]<UL><LI><a href="#[35e]">&gt;&gt;</a>&nbsp;&nbsp;&nbsp;GSM_MG2639_Power_Down
</UL>
<BR>[Address Reference Count : 1]<UL><LI> gsm_api.o(i.GSM_Transmittion_Init)
</UL>
<P><STRONG><a name="[4f]"></a>GSM_Power_Rest</STRONG> (Thumb, 12 bytes, Stack size 8 bytes, gsm_api.o(i.GSM_Power_Rest))
<BR><BR>[Stack]<UL><LI>Max Depth = 56 + Unknown Stack Size
<LI>Call Chain = GSM_Power_Rest &rArr; GSM_MG2639_Power_Rest &rArr; GSM_MG2639_Power_Up &rArr; MG2639_Boot &rArr; OSTimeDly &rArr; OS_Sched
</UL>
<BR>[Calls]<UL><LI><a href="#[360]">&gt;&gt;</a>&nbsp;&nbsp;&nbsp;GSM_MG2639_Power_Rest
</UL>
<BR>[Address Reference Count : 1]<UL><LI> gsm_api.o(i.GSM_Transmittion_Init)
</UL>
<P><STRONG><a name="[51]"></a>GSM_Power_Up</STRONG> (Thumb, 8 bytes, Stack size 8 bytes, gsm_api.o(i.GSM_Power_Up))
<BR><BR>[Stack]<UL><LI>Max Depth = 48 + Unknown Stack Size
<LI>Call Chain = GSM_Power_Up &rArr; GSM_MG2639_Power_Up &rArr; MG2639_Boot &rArr; OSTimeDly &rArr; OS_Sched
</UL>
<BR>[Calls]<UL><LI><a href="#[361]">&gt;&gt;</a>&nbsp;&nbsp;&nbsp;GSM_MG2639_Power_Up
</UL>
<BR>[Address Reference Count : 1]<UL><LI> gsm_api.o(i.GSM_Transmittion_Init)
</UL>
<P><STRONG><a name="[61]"></a>GSM_Rev_Data</STRONG> (Thumb, 6 bytes, Stack size 0 bytes, gsm_api.o(i.GSM_Rev_Data))
<BR>[Address Reference Count : 1]<UL><LI> gsm_api.o(i.GSM_Transmittion_Init)
</UL>
<P><STRONG><a name="[55]"></a>GSM_Send_AT</STRONG> (Thumb, 18 bytes, Stack size 8 bytes, gsm_api.o(i.GSM_Send_AT))
<BR><BR>[Stack]<UL><LI>Max Depth = 512 + Unknown Stack Size
<LI>Call Chain = GSM_Send_AT &rArr; GSM_MG2639_Send_AT &rArr; GSM_MG2639_send_cmd &rArr; GSM_MG2639_check_cmd &rArr; String_KMPMatch &rArr; getNext
</UL>
<BR>[Calls]<UL><LI><a href="#[362]">&gt;&gt;</a>&nbsp;&nbsp;&nbsp;GSM_MG2639_Send_AT
</UL>
<BR>[Address Reference Count : 1]<UL><LI> gsm_api.o(i.GSM_Transmittion_Init)
</UL>
<P><STRONG><a name="[60]"></a>GSM_Send_Data</STRONG> (Thumb, 36 bytes, Stack size 24 bytes, gsm_api.o(i.GSM_Send_Data))
<BR><BR>[Stack]<UL><LI>Max Depth = 584 + Unknown Stack Size
<LI>Call Chain = GSM_Send_Data &rArr; GSM_MG2639_send_data &rArr; GSM_MG2639_send_data_Status &rArr; GSM_MG2639_check_cmd &rArr; String_KMPMatch &rArr; getNext
</UL>
<BR>[Calls]<UL><LI><a href="#[367]">&gt;&gt;</a>&nbsp;&nbsp;&nbsp;GSM_MG2639_send_data
</UL>
<BR>[Address Reference Count : 1]<UL><LI> gsm_api.o(i.GSM_Transmittion_Init)
</UL>
<P><STRONG><a name="[5d]"></a>GSM_Send_Sms</STRONG> (Thumb, 6 bytes, Stack size 0 bytes, gsm_api.o(i.GSM_Send_Sms))
<BR>[Address Reference Count : 1]<UL><LI> gsm_api.o(i.GSM_Transmittion_Init)
</UL>
<P><STRONG><a name="[59]"></a>GSM_SetBaudRate</STRONG> (Thumb, 22 bytes, Stack size 16 bytes, gsm_api.o(i.GSM_SetBaudRate))
<BR><BR>[Stack]<UL><LI>Max Depth = 552 + Unknown Stack Size
<LI>Call Chain = GSM_SetBaudRate &rArr; GSM_MG2639_SetBaudRate &rArr; GSM_MG2639_send_cmd &rArr; GSM_MG2639_check_cmd &rArr; String_KMPMatch &rArr; getNext
</UL>
<BR>[Calls]<UL><LI><a href="#[363]">&gt;&gt;</a>&nbsp;&nbsp;&nbsp;GSM_MG2639_SetBaudRate
</UL>
<BR>[Address Reference Count : 1]<UL><LI> gsm_api.o(i.GSM_Transmittion_Init)
</UL>
<P><STRONG><a name="[4e]"></a>GSM_Usart_Init</STRONG> (Thumb, 12 bytes, Stack size 8 bytes, gsm_api.o(i.GSM_Usart_Init))
<BR><BR>[Stack]<UL><LI>Max Depth = 108<LI>Call Chain = GSM_Usart_Init &rArr; GSM_USART_Init &rArr; USART_Init &rArr; RCC_GetClocksFreq
</UL>
<BR>[Calls]<UL><LI><a href="#[35a]">&gt;&gt;</a>&nbsp;&nbsp;&nbsp;GSM_USART_Init
</UL>
<BR>[Address Reference Count : 1]<UL><LI> gsm_api.o(i.GSM_Transmittion_Init)
</UL>
<P><STRONG><a name="[56]"></a>GSM_send_cmd</STRONG> (Thumb, 34 bytes, Stack size 24 bytes, gsm_api.o(i.GSM_send_cmd))
<BR><BR>[Stack]<UL><LI>Max Depth = 512 + Unknown Stack Size
<LI>Call Chain = GSM_send_cmd &rArr; GSM_MG2639_send_cmd &rArr; GSM_MG2639_check_cmd &rArr; String_KMPMatch &rArr; getNext
</UL>
<BR>[Calls]<UL><LI><a href="#[35b]">&gt;&gt;</a>&nbsp;&nbsp;&nbsp;GSM_MG2639_send_cmd
</UL>
<BR>[Address Reference Count : 1]<UL><LI> gsm_api.o(i.GSM_Transmittion_Init)
</UL>
<P><STRONG><a name="[374]"></a>Server_Send_Rev_Data</STRONG> (Thumb, 258 bytes, Stack size 32 bytes, gsm_app.o(i.Server_Send_Rev_Data))
<BR><BR>[Stack]<UL><LI>Max Depth = 32<LI>Call Chain = Server_Send_Rev_Data
</UL>
<BR>[Called By]<UL><LI><a href="#[34c]">&gt;&gt;</a>&nbsp;&nbsp;&nbsp;Gsm_gprs_comm
</UL>

<P><STRONG><a name="[411]"></a>Usart_SendByte</STRONG> (Thumb, 30 bytes, Stack size 16 bytes, gsm_usart.o(i.Usart_SendByte))
<BR><BR>[Stack]<UL><LI>Max Depth = 16<LI>Call Chain = Usart_SendByte
</UL>
<BR>[Calls]<UL><LI><a href="#[3de]">&gt;&gt;</a>&nbsp;&nbsp;&nbsp;USART_SendData
<LI><a href="#[3dd]">&gt;&gt;</a>&nbsp;&nbsp;&nbsp;USART_GetFlagStatus
</UL>
<BR>[Called By]<UL><LI><a href="#[369]">&gt;&gt;</a>&nbsp;&nbsp;&nbsp;Usart_SendStr_length
</UL>

<P><STRONG><a name="[35f]"></a>MG2639_Boot</STRONG> (Thumb, 28 bytes, Stack size 8 bytes, gsm_mg2639.o(i.MG2639_Boot))
<BR><BR>[Stack]<UL><LI>Max Depth = 32 + Unknown Stack Size
<LI>Call Chain = MG2639_Boot &rArr; OSTimeDly &rArr; OS_Sched
</UL>
<BR>[Calls]<UL><LI><a href="#[1ff]">&gt;&gt;</a>&nbsp;&nbsp;&nbsp;OSTimeDly
<LI><a href="#[1e9]">&gt;&gt;</a>&nbsp;&nbsp;&nbsp;GPIO_SetBits
<LI><a href="#[1ec]">&gt;&gt;</a>&nbsp;&nbsp;&nbsp;GPIO_ResetBits
</UL>
<BR>[Called By]<UL><LI><a href="#[361]">&gt;&gt;</a>&nbsp;&nbsp;&nbsp;GSM_MG2639_Power_Up
<LI><a href="#[35e]">&gt;&gt;</a>&nbsp;&nbsp;&nbsp;GSM_MG2639_Power_Down
</UL>

<P><STRONG><a name="[418]"></a>_printf_core</STRONG> (Thumb, 996 bytes, Stack size 104 bytes, printf8.o(i._printf_core), UNUSED)
<BR><BR>[Calls]<UL><LI><a href="#[1db]">&gt;&gt;</a>&nbsp;&nbsp;&nbsp;__aeabi_uldivmod
<LI><a href="#[425]">&gt;&gt;</a>&nbsp;&nbsp;&nbsp;_printf_pre_padding
<LI><a href="#[426]">&gt;&gt;</a>&nbsp;&nbsp;&nbsp;_printf_post_padding
</UL>
<BR>[Called By]<UL><LI><a href="#[419]">&gt;&gt;</a>&nbsp;&nbsp;&nbsp;__0sprintf$8
<LI><a href="#[417]">&gt;&gt;</a>&nbsp;&nbsp;&nbsp;__0printf$8
</UL>

<P><STRONG><a name="[426]"></a>_printf_post_padding</STRONG> (Thumb, 36 bytes, Stack size 24 bytes, printf8.o(i._printf_post_padding), UNUSED)
<BR><BR>[Called By]<UL><LI><a href="#[418]">&gt;&gt;</a>&nbsp;&nbsp;&nbsp;_printf_core
</UL>

<P><STRONG><a name="[425]"></a>_printf_pre_padding</STRONG> (Thumb, 46 bytes, Stack size 24 bytes, printf8.o(i._printf_pre_padding), UNUSED)
<BR><BR>[Called By]<UL><LI><a href="#[418]">&gt;&gt;</a>&nbsp;&nbsp;&nbsp;_printf_core
</UL>

<P><STRONG><a name="[73]"></a>_sputc</STRONG> (Thumb, 10 bytes, Stack size 0 bytes, printf8.o(i._sputc))
<BR><BR>[Called By]<UL><LI><a href="#[419]">&gt;&gt;</a>&nbsp;&nbsp;&nbsp;__0sprintf$8
</UL>
<BR>[Address Reference Count : 1]<UL><LI> printf8.o(i.__0sprintf$8)
</UL>
<P><STRONG><a name="[424]"></a>_fp_digits</STRONG> (Thumb, 334 bytes, Stack size 56 bytes, printfa.o(i._fp_digits), UNUSED)
<BR><BR>[Calls]<UL><LI><a href="#[1d2]">&gt;&gt;</a>&nbsp;&nbsp;&nbsp;__aeabi_dmul
<LI><a href="#[1d3]">&gt;&gt;</a>&nbsp;&nbsp;&nbsp;__aeabi_ddiv
<LI><a href="#[1cb]">&gt;&gt;</a>&nbsp;&nbsp;&nbsp;__aeabi_dadd
<LI><a href="#[2e1]">&gt;&gt;</a>&nbsp;&nbsp;&nbsp;__aeabi_cdrcmple
<LI><a href="#[1db]">&gt;&gt;</a>&nbsp;&nbsp;&nbsp;__aeabi_uldivmod
<LI><a href="#[1dc]">&gt;&gt;</a>&nbsp;&nbsp;&nbsp;__aeabi_d2ulz
</UL>
<BR>[Called By]<UL><LI><a href="#[41b]">&gt;&gt;</a>&nbsp;&nbsp;&nbsp;_printf_core
</UL>

<P><STRONG><a name="[41b]"></a>_printf_core</STRONG> (Thumb, 1744 bytes, Stack size 136 bytes, printfa.o(i._printf_core), UNUSED)
<BR><BR>[Calls]<UL><LI><a href="#[1db]">&gt;&gt;</a>&nbsp;&nbsp;&nbsp;__aeabi_uldivmod
<LI><a href="#[429]">&gt;&gt;</a>&nbsp;&nbsp;&nbsp;__aeabi_uidivmod
<LI><a href="#[427]">&gt;&gt;</a>&nbsp;&nbsp;&nbsp;_printf_pre_padding
<LI><a href="#[428]">&gt;&gt;</a>&nbsp;&nbsp;&nbsp;_printf_post_padding
<LI><a href="#[424]">&gt;&gt;</a>&nbsp;&nbsp;&nbsp;_fp_digits
</UL>
<BR>[Called By]<UL><LI><a href="#[41a]">&gt;&gt;</a>&nbsp;&nbsp;&nbsp;__0vsprintf
</UL>

<P><STRONG><a name="[428]"></a>_printf_post_padding</STRONG> (Thumb, 36 bytes, Stack size 24 bytes, printfa.o(i._printf_post_padding), UNUSED)
<BR><BR>[Called By]<UL><LI><a href="#[41b]">&gt;&gt;</a>&nbsp;&nbsp;&nbsp;_printf_core
</UL>

<P><STRONG><a name="[427]"></a>_printf_pre_padding</STRONG> (Thumb, 46 bytes, Stack size 24 bytes, printfa.o(i._printf_pre_padding), UNUSED)
<BR><BR>[Called By]<UL><LI><a href="#[41b]">&gt;&gt;</a>&nbsp;&nbsp;&nbsp;_printf_core
</UL>

<P><STRONG><a name="[74]"></a>_sputc</STRONG> (Thumb, 10 bytes, Stack size 0 bytes, printfa.o(i._sputc))
<BR><BR>[Called By]<UL><LI><a href="#[41a]">&gt;&gt;</a>&nbsp;&nbsp;&nbsp;__0vsprintf
</UL>
<BR>[Address Reference Count : 1]<UL><LI> printfa.o(i.__0vsprintf)
</UL><P>
<H3>
Undefined Global Symbols
</H3><HR></body></html>
