<html>
<body>
<pre>
<h1>礦ision Build Log</h1>
<h2>Tool Versions:</h2>
IDE-Version: μVision V5.18.0.0
Copyright (C) 2016 ARM Ltd and ARM Germany GmbH. All rights reserved.
License Information: China User, China, LIC=03CQD-8Q0UG-Y65QX-HFVZH-6VJY6-PG1Q8
 
Tool Versions:
Toolchain:       MDK-ARM Standard  Version: 5.18
Toolchain Path:  C:\Keil_v5\ARM\ARMCC\Bin
C Compiler:      Armcc.exe V5.06 update 1 (build 61)
Assembler:       Armasm.exe V5.06 update 1 (build 61)
Linker/Locator:  ArmLink.exe V5.06 update 1 (build 61)
Library Manager: ArmAr.exe V5.06 update 1 (build 61)
Hex Converter:   FromElf.exe V5.06 update 1 (build 61)
CPU DLL:         SARMCM3.DLL V5.18
Dialog DLL:      DCM.DLL V1.13.6.0
Target DLL:      Segger\JL2CM3.dll V2.99.18.0
Dialog DLL:      TCM.DLL V1.14.8.0
 
<h2>Project:</h2>
E:\项目程序\中兴MG2639模块适配新底层\ZD_32Project新底层江苏协议调试12.04\32位平台\USER\32位平台.uvprojx
Project File Date:  12/10/2018

<h2>Output:</h2>
*** Using Compiler 'V5.06 update 1 (build 61)', folder: 'C:\Keil_v5\ARM\ARMCC\Bin'
Build target '32 位平台测试'
compiling GSM_MG2639.c...
compiling Gsm_Api.c...
linking...
Program Size: Code=145322 RO-data=43166 RW-data=2048 ZI-data=62368  
FromELF: creating hex file...
After Build - User command #1: fromelf --bin ..\Output\32_BIT.axf --output  ..\Output\APP.bin
After Build - User command #2: ..\Resource\post.bat
E:\项目程序\中兴MG2639模块适配新底层\ZD_32Project新底层江苏协议调试12.04\32位平台\USER>del ..\Output\Firmware.bin 
E:\项目程序\中兴MG2639模块适配新底层\ZD_32Project新底层江苏协议调试12.04\32位平台\USER>fsutil  file createnew ..\Output\Firmware.bin 12288 
已创建文件 E:\项目程序\中兴MG2639模块适配新底层\ZD_32Project新底层江苏协议调试12.04\32位平台\Output\Firmware.bin
E:\项目程序\中兴MG2639模块适配新底层\ZD_32Project新底层江苏协议调试12.04\32位平台\USER>..\Resource\cat "..\Output\App.bin"  1>>"..\Output\Firmware.bin" 
E:\项目程序\中兴MG2639模块适配新底层\ZD_32Project新底层江苏协议调试12.04\32位平台\USER>..\Resource\hbin "..\Resource\Bootloader.bin" "..\Output\Firmware.bin" 
E:\项目程序\中兴MG2639模块适配新底层\ZD_32Project新底层江苏协议调试12.04\32位平台\USER>..\Resource\bin2HEX  /4  /O0x08000000 "..\Output\Firmware.bin" "..\Output\Firmware.hex" 
BIN2HEX Version 1.06
Copyright (c) 1993-1995 BITWARE.
All rights reserved.
Status: Creating Intel HEX386 file.
Status: Writing linear address record for 0x08000000.
Status: Writing 32 bytes at address 0x08000000.     Status: Writing 32 bytes at address 0x08000020.     Status: Writing 32 bytes at address 0x08000040.     Status: Writing 32 bytes at address 0x08000060.     Status: Writing 32 bytes at address 0x08000080.     Status: Writing 32 bytes at address 0x080000A0.     Status: Writing 32 bytes at address 0x080000C0.     Status: Writing 32 bytes at address 0x080000E0.     Status: Writing 32 bytes at address 0x08000100.     Status: Writing 32 bytes at address 0x08000120.     Status: Writing 32 bytes at address 0x08000140.     Status: Writing 32 bytes at address 0x08000160.     Status: Writing 32 bytes at address 0x08000180.     Status: Writing 32 bytes at address 0x080001A0.     Status: Writing 32 bytes at address 0x080001C0.     Status: Writing 32 bytes at address 0x080001E0.     Status: Writing 32 bytes at address 0x08000200.     Status: Writing 32 bytes at address 0x08000220.     Status: Writing 32 bytes at address 0x08000240.     Status: Writing 32 bytes at address ...
080009C0.     Status: Writing 32 bytes at address 0x080009E0.     Status: Writing 32 bytes at address 0x08000A00.     Status: Writing 32 bytes at address 0x08000A20.     Status: Writing 32 bytes at address 0x08000A40.     Status: Writing 32 bytes at address 0x08000A60.     Status: Writing 32 bytes at address 0x08000A80.     Status: Writing 32 bytes at address 0x08000AA0.     Status: Writing 32 bytes at address 0x08000AC0.     Status: Writing 32 bytes at address 0x08000AE0.     Status: Writing 32 bytes at address 0x08000B00.     Status: Writing 32 bytes at address 0x08000B20.     Status: Writing 32 bytes at address 0x08000B40.     Status: Writing 32 bytes at address 0x08000B60.     Status: Writing 32 bytes at address 0x08000B80.     Status: Writing 32 bytes at address 0x08000BA0.     Status: Writing 32 bytes at address 0x08000BC0.     Status: Writing 32 bytes at address 0x08000BE0.     Status: Writing 32 bytes at address 0x08000C00.     Status: Writing 32 bytes at address 0x08000C20.     Status: Writing 32 byt...
 at address 0x080013A0.     Status: Writing 32 bytes at address 0x080013C0.     Status: Writing 32 bytes at address 0x080013E0.     Status: Writing 32 bytes at address 0x08001400.     Status: Writing 32 bytes at address 0x08001420.     Status: Writing 32 bytes at address 0x08001440.     Status: Writing 32 bytes at address 0x08001460.     Status: Writing 32 bytes at address 0x08001480.     Status: Writing 32 bytes at address 0x080014A0.     Status: Writing 32 bytes at address 0x080014C0.     Status: Writing 32 bytes at address 0x080014E0.     Status: Writing 32 bytes at address 0x08001500.     Status: Writing 32 bytes at address 0x08001520.     Status: Writing 32 bytes at address 0x08001540.     Status: Writing 32 bytes at address 0x08001560.     Status: Writing 32 bytes at address 0x08001580.     Status: Writing 32 bytes at address 0x080015A0.     Status: Writing 32 bytes at address 0x080015C0.     Status: Writing 32 bytes at address 0x080015E0.     Status: Writing 32 bytes at address 0x08001600.     Status: ...
iting 32 bytes at address 0x08001D80.     Status: Writing 32 bytes at address 0x08001DA0.     Status: Writing 32 bytes at address 0x08001DC0.     Status: Writing 32 bytes at address 0x08001DE0.     Status: Writing 32 bytes at address 0x08001E00.     Status: Writing 32 bytes at address 0x08001E20.     Status: Writing 32 bytes at address 0x08001E40.     Status: Writing 32 bytes at address 0x08001E60.     Status: Writing 32 bytes at address 0x08001E80.     Status: Writing 32 bytes at address 0x08001EA0.     Status: Writing 32 bytes at address 0x08001EC0.     Status: Writing 32 bytes at address 0x08001EE0.     Status: Writing 32 bytes at address 0x08001F00.     Status: Writing 32 bytes at address 0x08001F20.     Status: Writing 32 bytes at address 0x08001F40.     Status: Writing 32 bytes at address 0x08001F60.     Status: Writing 32 bytes at address 0x08001F80.     Status: Writing 32 bytes at address 0x08001FA0.     Status: Writing 32 bytes at address 0x08001FC0.     Status: Writing 32 bytes at address 0x08001FE0...
    Status: Writing 32 bytes at address 0x08002760.     Status: Writing 32 bytes at address 0x08002780.     Status: Writing 32 bytes at address 0x080027A0.     Status: Writing 32 bytes at address 0x080027C0.     Status: Writing 32 bytes at address 0x080027E0.     Status: Writing 32 bytes at address 0x08002800.     Status: Writing 32 bytes at address 0x08002820.     Status: Writing 32 bytes at address 0x08002840.     Status: Writing 32 bytes at address 0x08002860.     Status: Writing 32 bytes at address 0x08002880.     Status: Writing 32 bytes at address 0x080028A0.     Status: Writing 32 bytes at address 0x080028C0.     Status: Writing 32 bytes at address 0x080028E0.     Status: Writing 32 bytes at address 0x08002900.     Status: Writing 32 bytes at address 0x08002920.     Status: Writing 32 bytes at address 0x08002940.     Status: Writing 32 bytes at address 0x08002960.     Status: Writing 32 bytes at address 0x08002980.     Status: Writing 32 bytes at address 0x080029A0.     Status: Writing 32 bytes at addr...
s 0x08003120.     Status: Writing 32 bytes at address 0x08003140.     Status: Writing 32 bytes at address 0x08003160.     Status: Writing 32 bytes at address 0x08003180.     Status: Writing 32 bytes at address 0x080031A0.     Status: Writing 32 bytes at address 0x080031C0.     Status: Writing 32 bytes at address 0x080031E0.     Status: Writing 32 bytes at address 0x08003200.     Status: Writing 32 bytes at address 0x08003220.     Status: Writing 32 bytes at address 0x08003240.     Status: Writing 32 bytes at address 0x08003260.     Status: Writing 32 bytes at address 0x08003280.     Status: Writing 32 bytes at address 0x080032A0.     Status: Writing 32 bytes at address 0x080032C0.     Status: Writing 32 bytes at address 0x080032E0.     Status: Writing 32 bytes at address 0x08003300.     Status: Writing 32 bytes at address 0x08003320.     Status: Writing 32 bytes at address 0x08003340.     Status: Writing 32 bytes at address 0x08003360.     Status: Writing 32 bytes at address 0x08003380.     Status: Writing 32...
ytes at address 0x08003B00.     Status: Writing 32 bytes at address 0x08003B20.     Status: Writing 32 bytes at address 0x08003B40.     Status: Writing 32 bytes at address 0x08003B60.     Status: Writing 32 bytes at address 0x08003B80.     Status: Writing 32 bytes at address 0x08003BA0.     Status: Writing 32 bytes at address 0x08003BC0.     Status: Writing 32 bytes at address 0x08003BE0.     Status: Writing 32 bytes at address 0x08003C00.     Status: Writing 32 bytes at address 0x08003C20.     Status: Writing 32 bytes at address 0x08003C40.     Status: Writing 32 bytes at address 0x08003C60.     Status: Writing 32 bytes at address 0x08003C80.     Status: Writing 32 bytes at address 0x08003CA0.     Status: Writing 32 bytes at address 0x08003CC0.     Status: Writing 32 bytes at address 0x08003CE0.     Status: Writing 32 bytes at address 0x08003D00.     Status: Writing 32 bytes at address 0x08003D20.     Status: Writing 32 bytes at address 0x08003D40.     Status: Writing 32 bytes at address 0x08003D60.     Stat...
: Writing 32 bytes at address 0x080044E0.     Status: Writing 32 bytes at address 0x08004500.     Status: Writing 32 bytes at address 0x08004520.     Status: Writing 32 bytes at address 0x08004540.     Status: Writing 32 bytes at address 0x08004560.     Status: Writing 32 bytes at address 0x08004580.     Status: Writing 32 bytes at address 0x080045A0.     Status: Writing 32 bytes at address 0x080045C0.     Status: Writing 32 bytes at address 0x080045E0.     Status: Writing 32 bytes at address 0x08004600.     Status: Writing 32 bytes at address 0x08004620.     Status: Writing 32 bytes at address 0x08004640.     Status: Writing 32 bytes at address 0x08004660.     Status: Writing 32 bytes at address 0x08004680.     Status: Writing 32 bytes at address 0x080046A0.     Status: Writing 32 bytes at address 0x080046C0.     Status: Writing 32 bytes at address 0x080046E0.     Status: Writing 32 bytes at address 0x08004700.     Status: Writing 32 bytes at address 0x08004720.     Status: Writing 32 bytes at address 0x0800...
A0.     Status: Writing 32 bytes at address 0x08004EC0.     Status: Writing 32 bytes at address 0x08004EE0.     Status: Writing 32 bytes at address 0x08004F00.     Status: Writing 32 bytes at address 0x08004F20.     Status: Writing 32 bytes at address 0x08004F40.     Status: Writing 32 bytes at address 0x08004F60.     Status: Writing 32 bytes at address 0x08004F80.     Status: Writing 32 bytes at address 0x08004FA0.     Status: Writing 32 bytes at address 0x08004FC0.     Status: Writing 32 bytes at address 0x08004FE0.     Status: Writing 32 bytes at address 0x08005000.     Status: Writing 32 bytes at address 0x08005020.     Status: Writing 32 bytes at address 0x08005040.     Status: Writing 32 bytes at address 0x08005060.     Status: Writing 32 bytes at address 0x08005080.     Status: Writing 32 bytes at address 0x080050A0.     Status: Writing 32 bytes at address 0x080050C0.     Status: Writing 32 bytes at address 0x080050E0.     Status: Writing 32 bytes at address 0x08005100.     Status: Writing 32 bytes at ...
dress 0x08005880.     Status: Writing 32 bytes at address 0x080058A0.     Status: Writing 32 bytes at address 0x080058C0.     Status: Writing 32 bytes at address 0x080058E0.     Status: Writing 32 bytes at address 0x08005900.     Status: Writing 32 bytes at address 0x08005920.     Status: Writing 32 bytes at address 0x08005940.     Status: Writing 32 bytes at address 0x08005960.     Status: Writing 32 bytes at address 0x08005980.     Status: Writing 32 bytes at address 0x080059A0.     Status: Writing 32 bytes at address 0x080059C0.     Status: Writing 32 bytes at address 0x080059E0.     Status: Writing 32 bytes at address 0x08005A00.     Status: Writing 32 bytes at address 0x08005A20.     Status: Writing 32 bytes at address 0x08005A40.     Status: Writing 32 bytes at address 0x08005A60.     Status: Writing 32 bytes at address 0x08005A80.     Status: Writing 32 bytes at address 0x08005AA0.     Status: Writing 32 bytes at address 0x08005AC0.     Status: Writing 32 bytes at address 0x08005AE0.     Status: Writin...
32 bytes at address 0x08006260.     Status: Writing 32 bytes at address 0x08006280.     Status: Writing 32 bytes at address 0x080062A0.     Status: Writing 32 bytes at address 0x080062C0.     Status: Writing 32 bytes at address 0x080062E0.     Status: Writing 32 bytes at address 0x08006300.     Status: Writing 32 bytes at address 0x08006320.     Status: Writing 32 bytes at address 0x08006340.     Status: Writing 32 bytes at address 0x08006360.     Status: Writing 32 bytes at address 0x08006380.     Status: Writing 32 bytes at address 0x080063A0.     Status: Writing 32 bytes at address 0x080063C0.     Status: Writing 32 bytes at address 0x080063E0.     Status: Writing 32 bytes at address 0x08006400.     Status: Writing 32 bytes at address 0x08006420.     Status: Writing 32 bytes at address 0x08006440.     Status: Writing 32 bytes at address 0x08006460.     Status: Writing 32 bytes at address 0x08006480.     Status: Writing 32 bytes at address 0x080064A0.     Status: Writing 32 bytes at address 0x080064C0.     ...
atus: Writing 32 bytes at address 0x08006C40.     Status: Writing 32 bytes at address 0x08006C60.     Status: Writing 32 bytes at address 0x08006C80.     Status: Writing 32 bytes at address 0x08006CA0.     Status: Writing 32 bytes at address 0x08006CC0.     Status: Writing 32 bytes at address 0x08006CE0.     Status: Writing 32 bytes at address 0x08006D00.     Status: Writing 32 bytes at address 0x08006D20.     Status: Writing 32 bytes at address 0x08006D40.     Status: Writing 32 bytes at address 0x08006D60.     Status: Writing 32 bytes at address 0x08006D80.     Status: Writing 32 bytes at address 0x08006DA0.     Status: Writing 32 bytes at address 0x08006DC0.     Status: Writing 32 bytes at address 0x08006DE0.     Status: Writing 32 bytes at address 0x08006E00.     Status: Writing 32 bytes at address 0x08006E20.     Status: Writing 32 bytes at address 0x08006E40.     Status: Writing 32 bytes at address 0x08006E60.     Status: Writing 32 bytes at address 0x08006E80.     Status: Writing 32 bytes at address 0x...
007600.     Status: Writing 32 bytes at address 0x08007620.     Status: Writing 32 bytes at address 0x08007640.     Status: Writing 32 bytes at address 0x08007660.     Status: Writing 32 bytes at address 0x08007680.     Status: Writing 32 bytes at address 0x080076A0.     Status: Writing 32 bytes at address 0x080076C0.     Status: Writing 32 bytes at address 0x080076E0.     Status: Writing 32 bytes at address 0x08007700.     Status: Writing 32 bytes at address 0x08007720.     Status: Writing 32 bytes at address 0x08007740.     Status: Writing 32 bytes at address 0x08007760.     Status: Writing 32 bytes at address 0x08007780.     Status: Writing 32 bytes at address 0x080077A0.     Status: Writing 32 bytes at address 0x080077C0.     Status: Writing 32 bytes at address 0x080077E0.     Status: Writing 32 bytes at address 0x08007800.     Status: Writing 32 bytes at address 0x08007820.     Status: Writing 32 bytes at address 0x08007840.     Status: Writing 32 bytes at address 0x08007860.     Status: Writing 32 bytes...
t address 0x08007FE0.     Status: Writing 32 bytes at address 0x08008000.     Status: Writing 32 bytes at address 0x08008020.     Status: Writing 32 bytes at address 0x08008040.     Status: Writing 32 bytes at address 0x08008060.     Status: Writing 32 bytes at address 0x08008080.     Status: Writing 32 bytes at address 0x080080A0.     Status: Writing 32 bytes at address 0x080080C0.     Status: Writing 32 bytes at address 0x080080E0.     Status: Writing 32 bytes at address 0x08008100.     Status: Writing 32 bytes at address 0x08008120.     Status: Writing 32 bytes at address 0x08008140.     Status: Writing 32 bytes at address 0x08008160.     Status: Writing 32 bytes at address 0x08008180.     Status: Writing 32 bytes at address 0x080081A0.     Status: Writing 32 bytes at address 0x080081C0.     Status: Writing 32 bytes at address 0x080081E0.     Status: Writing 32 bytes at address 0x08008200.     Status: Writing 32 bytes at address 0x08008220.     Status: Writing 32 bytes at address 0x08008240.     Status: Wr...
ing 32 bytes at address 0x080089C0.     Status: Writing 32 bytes at address 0x080089E0.     Status: Writing 32 bytes at address 0x08008A00.     Status: Writing 32 bytes at address 0x08008A20.     Status: Writing 32 bytes at address 0x08008A40.     Status: Writing 32 bytes at address 0x08008A60.     Status: Writing 32 bytes at address 0x08008A80.     Status: Writing 32 bytes at address 0x08008AA0.     Status: Writing 32 bytes at address 0x08008AC0.     Status: Writing 32 bytes at address 0x08008AE0.     Status: Writing 32 bytes at address 0x08008B00.     Status: Writing 32 bytes at address 0x08008B20.     Status: Writing 32 bytes at address 0x08008B40.     Status: Writing 32 bytes at address 0x08008B60.     Status: Writing 32 bytes at address 0x08008B80.     Status: Writing 32 bytes at address 0x08008BA0.     Status: Writing 32 bytes at address 0x08008BC0.     Status: Writing 32 bytes at address 0x08008BE0.     Status: Writing 32 bytes at address 0x08008C00.     Status: Writing 32 bytes at address 0x08008C20. ...
  Status: Writing 32 bytes at address 0x080093A0.     Status: Writing 32 bytes at address 0x080093C0.     Status: Writing 32 bytes at address 0x080093E0.     Status: Writing 32 bytes at address 0x08009400.     Status: Writing 32 bytes at address 0x08009420.     Status: Writing 32 bytes at address 0x08009440.     Status: Writing 32 bytes at address 0x08009460.     Status: Writing 32 bytes at address 0x08009480.     Status: Writing 32 bytes at address 0x080094A0.     Status: Writing 32 bytes at address 0x080094C0.     Status: Writing 32 bytes at address 0x080094E0.     Status: Writing 32 bytes at address 0x08009500.     Status: Writing 32 bytes at address 0x08009520.     Status: Writing 32 bytes at address 0x08009540.     Status: Writing 32 bytes at address 0x08009560.     Status: Writing 32 bytes at address 0x08009580.     Status: Writing 32 bytes at address 0x080095A0.     Status: Writing 32 bytes at address 0x080095C0.     Status: Writing 32 bytes at address 0x080095E0.     Status: Writing 32 bytes at addres...
0x08009D60.     Status: Writing 32 bytes at address 0x08009D80.     Status: Writing 32 bytes at address 0x08009DA0.     Status: Writing 32 bytes at address 0x08009DC0.     Status: Writing 32 bytes at address 0x08009DE0.     Status: Writing 32 bytes at address 0x08009E00.     Status: Writing 32 bytes at address 0x08009E20.     Status: Writing 32 bytes at address 0x08009E40.     Status: Writing 32 bytes at address 0x08009E60.     Status: Writing 32 bytes at address 0x08009E80.     Status: Writing 32 bytes at address 0x08009EA0.     Status: Writing 32 bytes at address 0x08009EC0.     Status: Writing 32 bytes at address 0x08009EE0.     Status: Writing 32 bytes at address 0x08009F00.     Status: Writing 32 bytes at address 0x08009F20.     Status: Writing 32 bytes at address 0x08009F40.     Status: Writing 32 bytes at address 0x08009F60.     Status: Writing 32 bytes at address 0x08009F80.     Status: Writing 32 bytes at address 0x08009FA0.     Status: Writing 32 bytes at address 0x08009FC0.     Status: Writing 32 b...
es at address 0x0800A740.     Status: Writing 32 bytes at address 0x0800A760.     Status: Writing 32 bytes at address 0x0800A780.     Status: Writing 32 bytes at address 0x0800A7A0.     Status: Writing 32 bytes at address 0x0800A7C0.     Status: Writing 32 bytes at address 0x0800A7E0.     Status: Writing 32 bytes at address 0x0800A800.     Status: Writing 32 bytes at address 0x0800A820.     Status: Writing 32 bytes at address 0x0800A840.     Status: Writing 32 bytes at address 0x0800A860.     Status: Writing 32 bytes at address 0x0800A880.     Status: Writing 32 bytes at address 0x0800A8A0.     Status: Writing 32 bytes at address 0x0800A8C0.     Status: Writing 32 bytes at address 0x0800A8E0.     Status: Writing 32 bytes at address 0x0800A900.     Status: Writing 32 bytes at address 0x0800A920.     Status: Writing 32 bytes at address 0x0800A940.     Status: Writing 32 bytes at address 0x0800A960.     Status: Writing 32 bytes at address 0x0800A980.     Status: Writing 32 bytes at address 0x0800A9A0.     Status...
Writing 32 bytes at address 0x0800B120.     Status: Writing 32 bytes at address 0x0800B140.     Status: Writing 32 bytes at address 0x0800B160.     Status: Writing 32 bytes at address 0x0800B180.     Status: Writing 32 bytes at address 0x0800B1A0.     Status: Writing 32 bytes at address 0x0800B1C0.     Status: Writing 32 bytes at address 0x0800B1E0.     Status: Writing 32 bytes at address 0x0800B200.     Status: Writing 32 bytes at address 0x0800B220.     Status: Writing 32 bytes at address 0x0800B240.     Status: Writing 32 bytes at address 0x0800B260.     Status: Writing 32 bytes at address 0x0800B280.     Status: Writing 32 bytes at address 0x0800B2A0.     Status: Writing 32 bytes at address 0x0800B2C0.     Status: Writing 32 bytes at address 0x0800B2E0.     Status: Writing 32 bytes at address 0x0800B300.     Status: Writing 32 bytes at address 0x0800B320.     Status: Writing 32 bytes at address 0x0800B340.     Status: Writing 32 bytes at address 0x0800B360.     Status: Writing 32 bytes at address 0x0800B3...
.     Status: Writing 32 bytes at address 0x0800BB00.     Status: Writing 32 bytes at address 0x0800BB20.     Status: Writing 32 bytes at address 0x0800BB40.     Status: Writing 32 bytes at address 0x0800BB60.     Status: Writing 32 bytes at address 0x0800BB80.     Status: Writing 32 bytes at address 0x0800BBA0.     Status: Writing 32 bytes at address 0x0800BBC0.     Status: Writing 32 bytes at address 0x0800BBE0.     Status: Writing 32 bytes at address 0x0800BC00.     Status: Writing 32 bytes at address 0x0800BC20.     Status: Writing 32 bytes at address 0x0800BC40.     Status: Writing 32 bytes at address 0x0800BC60.     Status: Writing 32 bytes at address 0x0800BC80.     Status: Writing 32 bytes at address 0x0800BCA0.     Status: Writing 32 bytes at address 0x0800BCC0.     Status: Writing 32 bytes at address 0x0800BCE0.     Status: Writing 32 bytes at address 0x0800BD00.     Status: Writing 32 bytes at address 0x0800BD20.     Status: Writing 32 bytes at address 0x0800BD40.     Status: Writing 32 bytes at ad...
ess 0x0800C4C0.     Status: Writing 32 bytes at address 0x0800C4E0.     Status: Writing 32 bytes at address 0x0800C500.     Status: Writing 32 bytes at address 0x0800C520.     Status: Writing 32 bytes at address 0x0800C540.     Status: Writing 32 bytes at address 0x0800C560.     Status: Writing 32 bytes at address 0x0800C580.     Status: Writing 32 bytes at address 0x0800C5A0.     Status: Writing 32 bytes at address 0x0800C5C0.     Status: Writing 32 bytes at address 0x0800C5E0.     Status: Writing 32 bytes at address 0x0800C600.     Status: Writing 32 bytes at address 0x0800C620.     Status: Writing 32 bytes at address 0x0800C640.     Status: Writing 32 bytes at address 0x0800C660.     Status: Writing 32 bytes at address 0x0800C680.     Status: Writing 32 bytes at address 0x0800C6A0.     Status: Writing 32 bytes at address 0x0800C6C0.     Status: Writing 32 bytes at address 0x0800C6E0.     Status: Writing 32 bytes at address 0x0800C700.     Status: Writing 32 bytes at address 0x0800C720.     Status: Writing ...
 bytes at address 0x0800CEA0.     Status: Writing 32 bytes at address 0x0800CEC0.     Status: Writing 32 bytes at address 0x0800CEE0.     Status: Writing 32 bytes at address 0x0800CF00.     Status: Writing 32 bytes at address 0x0800CF20.     Status: Writing 32 bytes at address 0x0800CF40.     Status: Writing 32 bytes at address 0x0800CF60.     Status: Writing 32 bytes at address 0x0800CF80.     Status: Writing 32 bytes at address 0x0800CFA0.     Status: Writing 32 bytes at address 0x0800CFC0.     Status: Writing 32 bytes at address 0x0800CFE0.     Status: Writing 32 bytes at address 0x0800D000.     Status: Writing 32 bytes at address 0x0800D020.     Status: Writing 32 bytes at address 0x0800D040.     Status: Writing 32 bytes at address 0x0800D060.     Status: Writing 32 bytes at address 0x0800D080.     Status: Writing 32 bytes at address 0x0800D0A0.     Status: Writing 32 bytes at address 0x0800D0C0.     Status: Writing 32 bytes at address 0x0800D0E0.     Status: Writing 32 bytes at address 0x0800D100.     St...
us: Writing 32 bytes at address 0x0800D880.     Status: Writing 32 bytes at address 0x0800D8A0.     Status: Writing 32 bytes at address 0x0800D8C0.     Status: Writing 32 bytes at address 0x0800D8E0.     Status: Writing 32 bytes at address 0x0800D900.     Status: Writing 32 bytes at address 0x0800D920.     Status: Writing 32 bytes at address 0x0800D940.     Status: Writing 32 bytes at address 0x0800D960.     Status: Writing 32 bytes at address 0x0800D980.     Status: Writing 32 bytes at address 0x0800D9A0.     Status: Writing 32 bytes at address 0x0800D9C0.     Status: Writing 32 bytes at address 0x0800D9E0.     Status: Writing 32 bytes at address 0x0800DA00.     Status: Writing 32 bytes at address 0x0800DA20.     Status: Writing 32 bytes at address 0x0800DA40.     Status: Writing 32 bytes at address 0x0800DA60.     Status: Writing 32 bytes at address 0x0800DA80.     Status: Writing 32 bytes at address 0x0800DAA0.     Status: Writing 32 bytes at address 0x0800DAC0.     Status: Writing 32 bytes at address 0x08...
E240.     Status: Writing 32 bytes at address 0x0800E260.     Status: Writing 32 bytes at address 0x0800E280.     Status: Writing 32 bytes at address 0x0800E2A0.     Status: Writing 32 bytes at address 0x0800E2C0.     Status: Writing 32 bytes at address 0x0800E2E0.     Status: Writing 32 bytes at address 0x0800E300.     Status: Writing 32 bytes at address 0x0800E320.     Status: Writing 32 bytes at address 0x0800E340.     Status: Writing 32 bytes at address 0x0800E360.     Status: Writing 32 bytes at address 0x0800E380.     Status: Writing 32 bytes at address 0x0800E3A0.     Status: Writing 32 bytes at address 0x0800E3C0.     Status: Writing 32 bytes at address 0x0800E3E0.     Status: Writing 32 bytes at address 0x0800E400.     Status: Writing 32 bytes at address 0x0800E420.     Status: Writing 32 bytes at address 0x0800E440.     Status: Writing 32 bytes at address 0x0800E460.     Status: Writing 32 bytes at address 0x0800E480.     Status: Writing 32 bytes at address 0x0800E4A0.     Status: Writing 32 bytes a...
address 0x0800EC20.     Status: Writing 32 bytes at address 0x0800EC40.     Status: Writing 32 bytes at address 0x0800EC60.     Status: Writing 32 bytes at address 0x0800EC80.     Status: Writing 32 bytes at address 0x0800ECA0.     Status: Writing 32 bytes at address 0x0800ECC0.     Status: Writing 32 bytes at address 0x0800ECE0.     Status: Writing 32 bytes at address 0x0800ED00.     Status: Writing 32 bytes at address 0x0800ED20.     Status: Writing 32 bytes at address 0x0800ED40.     Status: Writing 32 bytes at address 0x0800ED60.     Status: Writing 32 bytes at address 0x0800ED80.     Status: Writing 32 bytes at address 0x0800EDA0.     Status: Writing 32 bytes at address 0x0800EDC0.     Status: Writing 32 bytes at address 0x0800EDE0.     Status: Writing 32 bytes at address 0x0800EE00.     Status: Writing 32 bytes at address 0x0800EE20.     Status: Writing 32 bytes at address 0x0800EE40.     Status: Writing 32 bytes at address 0x0800EE60.     Status: Writing 32 bytes at address 0x0800EE80.     Status: Writ...
g 32 bytes at address 0x0800F600.     Status: Writing 32 bytes at address 0x0800F620.     Status: Writing 32 bytes at address 0x0800F640.     Status: Writing 32 bytes at address 0x0800F660.     Status: Writing 32 bytes at address 0x0800F680.     Status: Writing 32 bytes at address 0x0800F6A0.     Status: Writing 32 bytes at address 0x0800F6C0.     Status: Writing 32 bytes at address 0x0800F6E0.     Status: Writing 32 bytes at address 0x0800F700.     Status: Writing 32 bytes at address 0x0800F720.     Status: Writing 32 bytes at address 0x0800F740.     Status: Writing 32 bytes at address 0x0800F760.     Status: Writing 32 bytes at address 0x0800F780.     Status: Writing 32 bytes at address 0x0800F7A0.     Status: Writing 32 bytes at address 0x0800F7C0.     Status: Writing 32 bytes at address 0x0800F7E0.     Status: Writing 32 bytes at address 0x0800F800.     Status: Writing 32 bytes at address 0x0800F820.     Status: Writing 32 bytes at address 0x0800F840.     Status: Writing 32 bytes at address 0x0800F860.   ...
Status: Writing 32 bytes at address 0x0800FFE0.     
Status: Writing linear address record for 0x08010000.
Status: Writing 32 bytes at address 0x08010000.     Status: Writing 32 bytes at address 0x08010020.     Status: Writing 32 bytes at address 0x08010040.     Status: Writing 32 bytes at address 0x08010060.     Status: Writing 32 bytes at address 0x08010080.     Status: Writing 32 bytes at address 0x080100A0.     Status: Writing 32 bytes at address 0x080100C0.     Status: Writing 32 bytes at address 0x080100E0.     Status: Writing 32 bytes at address 0x08010100.     Status: Writing 32 bytes at address 0x08010120.     Status: Writing 32 bytes at address 0x08010140.     Status: Writing 32 bytes at address 0x08010160.     Status: Writing 32 bytes at address 0x08010180.     Status: Writing 32 bytes at address 0x080101A0.     Status: Writing 32 bytes at address 0x080101C0.     Status: Writing 32 bytes at address 0x080101E0.     Status: Writing 32 bytes at address 0x08010200.     Status: Writing 32 bytes at address 0x08010220.     Status: Writing 32 bytes at address 0x08010240.     Status: Writing 32 bytes at address ...
080109C0.     Status: Writing 32 bytes at address 0x080109E0.     Status: Writing 32 bytes at address 0x08010A00.     Status: Writing 32 bytes at address 0x08010A20.     Status: Writing 32 bytes at address 0x08010A40.     Status: Writing 32 bytes at address 0x08010A60.     Status: Writing 32 bytes at address 0x08010A80.     Status: Writing 32 bytes at address 0x08010AA0.     Status: Writing 32 bytes at address 0x08010AC0.     Status: Writing 32 bytes at address 0x08010AE0.     Status: Writing 32 bytes at address 0x08010B00.     Status: Writing 32 bytes at address 0x08010B20.     Status: Writing 32 bytes at address 0x08010B40.     Status: Writing 32 bytes at address 0x08010B60.     Status: Writing 32 bytes at address 0x08010B80.     Status: Writing 32 bytes at address 0x08010BA0.     Status: Writing 32 bytes at address 0x08010BC0.     Status: Writing 32 bytes at address 0x08010BE0.     Status: Writing 32 bytes at address 0x08010C00.     Status: Writing 32 bytes at address 0x08010C20.     Status: Writing 32 byt...
 at address 0x080113A0.     Status: Writing 32 bytes at address 0x080113C0.     Status: Writing 32 bytes at address 0x080113E0.     Status: Writing 32 bytes at address 0x08011400.     Status: Writing 32 bytes at address 0x08011420.     Status: Writing 32 bytes at address 0x08011440.     Status: Writing 32 bytes at address 0x08011460.     Status: Writing 32 bytes at address 0x08011480.     Status: Writing 32 bytes at address 0x080114A0.     Status: Writing 32 bytes at address 0x080114C0.     Status: Writing 32 bytes at address 0x080114E0.     Status: Writing 32 bytes at address 0x08011500.     Status: Writing 32 bytes at address 0x08011520.     Status: Writing 32 bytes at address 0x08011540.     Status: Writing 32 bytes at address 0x08011560.     Status: Writing 32 bytes at address 0x08011580.     Status: Writing 32 bytes at address 0x080115A0.     Status: Writing 32 bytes at address 0x080115C0.     Status: Writing 32 bytes at address 0x080115E0.     Status: Writing 32 bytes at address 0x08011600.     Status: ...
iting 32 bytes at address 0x08011D80.     Status: Writing 32 bytes at address 0x08011DA0.     Status: Writing 32 bytes at address 0x08011DC0.     Status: Writing 32 bytes at address 0x08011DE0.     Status: Writing 32 bytes at address 0x08011E00.     Status: Writing 32 bytes at address 0x08011E20.     Status: Writing 32 bytes at address 0x08011E40.     Status: Writing 32 bytes at address 0x08011E60.     Status: Writing 32 bytes at address 0x08011E80.     Status: Writing 32 bytes at address 0x08011EA0.     Status: Writing 32 bytes at address 0x08011EC0.     Status: Writing 32 bytes at address 0x08011EE0.     Status: Writing 32 bytes at address 0x08011F00.     Status: Writing 32 bytes at address 0x08011F20.     Status: Writing 32 bytes at address 0x08011F40.     Status: Writing 32 bytes at address 0x08011F60.     Status: Writing 32 bytes at address 0x08011F80.     Status: Writing 32 bytes at address 0x08011FA0.     Status: Writing 32 bytes at address 0x08011FC0.     Status: Writing 32 bytes at address 0x08011FE0...
    Status: Writing 32 bytes at address 0x08012760.     Status: Writing 32 bytes at address 0x08012780.     Status: Writing 32 bytes at address 0x080127A0.     Status: Writing 32 bytes at address 0x080127C0.     Status: Writing 32 bytes at address 0x080127E0.     Status: Writing 32 bytes at address 0x08012800.     Status: Writing 32 bytes at address 0x08012820.     Status: Writing 32 bytes at address 0x08012840.     Status: Writing 32 bytes at address 0x08012860.     Status: Writing 32 bytes at address 0x08012880.     Status: Writing 32 bytes at address 0x080128A0.     Status: Writing 32 bytes at address 0x080128C0.     Status: Writing 32 bytes at address 0x080128E0.     Status: Writing 32 bytes at address 0x08012900.     Status: Writing 32 bytes at address 0x08012920.     Status: Writing 32 bytes at address 0x08012940.     Status: Writing 32 bytes at address 0x08012960.     Status: Writing 32 bytes at address 0x08012980.     Status: Writing 32 bytes at address 0x080129A0.     Status: Writing 32 bytes at addr...
s 0x08013120.     Status: Writing 32 bytes at address 0x08013140.     Status: Writing 32 bytes at address 0x08013160.     Status: Writing 32 bytes at address 0x08013180.     Status: Writing 32 bytes at address 0x080131A0.     Status: Writing 32 bytes at address 0x080131C0.     Status: Writing 32 bytes at address 0x080131E0.     Status: Writing 32 bytes at address 0x08013200.     Status: Writing 32 bytes at address 0x08013220.     Status: Writing 32 bytes at address 0x08013240.     Status: Writing 32 bytes at address 0x08013260.     Status: Writing 32 bytes at address 0x08013280.     Status: Writing 32 bytes at address 0x080132A0.     Status: Writing 32 bytes at address 0x080132C0.     Status: Writing 32 bytes at address 0x080132E0.     Status: Writing 32 bytes at address 0x08013300.     Status: Writing 32 bytes at address 0x08013320.     Status: Writing 32 bytes at address 0x08013340.     Status: Writing 32 bytes at address 0x08013360.     Status: Writing 32 bytes at address 0x08013380.     Status: Writing 32...
ytes at address 0x08013B00.     Status: Writing 32 bytes at address 0x08013B20.     Status: Writing 32 bytes at address 0x08013B40.     Status: Writing 32 bytes at address 0x08013B60.     Status: Writing 32 bytes at address 0x08013B80.     Status: Writing 32 bytes at address 0x08013BA0.     Status: Writing 32 bytes at address 0x08013BC0.     Status: Writing 32 bytes at address 0x08013BE0.     Status: Writing 32 bytes at address 0x08013C00.     Status: Writing 32 bytes at address 0x08013C20.     Status: Writing 32 bytes at address 0x08013C40.     Status: Writing 32 bytes at address 0x08013C60.     Status: Writing 32 bytes at address 0x08013C80.     Status: Writing 32 bytes at address 0x08013CA0.     Status: Writing 32 bytes at address 0x08013CC0.     Status: Writing 32 bytes at address 0x08013CE0.     Status: Writing 32 bytes at address 0x08013D00.     Status: Writing 32 bytes at address 0x08013D20.     Status: Writing 32 bytes at address 0x08013D40.     Status: Writing 32 bytes at address 0x08013D60.     Stat...
: Writing 32 bytes at address 0x080144E0.     Status: Writing 32 bytes at address 0x08014500.     Status: Writing 32 bytes at address 0x08014520.     Status: Writing 32 bytes at address 0x08014540.     Status: Writing 32 bytes at address 0x08014560.     Status: Writing 32 bytes at address 0x08014580.     Status: Writing 32 bytes at address 0x080145A0.     Status: Writing 32 bytes at address 0x080145C0.     Status: Writing 32 bytes at address 0x080145E0.     Status: Writing 32 bytes at address 0x08014600.     Status: Writing 32 bytes at address 0x08014620.     Status: Writing 32 bytes at address 0x08014640.     Status: Writing 32 bytes at address 0x08014660.     Status: Writing 32 bytes at address 0x08014680.     Status: Writing 32 bytes at address 0x080146A0.     Status: Writing 32 bytes at address 0x080146C0.     Status: Writing 32 bytes at address 0x080146E0.     Status: Writing 32 bytes at address 0x08014700.     Status: Writing 32 bytes at address 0x08014720.     Status: Writing 32 bytes at address 0x0801...
A0.     Status: Writing 32 bytes at address 0x08014EC0.     Status: Writing 32 bytes at address 0x08014EE0.     Status: Writing 32 bytes at address 0x08014F00.     Status: Writing 32 bytes at address 0x08014F20.     Status: Writing 32 bytes at address 0x08014F40.     Status: Writing 32 bytes at address 0x08014F60.     Status: Writing 32 bytes at address 0x08014F80.     Status: Writing 32 bytes at address 0x08014FA0.     Status: Writing 32 bytes at address 0x08014FC0.     Status: Writing 32 bytes at address 0x08014FE0.     Status: Writing 32 bytes at address 0x08015000.     Status: Writing 32 bytes at address 0x08015020.     Status: Writing 32 bytes at address 0x08015040.     Status: Writing 32 bytes at address 0x08015060.     Status: Writing 32 bytes at address 0x08015080.     Status: Writing 32 bytes at address 0x080150A0.     Status: Writing 32 bytes at address 0x080150C0.     Status: Writing 32 bytes at address 0x080150E0.     Status: Writing 32 bytes at address 0x08015100.     Status: Writing 32 bytes at ...
dress 0x08015880.     Status: Writing 32 bytes at address 0x080158A0.     Status: Writing 32 bytes at address 0x080158C0.     Status: Writing 32 bytes at address 0x080158E0.     Status: Writing 32 bytes at address 0x08015900.     Status: Writing 32 bytes at address 0x08015920.     Status: Writing 32 bytes at address 0x08015940.     Status: Writing 32 bytes at address 0x08015960.     Status: Writing 32 bytes at address 0x08015980.     Status: Writing 32 bytes at address 0x080159A0.     Status: Writing 32 bytes at address 0x080159C0.     Status: Writing 32 bytes at address 0x080159E0.     Status: Writing 32 bytes at address 0x08015A00.     Status: Writing 32 bytes at address 0x08015A20.     Status: Writing 32 bytes at address 0x08015A40.     Status: Writing 32 bytes at address 0x08015A60.     Status: Writing 32 bytes at address 0x08015A80.     Status: Writing 32 bytes at address 0x08015AA0.     Status: Writing 32 bytes at address 0x08015AC0.     Status: Writing 32 bytes at address 0x08015AE0.     Status: Writin...
32 bytes at address 0x08016260.     Status: Writing 32 bytes at address 0x08016280.     Status: Writing 32 bytes at address 0x080162A0.     Status: Writing 32 bytes at address 0x080162C0.     Status: Writing 32 bytes at address 0x080162E0.     Status: Writing 32 bytes at address 0x08016300.     Status: Writing 32 bytes at address 0x08016320.     Status: Writing 32 bytes at address 0x08016340.     Status: Writing 32 bytes at address 0x08016360.     Status: Writing 32 bytes at address 0x08016380.     Status: Writing 32 bytes at address 0x080163A0.     Status: Writing 32 bytes at address 0x080163C0.     Status: Writing 32 bytes at address 0x080163E0.     Status: Writing 32 bytes at address 0x08016400.     Status: Writing 32 bytes at address 0x08016420.     Status: Writing 32 bytes at address 0x08016440.     Status: Writing 32 bytes at address 0x08016460.     Status: Writing 32 bytes at address 0x08016480.     Status: Writing 32 bytes at address 0x080164A0.     Status: Writing 32 bytes at address 0x080164C0.     ...
atus: Writing 32 bytes at address 0x08016C40.     Status: Writing 32 bytes at address 0x08016C60.     Status: Writing 32 bytes at address 0x08016C80.     Status: Writing 32 bytes at address 0x08016CA0.     Status: Writing 32 bytes at address 0x08016CC0.     Status: Writing 32 bytes at address 0x08016CE0.     Status: Writing 32 bytes at address 0x08016D00.     Status: Writing 32 bytes at address 0x08016D20.     Status: Writing 32 bytes at address 0x08016D40.     Status: Writing 32 bytes at address 0x08016D60.     Status: Writing 32 bytes at address 0x08016D80.     Status: Writing 32 bytes at address 0x08016DA0.     Status: Writing 32 bytes at address 0x08016DC0.     Status: Writing 32 bytes at address 0x08016DE0.     Status: Writing 32 bytes at address 0x08016E00.     Status: Writing 32 bytes at address 0x08016E20.     Status: Writing 32 bytes at address 0x08016E40.     Status: Writing 32 bytes at address 0x08016E60.     Status: Writing 32 bytes at address 0x08016E80.     Status: Writing 32 bytes at address 0x...
017600.     Status: Writing 32 bytes at address 0x08017620.     Status: Writing 32 bytes at address 0x08017640.     Status: Writing 32 bytes at address 0x08017660.     Status: Writing 32 bytes at address 0x08017680.     Status: Writing 32 bytes at address 0x080176A0.     Status: Writing 32 bytes at address 0x080176C0.     Status: Writing 32 bytes at address 0x080176E0.     Status: Writing 32 bytes at address 0x08017700.     Status: Writing 32 bytes at address 0x08017720.     Status: Writing 32 bytes at address 0x08017740.     Status: Writing 32 bytes at address 0x08017760.     Status: Writing 32 bytes at address 0x08017780.     Status: Writing 32 bytes at address 0x080177A0.     Status: Writing 32 bytes at address 0x080177C0.     Status: Writing 32 bytes at address 0x080177E0.     Status: Writing 32 bytes at address 0x08017800.     Status: Writing 32 bytes at address 0x08017820.     Status: Writing 32 bytes at address 0x08017840.     Status: Writing 32 bytes at address 0x08017860.     Status: Writing 32 bytes...
t address 0x08017FE0.     Status: Writing 32 bytes at address 0x08018000.     Status: Writing 32 bytes at address 0x08018020.     Status: Writing 32 bytes at address 0x08018040.     Status: Writing 32 bytes at address 0x08018060.     Status: Writing 32 bytes at address 0x08018080.     Status: Writing 32 bytes at address 0x080180A0.     Status: Writing 32 bytes at address 0x080180C0.     Status: Writing 32 bytes at address 0x080180E0.     Status: Writing 32 bytes at address 0x08018100.     Status: Writing 32 bytes at address 0x08018120.     Status: Writing 32 bytes at address 0x08018140.     Status: Writing 32 bytes at address 0x08018160.     Status: Writing 32 bytes at address 0x08018180.     Status: Writing 32 bytes at address 0x080181A0.     Status: Writing 32 bytes at address 0x080181C0.     Status: Writing 32 bytes at address 0x080181E0.     Status: Writing 32 bytes at address 0x08018200.     Status: Writing 32 bytes at address 0x08018220.     Status: Writing 32 bytes at address 0x08018240.     Status: Wr...
ing 32 bytes at address 0x080189C0.     Status: Writing 32 bytes at address 0x080189E0.     Status: Writing 32 bytes at address 0x08018A00.     Status: Writing 32 bytes at address 0x08018A20.     Status: Writing 32 bytes at address 0x08018A40.     Status: Writing 32 bytes at address 0x08018A60.     Status: Writing 32 bytes at address 0x08018A80.     Status: Writing 32 bytes at address 0x08018AA0.     Status: Writing 32 bytes at address 0x08018AC0.     Status: Writing 32 bytes at address 0x08018AE0.     Status: Writing 32 bytes at address 0x08018B00.     Status: Writing 32 bytes at address 0x08018B20.     Status: Writing 32 bytes at address 0x08018B40.     Status: Writing 32 bytes at address 0x08018B60.     Status: Writing 32 bytes at address 0x08018B80.     Status: Writing 32 bytes at address 0x08018BA0.     Status: Writing 32 bytes at address 0x08018BC0.     Status: Writing 32 bytes at address 0x08018BE0.     Status: Writing 32 bytes at address 0x08018C00.     Status: Writing 32 bytes at address 0x08018C20. ...
  Status: Writing 32 bytes at address 0x080193A0.     Status: Writing 32 bytes at address 0x080193C0.     Status: Writing 32 bytes at address 0x080193E0.     Status: Writing 32 bytes at address 0x08019400.     Status: Writing 32 bytes at address 0x08019420.     Status: Writing 32 bytes at address 0x08019440.     Status: Writing 32 bytes at address 0x08019460.     Status: Writing 32 bytes at address 0x08019480.     Status: Writing 32 bytes at address 0x080194A0.     Status: Writing 32 bytes at address 0x080194C0.     Status: Writing 32 bytes at address 0x080194E0.     Status: Writing 32 bytes at address 0x08019500.     Status: Writing 32 bytes at address 0x08019520.     Status: Writing 32 bytes at address 0x08019540.     Status: Writing 32 bytes at address 0x08019560.     Status: Writing 32 bytes at address 0x08019580.     Status: Writing 32 bytes at address 0x080195A0.     Status: Writing 32 bytes at address 0x080195C0.     Status: Writing 32 bytes at address 0x080195E0.     Status: Writing 32 bytes at addres...
0x08019D60.     Status: Writing 32 bytes at address 0x08019D80.     Status: Writing 32 bytes at address 0x08019DA0.     Status: Writing 32 bytes at address 0x08019DC0.     Status: Writing 32 bytes at address 0x08019DE0.     Status: Writing 32 bytes at address 0x08019E00.     Status: Writing 32 bytes at address 0x08019E20.     Status: Writing 32 bytes at address 0x08019E40.     Status: Writing 32 bytes at address 0x08019E60.     Status: Writing 32 bytes at address 0x08019E80.     Status: Writing 32 bytes at address 0x08019EA0.     Status: Writing 32 bytes at address 0x08019EC0.     Status: Writing 32 bytes at address 0x08019EE0.     Status: Writing 32 bytes at address 0x08019F00.     Status: Writing 32 bytes at address 0x08019F20.     Status: Writing 32 bytes at address 0x08019F40.     Status: Writing 32 bytes at address 0x08019F60.     Status: Writing 32 bytes at address 0x08019F80.     Status: Writing 32 bytes at address 0x08019FA0.     Status: Writing 32 bytes at address 0x08019FC0.     Status: Writing 32 b...
es at address 0x0801A740.     Status: Writing 32 bytes at address 0x0801A760.     Status: Writing 32 bytes at address 0x0801A780.     Status: Writing 32 bytes at address 0x0801A7A0.     Status: Writing 32 bytes at address 0x0801A7C0.     Status: Writing 32 bytes at address 0x0801A7E0.     Status: Writing 32 bytes at address 0x0801A800.     Status: Writing 32 bytes at address 0x0801A820.     Status: Writing 32 bytes at address 0x0801A840.     Status: Writing 32 bytes at address 0x0801A860.     Status: Writing 32 bytes at address 0x0801A880.     Status: Writing 32 bytes at address 0x0801A8A0.     Status: Writing 32 bytes at address 0x0801A8C0.     Status: Writing 32 bytes at address 0x0801A8E0.     Status: Writing 32 bytes at address 0x0801A900.     Status: Writing 32 bytes at address 0x0801A920.     Status: Writing 32 bytes at address 0x0801A940.     Status: Writing 32 bytes at address 0x0801A960.     Status: Writing 32 bytes at address 0x0801A980.     Status: Writing 32 bytes at address 0x0801A9A0.     Status...
Writing 32 bytes at address 0x0801B120.     Status: Writing 32 bytes at address 0x0801B140.     Status: Writing 32 bytes at address 0x0801B160.     Status: Writing 32 bytes at address 0x0801B180.     Status: Writing 32 bytes at address 0x0801B1A0.     Status: Writing 32 bytes at address 0x0801B1C0.     Status: Writing 32 bytes at address 0x0801B1E0.     Status: Writing 32 bytes at address 0x0801B200.     Status: Writing 32 bytes at address 0x0801B220.     Status: Writing 32 bytes at address 0x0801B240.     Status: Writing 32 bytes at address 0x0801B260.     Status: Writing 32 bytes at address 0x0801B280.     Status: Writing 32 bytes at address 0x0801B2A0.     Status: Writing 32 bytes at address 0x0801B2C0.     Status: Writing 32 bytes at address 0x0801B2E0.     Status: Writing 32 bytes at address 0x0801B300.     Status: Writing 32 bytes at address 0x0801B320.     Status: Writing 32 bytes at address 0x0801B340.     Status: Writing 32 bytes at address 0x0801B360.     Status: Writing 32 bytes at address 0x0801B3...
.     Status: Writing 32 bytes at address 0x0801BB00.     Status: Writing 32 bytes at address 0x0801BB20.     Status: Writing 32 bytes at address 0x0801BB40.     Status: Writing 32 bytes at address 0x0801BB60.     Status: Writing 32 bytes at address 0x0801BB80.     Status: Writing 32 bytes at address 0x0801BBA0.     Status: Writing 32 bytes at address 0x0801BBC0.     Status: Writing 32 bytes at address 0x0801BBE0.     Status: Writing 32 bytes at address 0x0801BC00.     Status: Writing 32 bytes at address 0x0801BC20.     Status: Writing 32 bytes at address 0x0801BC40.     Status: Writing 32 bytes at address 0x0801BC60.     Status: Writing 32 bytes at address 0x0801BC80.     Status: Writing 32 bytes at address 0x0801BCA0.     Status: Writing 32 bytes at address 0x0801BCC0.     Status: Writing 32 bytes at address 0x0801BCE0.     Status: Writing 32 bytes at address 0x0801BD00.     Status: Writing 32 bytes at address 0x0801BD20.     Status: Writing 32 bytes at address 0x0801BD40.     Status: Writing 32 bytes at ad...
ess 0x0801C4C0.     Status: Writing 32 bytes at address 0x0801C4E0.     Status: Writing 32 bytes at address 0x0801C500.     Status: Writing 32 bytes at address 0x0801C520.     Status: Writing 32 bytes at address 0x0801C540.     Status: Writing 32 bytes at address 0x0801C560.     Status: Writing 32 bytes at address 0x0801C580.     Status: Writing 32 bytes at address 0x0801C5A0.     Status: Writing 32 bytes at address 0x0801C5C0.     Status: Writing 32 bytes at address 0x0801C5E0.     Status: Writing 32 bytes at address 0x0801C600.     Status: Writing 32 bytes at address 0x0801C620.     Status: Writing 32 bytes at address 0x0801C640.     Status: Writing 32 bytes at address 0x0801C660.     Status: Writing 32 bytes at address 0x0801C680.     Status: Writing 32 bytes at address 0x0801C6A0.     Status: Writing 32 bytes at address 0x0801C6C0.     Status: Writing 32 bytes at address 0x0801C6E0.     Status: Writing 32 bytes at address 0x0801C700.     Status: Writing 32 bytes at address 0x0801C720.     Status: Writing ...
 bytes at address 0x0801CEA0.     Status: Writing 32 bytes at address 0x0801CEC0.     Status: Writing 32 bytes at address 0x0801CEE0.     Status: Writing 32 bytes at address 0x0801CF00.     Status: Writing 32 bytes at address 0x0801CF20.     Status: Writing 32 bytes at address 0x0801CF40.     Status: Writing 32 bytes at address 0x0801CF60.     Status: Writing 32 bytes at address 0x0801CF80.     Status: Writing 32 bytes at address 0x0801CFA0.     Status: Writing 32 bytes at address 0x0801CFC0.     Status: Writing 32 bytes at address 0x0801CFE0.     Status: Writing 32 bytes at address 0x0801D000.     Status: Writing 32 bytes at address 0x0801D020.     Status: Writing 32 bytes at address 0x0801D040.     Status: Writing 32 bytes at address 0x0801D060.     Status: Writing 32 bytes at address 0x0801D080.     Status: Writing 32 bytes at address 0x0801D0A0.     Status: Writing 32 bytes at address 0x0801D0C0.     Status: Writing 32 bytes at address 0x0801D0E0.     Status: Writing 32 bytes at address 0x0801D100.     St...
us: Writing 32 bytes at address 0x0801D880.     Status: Writing 32 bytes at address 0x0801D8A0.     Status: Writing 32 bytes at address 0x0801D8C0.     Status: Writing 32 bytes at address 0x0801D8E0.     Status: Writing 32 bytes at address 0x0801D900.     Status: Writing 32 bytes at address 0x0801D920.     Status: Writing 32 bytes at address 0x0801D940.     Status: Writing 32 bytes at address 0x0801D960.     Status: Writing 32 bytes at address 0x0801D980.     Status: Writing 32 bytes at address 0x0801D9A0.     Status: Writing 32 bytes at address 0x0801D9C0.     Status: Writing 32 bytes at address 0x0801D9E0.     Status: Writing 32 bytes at address 0x0801DA00.     Status: Writing 32 bytes at address 0x0801DA20.     Status: Writing 32 bytes at address 0x0801DA40.     Status: Writing 32 bytes at address 0x0801DA60.     Status: Writing 32 bytes at address 0x0801DA80.     Status: Writing 32 bytes at address 0x0801DAA0.     Status: Writing 32 bytes at address 0x0801DAC0.     Status: Writing 32 bytes at address 0x08...
E240.     Status: Writing 32 bytes at address 0x0801E260.     Status: Writing 32 bytes at address 0x0801E280.     Status: Writing 32 bytes at address 0x0801E2A0.     Status: Writing 32 bytes at address 0x0801E2C0.     Status: Writing 32 bytes at address 0x0801E2E0.     Status: Writing 32 bytes at address 0x0801E300.     Status: Writing 32 bytes at address 0x0801E320.     Status: Writing 32 bytes at address 0x0801E340.     Status: Writing 32 bytes at address 0x0801E360.     Status: Writing 32 bytes at address 0x0801E380.     Status: Writing 32 bytes at address 0x0801E3A0.     Status: Writing 32 bytes at address 0x0801E3C0.     Status: Writing 32 bytes at address 0x0801E3E0.     Status: Writing 32 bytes at address 0x0801E400.     Status: Writing 32 bytes at address 0x0801E420.     Status: Writing 32 bytes at address 0x0801E440.     Status: Writing 32 bytes at address 0x0801E460.     Status: Writing 32 bytes at address 0x0801E480.     Status: Writing 32 bytes at address 0x0801E4A0.     Status: Writing 32 bytes a...
address 0x0801EC20.     Status: Writing 32 bytes at address 0x0801EC40.     Status: Writing 32 bytes at address 0x0801EC60.     Status: Writing 32 bytes at address 0x0801EC80.     Status: Writing 32 bytes at address 0x0801ECA0.     Status: Writing 32 bytes at address 0x0801ECC0.     Status: Writing 32 bytes at address 0x0801ECE0.     Status: Writing 32 bytes at address 0x0801ED00.     Status: Writing 32 bytes at address 0x0801ED20.     Status: Writing 32 bytes at address 0x0801ED40.     Status: Writing 32 bytes at address 0x0801ED60.     Status: Writing 32 bytes at address 0x0801ED80.     Status: Writing 32 bytes at address 0x0801EDA0.     Status: Writing 32 bytes at address 0x0801EDC0.     Status: Writing 32 bytes at address 0x0801EDE0.     Status: Writing 32 bytes at address 0x0801EE00.     Status: Writing 32 bytes at address 0x0801EE20.     Status: Writing 32 bytes at address 0x0801EE40.     Status: Writing 32 bytes at address 0x0801EE60.     Status: Writing 32 bytes at address 0x0801EE80.     Status: Writ...
g 32 bytes at address 0x0801F600.     Status: Writing 32 bytes at address 0x0801F620.     Status: Writing 32 bytes at address 0x0801F640.     Status: Writing 32 bytes at address 0x0801F660.     Status: Writing 32 bytes at address 0x0801F680.     Status: Writing 32 bytes at address 0x0801F6A0.     Status: Writing 32 bytes at address 0x0801F6C0.     Status: Writing 32 bytes at address 0x0801F6E0.     Status: Writing 32 bytes at address 0x0801F700.     Status: Writing 32 bytes at address 0x0801F720.     Status: Writing 32 bytes at address 0x0801F740.     Status: Writing 32 bytes at address 0x0801F760.     Status: Writing 32 bytes at address 0x0801F780.     Status: Writing 32 bytes at address 0x0801F7A0.     Status: Writing 32 bytes at address 0x0801F7C0.     Status: Writing 32 bytes at address 0x0801F7E0.     Status: Writing 32 bytes at address 0x0801F800.     Status: Writing 32 bytes at address 0x0801F820.     Status: Writing 32 bytes at address 0x0801F840.     Status: Writing 32 bytes at address 0x0801F860.   ...
Status: Writing 32 bytes at address 0x0801FFE0.     
Status: Writing linear address record for 0x08020000.
Status: Writing 32 bytes at address 0x08020000.     Status: Writing 32 bytes at address 0x08020020.     Status: Writing 32 bytes at address 0x08020040.     Status: Writing 32 bytes at address 0x08020060.     Status: Writing 32 bytes at address 0x08020080.     Status: Writing 32 bytes at address 0x080200A0.     Status: Writing 32 bytes at address 0x080200C0.     Status: Writing 32 bytes at address 0x080200E0.     Status: Writing 32 bytes at address 0x08020100.     Status: Writing 32 bytes at address 0x08020120.     Status: Writing 32 bytes at address 0x08020140.     Status: Writing 32 bytes at address 0x08020160.     Status: Writing 32 bytes at address 0x08020180.     Status: Writing 32 bytes at address 0x080201A0.     Status: Writing 32 bytes at address 0x080201C0.     Status: Writing 32 bytes at address 0x080201E0.     Status: Writing 32 bytes at address 0x08020200.     Status: Writing 32 bytes at address 0x08020220.     Status: Writing 32 bytes at address 0x08020240.     Status: Writing 32 bytes at address ...
080209C0.     Status: Writing 32 bytes at address 0x080209E0.     Status: Writing 32 bytes at address 0x08020A00.     Status: Writing 32 bytes at address 0x08020A20.     Status: Writing 32 bytes at address 0x08020A40.     Status: Writing 32 bytes at address 0x08020A60.     Status: Writing 32 bytes at address 0x08020A80.     Status: Writing 32 bytes at address 0x08020AA0.     Status: Writing 32 bytes at address 0x08020AC0.     Status: Writing 32 bytes at address 0x08020AE0.     Status: Writing 32 bytes at address 0x08020B00.     Status: Writing 32 bytes at address 0x08020B20.     Status: Writing 32 bytes at address 0x08020B40.     Status: Writing 32 bytes at address 0x08020B60.     Status: Writing 32 bytes at address 0x08020B80.     Status: Writing 32 bytes at address 0x08020BA0.     Status: Writing 32 bytes at address 0x08020BC0.     Status: Writing 32 bytes at address 0x08020BE0.     Status: Writing 32 bytes at address 0x08020C00.     Status: Writing 32 bytes at address 0x08020C20.     Status: Writing 32 byt...
 at address 0x080213A0.     Status: Writing 32 bytes at address 0x080213C0.     Status: Writing 32 bytes at address 0x080213E0.     Status: Writing 32 bytes at address 0x08021400.     Status: Writing 32 bytes at address 0x08021420.     Status: Writing 32 bytes at address 0x08021440.     Status: Writing 32 bytes at address 0x08021460.     Status: Writing 32 bytes at address 0x08021480.     Status: Writing 32 bytes at address 0x080214A0.     Status: Writing 32 bytes at address 0x080214C0.     Status: Writing 32 bytes at address 0x080214E0.     Status: Writing 32 bytes at address 0x08021500.     Status: Writing 32 bytes at address 0x08021520.     Status: Writing 32 bytes at address 0x08021540.     Status: Writing 32 bytes at address 0x08021560.     Status: Writing 32 bytes at address 0x08021580.     Status: Writing 32 bytes at address 0x080215A0.     Status: Writing 32 bytes at address 0x080215C0.     Status: Writing 32 bytes at address 0x080215E0.     Status: Writing 32 bytes at address 0x08021600.     Status: ...
iting 32 bytes at address 0x08021D80.     Status: Writing 32 bytes at address 0x08021DA0.     Status: Writing 32 bytes at address 0x08021DC0.     Status: Writing 32 bytes at address 0x08021DE0.     Status: Writing 32 bytes at address 0x08021E00.     Status: Writing 32 bytes at address 0x08021E20.     Status: Writing 32 bytes at address 0x08021E40.     Status: Writing 32 bytes at address 0x08021E60.     Status: Writing 32 bytes at address 0x08021E80.     Status: Writing 32 bytes at address 0x08021EA0.     Status: Writing 32 bytes at address 0x08021EC0.     Status: Writing 32 bytes at address 0x08021EE0.     Status: Writing 32 bytes at address 0x08021F00.     Status: Writing 32 bytes at address 0x08021F20.     Status: Writing 32 bytes at address 0x08021F40.     Status: Writing 32 bytes at address 0x08021F60.     Status: Writing 32 bytes at address 0x08021F80.     Status: Writing 32 bytes at address 0x08021FA0.     Status: Writing 32 bytes at address 0x08021FC0.     Status: Writing 32 bytes at address 0x08021FE0...
    Status: Writing 32 bytes at address 0x08022760.     Status: Writing 32 bytes at address 0x08022780.     Status: Writing 32 bytes at address 0x080227A0.     Status: Writing 32 bytes at address 0x080227C0.     Status: Writing 32 bytes at address 0x080227E0.     Status: Writing 32 bytes at address 0x08022800.     Status: Writing 32 bytes at address 0x08022820.     Status: Writing 32 bytes at address 0x08022840.     Status: Writing 32 bytes at address 0x08022860.     Status: Writing 32 bytes at address 0x08022880.     Status: Writing 32 bytes at address 0x080228A0.     Status: Writing 32 bytes at address 0x080228C0.     Status: Writing 32 bytes at address 0x080228E0.     Status: Writing 32 bytes at address 0x08022900.     Status: Writing 32 bytes at address 0x08022920.     Status: Writing 32 bytes at address 0x08022940.     Status: Writing 32 bytes at address 0x08022960.     Status: Writing 32 bytes at address 0x08022980.     Status: Writing 32 bytes at address 0x080229A0.     Status: Writing 32 bytes at addr...
s 0x08023120.     Status: Writing 32 bytes at address 0x08023140.     Status: Writing 32 bytes at address 0x08023160.     Status: Writing 32 bytes at address 0x08023180.     Status: Writing 32 bytes at address 0x080231A0.     Status: Writing 32 bytes at address 0x080231C0.     Status: Writing 32 bytes at address 0x080231E0.     Status: Writing 32 bytes at address 0x08023200.     Status: Writing 32 bytes at address 0x08023220.     Status: Writing 32 bytes at address 0x08023240.     Status: Writing 32 bytes at address 0x08023260.     Status: Writing 32 bytes at address 0x08023280.     Status: Writing 32 bytes at address 0x080232A0.     Status: Writing 32 bytes at address 0x080232C0.     Status: Writing 32 bytes at address 0x080232E0.     Status: Writing 32 bytes at address 0x08023300.     Status: Writing 32 bytes at address 0x08023320.     Status: Writing 32 bytes at address 0x08023340.     Status: Writing 32 bytes at address 0x08023360.     Status: Writing 32 bytes at address 0x08023380.     Status: Writing 32...
ytes at address 0x08023B00.     Status: Writing 32 bytes at address 0x08023B20.     Status: Writing 32 bytes at address 0x08023B40.     Status: Writing 32 bytes at address 0x08023B60.     Status: Writing 32 bytes at address 0x08023B80.     Status: Writing 32 bytes at address 0x08023BA0.     Status: Writing 32 bytes at address 0x08023BC0.     Status: Writing 32 bytes at address 0x08023BE0.     Status: Writing 32 bytes at address 0x08023C00.     Status: Writing 32 bytes at address 0x08023C20.     Status: Writing 32 bytes at address 0x08023C40.     Status: Writing 32 bytes at address 0x08023C60.     Status: Writing 32 bytes at address 0x08023C80.     Status: Writing 32 bytes at address 0x08023CA0.     Status: Writing 32 bytes at address 0x08023CC0.     Status: Writing 32 bytes at address 0x08023CE0.     Status: Writing 32 bytes at address 0x08023D00.     Status: Writing 32 bytes at address 0x08023D20.     Status: Writing 32 bytes at address 0x08023D40.     Status: Writing 32 bytes at address 0x08023D60.     Stat...
: Writing 32 bytes at address 0x080244E0.     Status: Writing 32 bytes at address 0x08024500.     Status: Writing 32 bytes at address 0x08024520.     Status: Writing 32 bytes at address 0x08024540.     Status: Writing 32 bytes at address 0x08024560.     Status: Writing 32 bytes at address 0x08024580.     Status: Writing 32 bytes at address 0x080245A0.     Status: Writing 32 bytes at address 0x080245C0.     Status: Writing 32 bytes at address 0x080245E0.     Status: Writing 32 bytes at address 0x08024600.     Status: Writing 32 bytes at address 0x08024620.     Status: Writing 32 bytes at address 0x08024640.     Status: Writing 32 bytes at address 0x08024660.     Status: Writing 32 bytes at address 0x08024680.     Status: Writing 32 bytes at address 0x080246A0.     Status: Writing 32 bytes at address 0x080246C0.     Status: Writing 32 bytes at address 0x080246E0.     Status: Writing 32 bytes at address 0x08024700.     Status: Writing 32 bytes at address 0x08024720.     Status: Writing 32 bytes at address 0x0802...
A0.     Status: Writing 32 bytes at address 0x08024EC0.     Status: Writing 32 bytes at address 0x08024EE0.     Status: Writing 32 bytes at address 0x08024F00.     Status: Writing 32 bytes at address 0x08024F20.     Status: Writing 32 bytes at address 0x08024F40.     Status: Writing 32 bytes at address 0x08024F60.     Status: Writing 32 bytes at address 0x08024F80.     Status: Writing 32 bytes at address 0x08024FA0.     Status: Writing 32 bytes at address 0x08024FC0.     Status: Writing 32 bytes at address 0x08024FE0.     Status: Writing 32 bytes at address 0x08025000.     Status: Writing 32 bytes at address 0x08025020.     Status: Writing 32 bytes at address 0x08025040.     Status: Writing 32 bytes at address 0x08025060.     Status: Writing 32 bytes at address 0x08025080.     Status: Writing 32 bytes at address 0x080250A0.     Status: Writing 32 bytes at address 0x080250C0.     Status: Writing 32 bytes at address 0x080250E0.     Status: Writing 32 bytes at address 0x08025100.     Status: Writing 32 bytes at ...
dress 0x08025880.     Status: Writing 32 bytes at address 0x080258A0.     Status: Writing 32 bytes at address 0x080258C0.     Status: Writing 32 bytes at address 0x080258E0.     Status: Writing 32 bytes at address 0x08025900.     Status: Writing 32 bytes at address 0x08025920.     Status: Writing 32 bytes at address 0x08025940.     Status: Writing 32 bytes at address 0x08025960.     Status: Writing 32 bytes at address 0x08025980.     Status: Writing 32 bytes at address 0x080259A0.     Status: Writing 32 bytes at address 0x080259C0.     Status: Writing 32 bytes at address 0x080259E0.     Status: Writing 32 bytes at address 0x08025A00.     Status: Writing 32 bytes at address 0x08025A20.     Status: Writing 32 bytes at address 0x08025A40.     Status: Writing 32 bytes at address 0x08025A60.     Status: Writing 32 bytes at address 0x08025A80.     Status: Writing 32 bytes at address 0x08025AA0.     Status: Writing 32 bytes at address 0x08025AC0.     Status: Writing 32 bytes at address 0x08025AE0.     Status: Writin...
32 bytes at address 0x08026260.     Status: Writing 32 bytes at address 0x08026280.     Status: Writing 32 bytes at address 0x080262A0.     Status: Writing 32 bytes at address 0x080262C0.     Status: Writing 32 bytes at address 0x080262E0.     Status: Writing 32 bytes at address 0x08026300.     Status: Writing 32 bytes at address 0x08026320.     Status: Writing 32 bytes at address 0x08026340.     Status: Writing 32 bytes at address 0x08026360.     Status: Writing 32 bytes at address 0x08026380.     Status: Writing 32 bytes at address 0x080263A0.     Status: Writing 32 bytes at address 0x080263C0.     Status: Writing 32 bytes at address 0x080263E0.     Status: Writing 32 bytes at address 0x08026400.     Status: Writing 32 bytes at address 0x08026420.     Status: Writing 32 bytes at address 0x08026440.     Status: Writing 32 bytes at address 0x08026460.     Status: Writing 32 bytes at address 0x08026480.     Status: Writing 32 bytes at address 0x080264A0.     Status: Writing 32 bytes at address 0x080264C0.     ...
atus: Writing 32 bytes at address 0x08026C40.     Status: Writing 32 bytes at address 0x08026C60.     Status: Writing 32 bytes at address 0x08026C80.     Status: Writing 32 bytes at address 0x08026CA0.     Status: Writing 32 bytes at address 0x08026CC0.     Status: Writing 32 bytes at address 0x08026CE0.     Status: Writing 32 bytes at address 0x08026D00.     Status: Writing 32 bytes at address 0x08026D20.     Status: Writing 32 bytes at address 0x08026D40.     Status: Writing 32 bytes at address 0x08026D60.     Status: Writing 32 bytes at address 0x08026D80.     Status: Writing 32 bytes at address 0x08026DA0.     Status: Writing 32 bytes at address 0x08026DC0.     Status: Writing 32 bytes at address 0x08026DE0.     Status: Writing 32 bytes at address 0x08026E00.     Status: Writing 32 bytes at address 0x08026E20.     Status: Writing 32 bytes at address 0x08026E40.     Status: Writing 32 bytes at address 0x08026E60.     Status: Writing 32 bytes at address 0x08026E80.     Status: Writing 32 bytes at address 0x...
027600.     Status: Writing 32 bytes at address 0x08027620.     Status: Writing 32 bytes at address 0x08027640.     Status: Writing 32 bytes at address 0x08027660.     Status: Writing 32 bytes at address 0x08027680.     Status: Writing 32 bytes at address 0x080276A0.     Status: Writing 32 bytes at address 0x080276C0.     Status: Writing 32 bytes at address 0x080276E0.     Status: Writing 32 bytes at address 0x08027700.     Status: Writing 32 bytes at address 0x08027720.     Status: Writing 32 bytes at address 0x08027740.     Status: Writing 32 bytes at address 0x08027760.     Status: Writing 32 bytes at address 0x08027780.     Status: Writing 32 bytes at address 0x080277A0.     Status: Writing 32 bytes at address 0x080277C0.     Status: Writing 32 bytes at address 0x080277E0.     Status: Writing 32 bytes at address 0x08027800.     Status: Writing 32 bytes at address 0x08027820.     Status: Writing 32 bytes at address 0x08027840.     Status: Writing 32 bytes at address 0x08027860.     Status: Writing 32 bytes...
t address 0x08027FE0.     Status: Writing 32 bytes at address 0x08028000.     Status: Writing 32 bytes at address 0x08028020.     Status: Writing 32 bytes at address 0x08028040.     Status: Writing 32 bytes at address 0x08028060.     Status: Writing 32 bytes at address 0x08028080.     Status: Writing 32 bytes at address 0x080280A0.     Status: Writing 32 bytes at address 0x080280C0.     Status: Writing 32 bytes at address 0x080280E0.     Status: Writing 32 bytes at address 0x08028100.     Status: Writing 32 bytes at address 0x08028120.     Status: Writing 32 bytes at address 0x08028140.     Status: Writing 32 bytes at address 0x08028160.     Status: Writing 32 bytes at address 0x08028180.     Status: Writing 32 bytes at address 0x080281A0.     Status: Writing 32 bytes at address 0x080281C0.     Status: Writing 32 bytes at address 0x080281E0.     Status: Writing 32 bytes at address 0x08028200.     Status: Writing 32 bytes at address 0x08028220.     Status: Writing 32 bytes at address 0x08028240.     Status: Wr...
ing 32 bytes at address 0x080289C0.     Status: Writing 32 bytes at address 0x080289E0.     Status: Writing 32 bytes at address 0x08028A00.     Status: Writing 32 bytes at address 0x08028A20.     Status: Writing 32 bytes at address 0x08028A40.     Status: Writing 32 bytes at address 0x08028A60.     Status: Writing 32 bytes at address 0x08028A80.     Status: Writing 32 bytes at address 0x08028AA0.     Status: Writing 32 bytes at address 0x08028AC0.     Status: Writing 32 bytes at address 0x08028AE0.     Status: Writing 32 bytes at address 0x08028B00.     Status: Writing 32 bytes at address 0x08028B20.     Status: Writing 32 bytes at address 0x08028B40.     Status: Writing 32 bytes at address 0x08028B60.     Status: Writing 32 bytes at address 0x08028B80.     Status: Writing 32 bytes at address 0x08028BA0.     Status: Writing 32 bytes at address 0x08028BC0.     Status: Writing 32 bytes at address 0x08028BE0.     Status: Writing 32 bytes at address 0x08028C00.     Status: Writing 32 bytes at address 0x08028C20. ...
  Status: Writing 32 bytes at address 0x080293A0.     Status: Writing 32 bytes at address 0x080293C0.     Status: Writing 32 bytes at address 0x080293E0.     Status: Writing 32 bytes at address 0x08029400.     Status: Writing 32 bytes at address 0x08029420.     Status: Writing 32 bytes at address 0x08029440.     Status: Writing 32 bytes at address 0x08029460.     Status: Writing 32 bytes at address 0x08029480.     Status: Writing 32 bytes at address 0x080294A0.     Status: Writing 32 bytes at address 0x080294C0.     Status: Writing 32 bytes at address 0x080294E0.     Status: Writing 32 bytes at address 0x08029500.     Status: Writing 32 bytes at address 0x08029520.     Status: Writing 32 bytes at address 0x08029540.     Status: Writing 32 bytes at address 0x08029560.     Status: Writing 32 bytes at address 0x08029580.     Status: Writing 32 bytes at address 0x080295A0.     Status: Writing 32 bytes at address 0x080295C0.     Status: Writing 32 bytes at address 0x080295E0.     Status: Writing 32 bytes at addres...
0x08029D60.     Status: Writing 32 bytes at address 0x08029D80.     Status: Writing 32 bytes at address 0x08029DA0.     Status: Writing 32 bytes at address 0x08029DC0.     Status: Writing 32 bytes at address 0x08029DE0.     Status: Writing 32 bytes at address 0x08029E00.     Status: Writing 32 bytes at address 0x08029E20.     Status: Writing 32 bytes at address 0x08029E40.     Status: Writing 32 bytes at address 0x08029E60.     Status: Writing 32 bytes at address 0x08029E80.     Status: Writing 32 bytes at address 0x08029EA0.     Status: Writing 32 bytes at address 0x08029EC0.     Status: Writing 32 bytes at address 0x08029EE0.     Status: Writing 32 bytes at address 0x08029F00.     Status: Writing 32 bytes at address 0x08029F20.     Status: Writing 32 bytes at address 0x08029F40.     Status: Writing 32 bytes at address 0x08029F60.     Status: Writing 32 bytes at address 0x08029F80.     Status: Writing 32 bytes at address 0x08029FA0.     Status: Writing 32 bytes at address 0x08029FC0.     Status: Writing 32 b...
es at address 0x0802A740.     Status: Writing 32 bytes at address 0x0802A760.     Status: Writing 32 bytes at address 0x0802A780.     Status: Writing 32 bytes at address 0x0802A7A0.     Status: Writing 32 bytes at address 0x0802A7C0.     Status: Writing 32 bytes at address 0x0802A7E0.     Status: Writing 32 bytes at address 0x0802A800.     Status: Writing 32 bytes at address 0x0802A820.     Status: Writing 32 bytes at address 0x0802A840.     Status: Writing 32 bytes at address 0x0802A860.     Status: Writing 32 bytes at address 0x0802A880.     Status: Writing 32 bytes at address 0x0802A8A0.     Status: Writing 32 bytes at address 0x0802A8C0.     Status: Writing 32 bytes at address 0x0802A8E0.     Status: Writing 32 bytes at address 0x0802A900.     Status: Writing 32 bytes at address 0x0802A920.     Status: Writing 32 bytes at address 0x0802A940.     Status: Writing 32 bytes at address 0x0802A960.     Status: Writing 32 bytes at address 0x0802A980.     Status: Writing 32 bytes at address 0x0802A9A0.     Status...
Writing 32 bytes at address 0x0802B120.     Status: Writing 32 bytes at address 0x0802B140.     Status: Writing 32 bytes at address 0x0802B160.     Status: Writing 32 bytes at address 0x0802B180.     Status: Writing 32 bytes at address 0x0802B1A0.     Status: Writing 32 bytes at address 0x0802B1C0.     Status: Writing 32 bytes at address 0x0802B1E0.     Status: Writing 32 bytes at address 0x0802B200.     Status: Writing 32 bytes at address 0x0802B220.     Status: Writing 32 bytes at address 0x0802B240.     Status: Writing 32 bytes at address 0x0802B260.     Status: Writing 32 bytes at address 0x0802B280.     Status: Writing 32 bytes at address 0x0802B2A0.     Status: Writing 32 bytes at address 0x0802B2C0.     Status: Writing 32 bytes at address 0x0802B2E0.     Status: Writing 32 bytes at address 0x0802B300.     Status: Writing 32 bytes at address 0x0802B320.     Status: Writing 32 bytes at address 0x0802B340.     Status: Writing 32 bytes at address 0x0802B360.     Status: Writing 32 bytes at address 0x0802B3...
.     Status: Writing 32 bytes at address 0x0802BB00.     Status: Writing 32 bytes at address 0x0802BB20.     Status: Writing 32 bytes at address 0x0802BB40.     Status: Writing 32 bytes at address 0x0802BB60.     Status: Writing 32 bytes at address 0x0802BB80.     Status: Writing 32 bytes at address 0x0802BBA0.     Status: Writing 32 bytes at address 0x0802BBC0.     Status: Writing 32 bytes at address 0x0802BBE0.     Status: Writing 32 bytes at address 0x0802BC00.     Status: Writing 32 bytes at address 0x0802BC20.     Status: Writing 32 bytes at address 0x0802BC40.     Status: Writing 32 bytes at address 0x0802BC60.     Status: Writing 32 bytes at address 0x0802BC80.     Status: Writing 32 bytes at address 0x0802BCA0.     Status: Writing 32 bytes at address 0x0802BCC0.     Status: Writing 32 bytes at address 0x0802BCE0.     Status: Writing 32 bytes at address 0x0802BD00.     Status: Writing 32 bytes at address 0x0802BD20.     Status: Writing 32 bytes at address 0x0802BD40.     Status: Writing 32 bytes at ad...
ess 0x0802C4C0.     Status: Writing 32 bytes at address 0x0802C4E0.     Status: Writing 32 bytes at address 0x0802C500.     Status: Writing 32 bytes at address 0x0802C520.     Status: Writing 32 bytes at address 0x0802C540.     Status: Writing 32 bytes at address 0x0802C560.     Status: Writing 32 bytes at address 0x0802C580.     Status: Writing 32 bytes at address 0x0802C5A0.     Status: Writing 32 bytes at address 0x0802C5C0.     Status: Writing 32 bytes at address 0x0802C5E0.     Status: Writing 32 bytes at address 0x0802C600.     Status: Writing 32 bytes at address 0x0802C620.     Status: Writing 32 bytes at address 0x0802C640.     Status: Writing 32 bytes at address 0x0802C660.     Status: Writing 32 bytes at address 0x0802C680.     Status: Writing 32 bytes at address 0x0802C6A0.     Status: Writing 32 bytes at address 0x0802C6C0.     Status: Writing 32 bytes at address 0x0802C6E0.     Status: Writing 32 bytes at address 0x0802C700.     Status: Writing 32 bytes at address 0x0802C720.     Status: Writing ...
 bytes at address 0x0802CEA0.     Status: Writing 32 bytes at address 0x0802CEC0.     Status: Writing 32 bytes at address 0x0802CEE0.     Status: Writing 32 bytes at address 0x0802CF00.     Status: Writing 32 bytes at address 0x0802CF20.     Status: Writing 32 bytes at address 0x0802CF40.     Status: Writing 32 bytes at address 0x0802CF60.     Status: Writing 32 bytes at address 0x0802CF80.     Status: Writing 32 bytes at address 0x0802CFA0.     Status: Writing 32 bytes at address 0x0802CFC0.     Status: Writing 32 bytes at address 0x0802CFE0.     Status: Writing 32 bytes at address 0x0802D000.     Status: Writing 32 bytes at address 0x0802D020.     Status: Writing 32 bytes at address 0x0802D040.     Status: Writing 32 bytes at address 0x0802D060.     Status: Writing 32 bytes at address 0x0802D080.     Status: Writing 32 bytes at address 0x0802D0A0.     Status: Writing 32 bytes at address 0x0802D0C0.     Status: Writing 32 bytes at address 0x0802D0E0.     Status: Writing 32 bytes at address 0x0802D100.     St...
us: Writing 32 bytes at address 0x0802D880.     Status: Writing 32 bytes at address 0x0802D8A0.     Status: Writing 32 bytes at address 0x0802D8C0.     Status: Writing 32 bytes at address 0x0802D8E0.     Status: Writing 32 bytes at address 0x0802D900.     Status: Writing 32 bytes at address 0x0802D920.     Status: Writing 32 bytes at address 0x0802D940.     Status: Writing 32 bytes at address 0x0802D960.     Status: Writing 32 bytes at address 0x0802D980.     Status: Writing 32 bytes at address 0x0802D9A0.     Status: Writing 32 bytes at address 0x0802D9C0.     Status: Writing 32 bytes at address 0x0802D9E0.     Status: Writing 32 bytes at address 0x0802DA00.     Status: Writing 32 bytes at address 0x0802DA20.     Status: Writing 32 bytes at address 0x0802DA40.     Status: Writing 32 bytes at address 0x0802DA60.     Status: Writing 32 bytes at address 0x0802DA80.     Status: Writing 32 bytes at address 0x0802DAA0.     Status: Writing 32 bytes at address 0x0802DAC0.     Status: Writing 32 bytes at address 0x08...
E240.     Status: Writing 32 bytes at address 0x0802E260.     Status: Writing 32 bytes at address 0x0802E280.     Status: Writing 32 bytes at address 0x0802E2A0.     Status: Writing 32 bytes at address 0x0802E2C0.     Status: Writing 32 bytes at address 0x0802E2E0.     Status: Writing 32 bytes at address 0x0802E300.     Status: Writing 32 bytes at address 0x0802E320.     Status: Writing 32 bytes at address 0x0802E340.     Status: Writing 32 bytes at address 0x0802E360.     Status: Writing 32 bytes at address 0x0802E380.     Status: Writing 32 bytes at address 0x0802E3A0.     Status: Writing 32 bytes at address 0x0802E3C0.     Status: Writing 32 bytes at address 0x0802E3E0.     Status: Writing 32 bytes at address 0x0802E400.     Status: Writing 32 bytes at address 0x0802E420.     Status: Writing 32 bytes at address 0x0802E440.     Status: Writing 32 bytes at address 0x0802E460.     Status: Writing 32 bytes at address 0x0802E480.     Status: Writing 32 bytes at address 0x0802E4A0.     Status: Writing 32 bytes a...
address 0x0802EC20.     Status: Writing 32 bytes at address 0x0802EC40.     Status: Writing 32 bytes at address 0x0802EC60.     Status: Writing 32 bytes at address 0x0802EC80.     Status: Writing 32 bytes at address 0x0802ECA0.     Status: Writing 32 bytes at address 0x0802ECC0.     Status: Writing 32 bytes at address 0x0802ECE0.     Status: Writing 32 bytes at address 0x0802ED00.     Status: Writing 32 bytes at address 0x0802ED20.     Status: Writing 32 bytes at address 0x0802ED40.     Status: Writing 32 bytes at address 0x0802ED60.     Status: Writing 32 bytes at address 0x0802ED80.     Status: Writing 32 bytes at address 0x0802EDA0.     Status: Writing 32 bytes at address 0x0802EDC0.     Status: Writing 32 bytes at address 0x0802EDE0.     Status: Writing 32 bytes at address 0x0802EE00.     Status: Writing 32 bytes at address 0x0802EE20.     Status: Writing 32 bytes at address 0x0802EE40.     Status: Writing 32 bytes at address 0x0802EE60.     Status: Writing 32 bytes at address 0x0802EE80.     Status: Writ...
g 32 bytes at address 0x0802F600.     Status: Writing 32 bytes at address 0x0802F620.     Status: Writing 32 bytes at address 0x0802F640.     Status: Writing 32 bytes at address 0x0802F660.     Status: Writing 32 bytes at address 0x0802F680.     Status: Writing 32 bytes at address 0x0802F6A0.     Status: Writing 32 bytes at address 0x0802F6C0.     Status: Writing 32 bytes at address 0x0802F6E0.     Status: Writing 32 bytes at address 0x0802F700.     Status: Writing 32 bytes at address 0x0802F720.     Status: Writing 32 bytes at address 0x0802F740.     Status: Writing 32 bytes at address 0x0802F760.     Status: Writing 32 bytes at address 0x0802F780.     Status: Writing 32 bytes at address 0x0802F7A0.     Status: Writing 32 bytes at address 0x0802F7C0.     Status: Writing 32 bytes at address 0x0802F7E0.     Status: Writing 32 bytes at address 0x0802F800.     Status: Writing 32 bytes at address 0x0802F820.     Status: Writing 32 bytes at address 0x0802F840.     Status: Writing 32 bytes at address 0x0802F860.   ...
Status: Writing 32 bytes at address 0x0802FFE0.     
Status: Writing linear address record for 0x08030000.
Status: Writing 32 bytes at address 0x08030000.     Status: Writing 32 bytes at address 0x08030020.     Status: Writing 32 bytes at address 0x08030040.     Status: Writing 32 bytes at address 0x08030060.     Status: Writing 32 bytes at address 0x08030080.     Status: Writing 32 bytes at address 0x080300A0.     Status: Writing 32 bytes at address 0x080300C0.     Status: Writing 32 bytes at address 0x080300E0.     Status: Writing 32 bytes at address 0x08030100.     Status: Writing 32 bytes at address 0x08030120.     Status: Writing 32 bytes at address 0x08030140.     Status: Writing 32 bytes at address 0x08030160.     Status: Writing 32 bytes at address 0x08030180.     Status: Writing 32 bytes at address 0x080301A0.     Status: Writing 32 bytes at address 0x080301C0.     Status: Writing 32 bytes at address 0x080301E0.     Status: Writing 32 bytes at address 0x08030200.     Status: Writing 32 bytes at address 0x08030220.     Status: Writing 32 bytes at address 0x08030240.     Status: Writing 32 bytes at address ...
080309C0.     Status: Writing 32 bytes at address 0x080309E0.     Status: Writing 32 bytes at address 0x08030A00.     Status: Writing 32 bytes at address 0x08030A20.     Status: Writing 32 bytes at address 0x08030A40.     Status: Writing 32 bytes at address 0x08030A60.     Status: Writing 32 bytes at address 0x08030A80.     Status: Writing 32 bytes at address 0x08030AA0.     Status: Writing 32 bytes at address 0x08030AC0.     Status: Writing 32 bytes at address 0x08030AE0.     Status: Writing 32 bytes at address 0x08030B00.     Status: Writing 32 bytes at address 0x08030B20.     Status: Writing 32 bytes at address 0x08030B40.     Status: Writing 32 bytes at address 0x08030B60.     Status: Writing 32 bytes at address 0x08030B80.     Status: Writing 32 bytes at address 0x08030BA0.     Status: Writing 32 bytes at address 0x08030BC0.     Status: Writing 32 bytes at address 0x08030BE0.     Status: Writing 32 bytes at address 0x08030C00.     Status: Writing 32 bytes at address 0x08030C20.     Status: Writing 32 byt...
Status: Writing EOF record.
Status: BIN to HEX conversion was successful.
"..\Output\32_BIT.axf" - 0 Error(s), 0 Warning(s).

<h2>Collection of Component include folders:</h2>
  E:\项目程序\中兴MG2639模块适配新底层\ZD_32Project新底层江苏协议调试12.04\32位平台\USER\RTE
  C:\Keil_v5\ARM\PACK\Keil\STM32F1xx_DFP\2.2.0\Device\Include

<h2>Collection of Component Files used:</h2>
Build Time Elapsed:  00:00:10
</pre>
</body>
</html>
